Component: ARM Compiler 5.06 (build 20) Tool: armlink [4d35a3]

==============================================================================

Section Cross References

    main.o(.text) refers to rt_memcpy_w.o(.text) for __aeabi_memcpy4
    main.o(.text) refers to delay.o(.text) for delay_init
    main.o(.text) refers to usart.o(.text) for uart_init
    main.o(.text) refers to lcd.o(.text) for LCD_Init
    main.o(.text) refers to adc.o(.text) for adc_Init
    main.o(.text) refers to led.o(.text) for LED_Init
    main.o(.text) refers to key.o(.text) for KEY_Init
    main.o(.text) refers to fflt_clz.o(x$fpl$ffltu) for __aeabi_ui2f
    main.o(.text) refers to frleqf.o(x$fpl$frleqf) for __aeabi_cfrcmple
    main.o(.text) refers to main.o(.bss) for temp_2
    main.o(.text) refers to main.o(.constdata) for .constdata
    main.o(.text) refers to lcd.o(.data) for POINT_COLOR
    main.o(.text) refers to fdiv.o(x$fpl$fdiv) for __aeabi_fdiv
    main.o(.text) refers to ffixu.o(x$fpl$ffixu) for __aeabi_f2uiz
    main.o(.text) refers to cr4_fft_256_stm32.o(.text) for cr4_fft_256_stm32
    main.o(.text) refers to fft.o(.text) for GetPowerMag
    main.o(.text) refers to fft.o(.bss) for lBufOutArray
    system_stm32f10x.o(.text) refers to system_stm32f10x.o(.data) for SystemCoreClock
    fft.o(.text) refers to fflt_clz.o(x$fpl$fflt) for __aeabi_i2f
    fft.o(.text) refers to fmul.o(x$fpl$fmul) for __aeabi_fmul
    fft.o(.text) refers to fdiv.o(x$fpl$fdiv) for __aeabi_fdiv
    fft.o(.text) refers to faddsub_clz.o(x$fpl$fadd) for __aeabi_fadd
    fft.o(.text) refers to f2d.o(x$fpl$f2d) for __aeabi_f2d
    fft.o(.text) refers to sqrt.o(i.sqrt) for sqrt
    fft.o(.text) refers to ddiv.o(x$fpl$ddiv) for __aeabi_ddiv
    fft.o(.text) refers to d2f.o(x$fpl$d2f) for __aeabi_d2f
    fft.o(.text) refers to ffixu.o(x$fpl$ffixu) for __aeabi_f2uiz
    fft.o(.text) refers to fft.o(.bss) for lBufOutArray
    led.o(.text) refers to stm32f10x_rcc.o(.text) for RCC_APB2PeriphClockCmd
    led.o(.text) refers to stm32f10x_gpio.o(.text) for GPIO_Init
    lcd.o(.text) refers to _printf_percent.o(.ARM.Collect$$_printf_percent$$00000000) for _printf_percent
    lcd.o(.text) refers to _printf_x.o(.ARM.Collect$$_printf_percent$$0000000C) for _printf_x
    lcd.o(.text) refers to _printf_hex_int.o(.text) for _printf_longlong_hex
    lcd.o(.text) refers to stm32f10x_gpio.o(.text) for GPIO_Write
    lcd.o(.text) refers to delay.o(.text) for delay_us
    lcd.o(.text) refers to lcd.o(.bss) for lcddev
    lcd.o(.text) refers to dflt_clz.o(x$fpl$dfltu) for __aeabi_ui2d
    lcd.o(.text) refers to dmul.o(x$fpl$dmul) for __aeabi_dmul
    lcd.o(.text) refers to dfixu.o(x$fpl$dfixu) for __aeabi_d2uiz
    lcd.o(.text) refers to lcd.o(.data) for POINT_COLOR
    lcd.o(.text) refers to stm32f10x_rcc.o(.text) for RCC_APB2PeriphClockCmd
    lcd.o(.text) refers to noretval__2printf.o(.text) for __2printf
    lcd.o(.text) refers to lcd.o(.constdata) for asc2_1206
    adc.o(.text) refers to stm32f10x_rcc.o(.text) for RCC_APB2PeriphClockCmd
    adc.o(.text) refers to stm32f10x_gpio.o(.text) for GPIO_Init
    adc.o(.text) refers to stm32f10x_adc.o(.text) for ADC_DeInit
    adc.o(.text) refers to delay.o(.text) for delay_ms
    dac.o(.text) refers to stm32f10x_rcc.o(.text) for RCC_APB2PeriphClockCmd
    dac.o(.text) refers to stm32f10x_gpio.o(.text) for GPIO_Init
    dac.o(.text) refers to stm32f10x_dac.o(.text) for DAC_Init
    dac.o(.text) refers to fflt_clz.o(x$fpl$ffltu) for __aeabi_ui2f
    dac.o(.text) refers to fdiv.o(x$fpl$fdiv) for __aeabi_fdiv
    dac.o(.text) refers to fmul.o(x$fpl$fmul) for __aeabi_fmul
    dac.o(.text) refers to f2d.o(x$fpl$f2d) for __aeabi_f2d
    dac.o(.text) refers to ddiv.o(x$fpl$ddiv) for __aeabi_ddiv
    dac.o(.text) refers to d2f.o(x$fpl$d2f) for __aeabi_d2f
    dac.o(.text) refers to ffixu.o(x$fpl$ffixu) for __aeabi_f2uiz
    key.o(.text) refers to stm32f10x_rcc.o(.text) for RCC_APB2PeriphClockCmd
    key.o(.text) refers to stm32f10x_gpio.o(.text) for GPIO_PinRemapConfig
    key.o(.text) refers to delay.o(.text) for delay_ms
    key.o(.text) refers to key.o(.data) for key_up
    delay.o(.text) refers to misc.o(.text) for SysTick_CLKSourceConfig
    delay.o(.text) refers to system_stm32f10x.o(.data) for SystemCoreClock
    delay.o(.text) refers to delay.o(.data) for fac_us
    usart.o(.text) refers (Special) to use_no_semi_2.o(.text) for __use_no_semihosting
    usart.o(.text) refers to stm32f10x_rcc.o(.text) for RCC_APB2PeriphClockCmd
    usart.o(.text) refers to stm32f10x_gpio.o(.text) for GPIO_Init
    usart.o(.text) refers to misc.o(.text) for NVIC_Init
    usart.o(.text) refers to stm32f10x_usart.o(.text) for USART_Init
    usart.o(.text) refers to usart.o(.data) for USART_RX_STA
    usart.o(.text) refers to usart.o(.bss) for USART_RX_BUF
    usart.o(.bss) refers (Special) to use_no_semi_2.o(.text) for __use_no_semihosting
    usart.o(.data) refers (Special) to use_no_semi_2.o(.text) for __use_no_semihosting
[...]
    rtexit2.o(.ARM.exidx) refers to rtexit2.o(.ARM.Collect$$rtexit$$00000001) for .ARM.Collect$$rtexit$$00000001
    rtexit2.o(.ARM.exidx) refers to rtexit2.o(.ARM.Collect$$rtexit$$00000003) for .ARM.Collect$$rtexit$$00000003
    rtexit2.o(.ARM.exidx) refers to rtexit2.o(.ARM.Collect$$rtexit$$00000004) for .ARM.Collect$$rtexit$$00000004
    argv_veneer.o(.emb_text) refers to no_argv.o(.text) for __ARM_get_argv
    _get_argv_nomalloc.o(.text) refers (Special) to hrguard.o(.text) for __heap_region$guard
    _get_argv_nomalloc.o(.text) refers to defsig_rtmem_outer.o(.text) for __rt_SIGRTMEM
    _get_argv_nomalloc.o(.text) refers to sys_command.o(.text) for _sys_command_string
    libshutdown.o(.ARM.Collect$$libshutdown$$00000000) refers (Special) to libshutdown2.o(.ARM.Collect$$libshutdown$$00000002) for __rt_lib_shutdown_cpp_1
    libshutdown.o(.ARM.Collect$$libshutdown$$00000000) refers (Special) to libshutdown2.o(.ARM.Collect$$libshutdown$$00000007) for __rt_lib_shutdown_fp_trap_1
    libshutdown.o(.ARM.Collect$$libshutdown$$00000000) refers (Special) to libshutdown2.o(.ARM.Collect$$libshutdown$$0000000F) for __rt_lib_shutdown_heap_1
    libshutdown.o(.ARM.Collect$$libshutdown$$00000000) refers (Special) to libshutdown2.o(.ARM.Collect$$libshutdown$$00000010) for __rt_lib_shutdown_return
    libshutdown.o(.ARM.Collect$$libshutdown$$00000000) refers (Special) to libshutdown2.o(.ARM.Collect$$libshutdown$$0000000A) for __rt_lib_shutdown_signal_1
    libshutdown.o(.ARM.Collect$$libshutdown$$00000000) refers (Special) to libshutdown2.o(.ARM.Collect$$libshutdown$$00000004) for __rt_lib_shutdown_stdio_1
    libshutdown.o(.ARM.Collect$$libshutdown$$00000000) refers (Special) to libshutdown2.o(.ARM.Collect$$libshutdown$$0000000C) for __rt_lib_shutdown_user_alloc_1
    sys_command.o(.text) refers (Special) to use_no_semi.o(.text) for __I$use$semihosting
    sys_command.o(.text) refers (Special) to indicate_semi.o(.text) for __semihosting_library_function
    defsig_rtmem_outer.o(.text) refers to defsig_rtmem_inner.o(.text) for __rt_SIGRTMEM_inner
    defsig_rtmem_outer.o(.text) refers to defsig_exit.o(.text) for __sig_exit
    defsig_rtmem_formal.o(.text) refers to rt_raise.o(.text) for __rt_raise
    rt_raise.o(.text) refers to __raise.o(.text) for __raise
    rt_raise.o(.text) refers to usart.o(.text) for _sys_exit
    defsig_exit.o(.text) refers to usart.o(.text) for _sys_exit
    defsig_rtmem_inner.o(.text) refers to defsig_general.o(.text) for __default_signal_display
    __raise.o(.text) refers to defsig.o(CL$$defsig) for __default_signal_handler
    defsig_general.o(.text) refers to sys_wrch.o(.text) for _ttywrch
    sys_wrch.o(.text) refers (Special) to use_no_semi.o(.text) for __I$use$semihosting
    sys_wrch.o(.text) refers (Special) to indicate_semi.o(.text) for __semihosting_library_function
    defsig.o(CL$$defsig) refers to defsig_rtmem_inner.o(.text) for __rt_SIGRTMEM_inner
    defsig_abrt_inner.o(.text) refers to defsig_general.o(.text) for __default_signal_display
    defsig_fpe_inner.o(.text) refers to defsig_general.o(.text) for __default_signal_display
    defsig_rtred_inner.o(.text) refers to defsig_general.o(.text) for __default_signal_display
    defsig_stak_inner.o(.text) refers to defsig_general.o(.text) for __default_signal_display
    defsig_pvfn_inner.o(.text) refers to defsig_general.o(.text) for __default_signal_display
    defsig_cppl_inner.o(.text) refers to defsig_general.o(.text) for __default_signal_display
    defsig_segv_inner.o(.text) refers to defsig_general.o(.text) for __default_signal_display
    defsig_other.o(.text) refers to defsig_general.o(.text) for __default_signal_display


==============================================================================

Removing Unused input sections from the image.

    Removing dac.o(.text), (188 bytes).
    Removing sys.o(.emb_text), (6 bytes).
    Removing sys.o(.text), (12 bytes).
    Removing core_cm3.o(.emb_text), (32 bytes).
    Removing stm32f10x_dma.o(.text), (596 bytes).
    Removing stm32f10x_dac.o(.text), (396 bytes).
    Removing cr4_fft_64_stm32.o(.text), (718 bytes).
    Removing cr4_fft_1024_stm32.o(.text), (4576 bytes).

8 unused section(s) (total 6524 bytes) removed from the image.

==============================================================================

Image Symbol Table

    Local Symbols

    Symbol Name                              Value     Ov Type        Size  Object(Section)

    ../clib/angel/boardlib.s                 0x00000000   Number         0  boardinit2.o ABSOLUTE
    ../clib/angel/boardlib.s                 0x00000000   Number         0  boardshut.o ABSOLUTE
    ../clib/angel/boardlib.s                 0x00000000   Number         0  boardinit1.o ABSOLUTE
    ../clib/angel/boardlib.s                 0x00000000   Number         0  boardinit3.o ABSOLUTE
    ../clib/angel/handlers.s                 0x00000000   Number         0  __scatter_zi.o ABSOLUTE
    ../clib/angel/handlers.s                 0x00000000   Number         0  __scatter_copy.o ABSOLUTE
    ../clib/angel/kernel.s                   0x00000000   Number         0  __rtentry2.o ABSOLUTE
    ../clib/angel/kernel.s                   0x00000000   Number         0  __rtentry.o ABSOLUTE
    ../clib/angel/kernel.s                   0x00000000   Number         0  rtexit.o ABSOLUTE
    ../clib/angel/kernel.s                   0x00000000   Number         0  rtexit2.o ABSOLUTE
    ../clib/angel/kernel.s                   0x00000000   Number         0  __rtentry4.o ABSOLUTE
    ../clib/angel/rt.s                       0x00000000   Number         0  rt_errno_addr_intlibspace.o ABSOLUTE
    ../clib/angel/rt.s                       0x00000000   Number         0  rt_errno_addr.o ABSOLUTE
    ../clib/angel/rt.s                       0x00000000   Number         0  rt_raise.o ABSOLUTE
    ../clib/angel/scatter.s                  0x00000000   Number         0  __scatter.o ABSOLUTE
    ../clib/angel/startup.s                  0x00000000   Number         0  __main.o ABSOLUTE
    ../clib/angel/sys.s                      0x00000000   Number         0  indicate_semi.o ABSOLUTE
    ../clib/angel/sys.s                      0x00000000   Number         0  use_no_semi_2.o ABSOLUTE
    ../clib/angel/sys.s                      0x00000000   Number         0  use_no_semi.o ABSOLUTE
    ../clib/angel/sys.s                      0x00000000   Number         0  sys_stackheap_outer.o ABSOLUTE
    ../clib/angel/sys.s                      0x00000000   Number         0  libspace.o ABSOLUTE
    ../clib/angel/sysapp.c                   0x00000000   Number         0  sys_command.o ABSOLUTE
    ../clib/angel/sysapp.c                   0x00000000   Number         0  sys_wrch.o ABSOLUTE
    ../clib/armsys.c                         0x00000000   Number         0  no_argv.o ABSOLUTE
    ../clib/armsys.c                         0x00000000   Number         0  argv_veneer.o ABSOLUTE
    ../clib/armsys.c                         0x00000000   Number         0  argv_veneer.o ABSOLUTE
    ../clib/armsys.c                         0x00000000   Number         0  _get_argv_nomalloc.o ABSOLUTE
    ../clib/fenv.c                           0x00000000   Number         0  _rserrno.o ABSOLUTE
    ../clib/heapalloc.c                      0x00000000   Number         0  hrguard.o ABSOLUTE
    ../clib/heapaux.c                        0x00000000   Number         0  heapauxi.o ABSOLUTE
    ../clib/libinit.s                        0x00000000   Number         0  libshutdown2.o ABSOLUTE
    ../clib/libinit.s                        0x00000000   Number         0  libshutdown.o ABSOLUTE
    ../clib/libinit.s                        0x00000000   Number         0  libinit2.o ABSOLUTE
    ../clib/libinit.s                        0x00000000   Number         0  libinit.o ABSOLUTE
    ../clib/memcpset.s                       0x00000000   Number         0  rt_memcpy_w.o ABSOLUTE
    ../clib/printf.c                         0x00000000   Number         0  __printf_wp.o ABSOLUTE
    ../clib/printf.c                         0x00000000   Number         0  __printf_flags_ss.o ABSOLUTE
    ../clib/printf.c                         0x00000000   Number         0  __printf_ss.o ABSOLUTE
    ../clib/printf.c                         0x00000000   Number         0  _printf_hex_int_ll_ptr.o ABSOLUTE
    ../clib/printf.c                         0x00000000   Number         0  _printf_hex_ll_ptr.o ABSOLUTE
    ../clib/printf.c                         0x00000000   Number         0  _printf_hex_int_ptr.o ABSOLUTE
    ../clib/printf.c                         0x00000000   Number         0  _printf_hex_ptr.o ABSOLUTE
    ../clib/printf.c                         0x00000000   Number         0  __printf_nopercent.o ABSOLUTE
    ../clib/printf.c                         0x00000000   Number         0  _printf_hex_int.o ABSOLUTE
    ../clib/printf.c                         0x00000000   Number         0  _printf_hex_ll.o ABSOLUTE
    ../clib/printf.c                         0x00000000   Number         0  __printf_flags.o ABSOLUTE
    ../clib/printf.c                         0x00000000   Number         0  __printf.o ABSOLUTE
    ../clib/printf.c                         0x00000000   Number         0  noretval__2printf.o ABSOLUTE
    ../clib/printf.c                         0x00000000   Number         0  __2printf.o ABSOLUTE
    ../clib/printf.c                         0x00000000   Number         0  _printf_char_common.o ABSOLUTE
    ../clib/printf.c                         0x00000000   Number         0  __printf_flags_ss_wp.o ABSOLUTE
    ../clib/printf.c                         0x00000000   Number         0  __printf_ss_wp.o ABSOLUTE
    ../clib/printf.c                         0x00000000   Number         0  _printf_char_file.o ABSOLUTE
    ../clib/printf.c                         0x00000000   Number         0  _printf_intcommon.o ABSOLUTE
    ../clib/printf.c                         0x00000000   Number         0  _printf_hex_int_ll.o ABSOLUTE
    ../clib/printf.c                         0x00000000   Number         0  __printf_flags_wp.o ABSOLUTE
    ../clib/printf_percent.s                 0x00000000   Number         0  _printf_x.o ABSOLUTE
    ../clib/printf_percent.s                 0x00000000   Number         0  _printf_percent.o ABSOLUTE
    ../clib/printf_percent.s                 0x00000000   Number         0  _printf_percent_end.o ABSOLUTE
    ../clib/signal.c                         0x00000000   Number         0  defsig_abrt_inner.o ABSOLUTE
    ../clib/signal.c                         0x00000000   Number         0  defsig_rtmem_outer.o ABSOLUTE
    ../clib/signal.c                         0x00000000   Number         0  defsig_fpe_inner.o ABSOLUTE
    ../clib/signal.c                         0x00000000   Number         0  defsig_rtred_inner.o ABSOLUTE
    ../clib/signal.c                         0x00000000   Number         0  defsig_stak_inner.o ABSOLUTE
    ../clib/signal.c                         0x00000000   Number         0  defsig_exit.o ABSOLUTE
    ../clib/signal.c                         0x00000000   Number         0  defsig_pvfn_inner.o ABSOLUTE
    ../clib/signal.c                         0x00000000   Number         0  defsig_segv_inner.o ABSOLUTE
    ../clib/signal.c                         0x00000000   Number         0  defsig_other.o ABSOLUTE
    ../clib/signal.c                         0x00000000   Number         0  defsig_rtmem_inner.o ABSOLUTE
    ../clib/signal.c                         0x00000000   Number         0  defsig_rtmem_formal.o ABSOLUTE
    ../clib/signal.c                         0x00000000   Number         0  __raise.o ABSOLUTE
    ../clib/signal.c                         0x00000000   Number         0  defsig_general.o ABSOLUTE
    ../clib/signal.c                         0x00000000   Number         0  defsig_cppl_inner.o ABSOLUTE
    ../clib/signal.s                         0x00000000   Number         0  defsig.o ABSOLUTE
    ../clib/stdio.c                          0x00000000   Number         0  ferror.o ABSOLUTE
    ../clib/stdio.c                          0x00000000   Number         0  ferror_locked.o ABSOLUTE
    ../clib/stdlib.c                         0x00000000   Number         0  exit.o ABSOLUTE
    ../fplib/d2f.s                           0x00000000   Number         0  d2f.o ABSOLUTE
    ../fplib/dcmpi.s                         0x00000000   Number         0  dcmpi.o ABSOLUTE
    ../fplib/ddiv.s                          0x00000000   Number         0  ddiv.o ABSOLUTE
    ../fplib/dfixu.s                         0x00000000   Number         0  dfixu.o ABSOLUTE
    ../fplib/dflt.s                          0x00000000   Number         0  dflt_clz.o ABSOLUTE
    ../fplib/dleqf.s                         0x00000000   Number         0  dleqf.o ABSOLUTE
    ../fplib/dmul.s                          0x00000000   Number         0  dmul.o ABSOLUTE
    ../fplib/dnaninf.s                       0x00000000   Number         0  dnaninf.o ABSOLUTE
    ../fplib/dretinf.s                       0x00000000   Number         0  dretinf.o ABSOLUTE
    ../fplib/dsqrt.s                         0x00000000   Number         0  dsqrt_noumaal.o ABSOLUTE
    ../fplib/f2d.s                           0x00000000   Number         0  f2d.o ABSOLUTE
    ../fplib/faddsub.s                       0x00000000   Number         0  faddsub_clz.o ABSOLUTE
    ../fplib/fcmpi.s                         0x00000000   Number         0  fcmpi.o ABSOLUTE
    ../fplib/fdiv.s                          0x00000000   Number         0  fdiv.o ABSOLUTE
    ../fplib/ffixu.s                         0x00000000   Number         0  ffixu.o ABSOLUTE
    ../fplib/fflt.s                          0x00000000   Number         0  fflt_clz.o ABSOLUTE
    ../fplib/fleqf.s                         0x00000000   Number         0  fleqf.o ABSOLUTE
    ../fplib/fmul.s                          0x00000000   Number         0  fmul.o ABSOLUTE
    ../fplib/fnaninf.s                       0x00000000   Number         0  fnaninf.o ABSOLUTE
    ../fplib/fpinit.s                        0x00000000   Number         0  fpinit.o ABSOLUTE
    ../fplib/fretinf.s                       0x00000000   Number         0  fretinf.o ABSOLUTE
    ../fplib/frleqf.s                        0x00000000   Number         0  frleqf.o ABSOLUTE
    ../fplib/usenofp.s                       0x00000000   Number         0  usenofp.o ABSOLUTE
    ../mathlib/sqrt.c                        0x00000000   Number         0  sqrt_x.o ABSOLUTE
    ../mathlib/sqrt.c                        0x00000000   Number         0  sqrt.o ABSOLUTE
    ..\CORE\core_cm3.c                       0x00000000   Number         0  core_cm3.o ABSOLUTE
    ..\CORE\startup_stm32f10x_hd.s           0x00000000   Number         0  startup_stm32f10x_hd.o ABSOLUTE
    ..\HARDWARE\ADC\adc.c                    0x00000000   Number         0  adc.o ABSOLUTE
    ..\HARDWARE\DAC\dac.c                    0x00000000   Number         0  dac.o ABSOLUTE
    ..\HARDWARE\KEY\key.c                    0x00000000   Number         0  key.o ABSOLUTE
    ..\HARDWARE\LCD\lcd.c                    0x00000000   Number         0  lcd.o ABSOLUTE
    ..\HARDWARE\LED\led.c                    0x00000000   Number         0  led.o ABSOLUTE
    ..\STM32F10x_FWLib\src\misc.c            0x00000000   Number         0  misc.o ABSOLUTE
    ..\STM32F10x_FWLib\src\stm32f10x_adc.c   0x00000000   Number         0  stm32f10x_adc.o ABSOLUTE
    ..\STM32F10x_FWLib\src\stm32f10x_dac.c   0x00000000   Number         0  stm32f10x_dac.o ABSOLUTE
    ..\STM32F10x_FWLib\src\stm32f10x_dma.c   0x00000000   Number         0  stm32f10x_dma.o ABSOLUTE
    ..\STM32F10x_FWLib\src\stm32f10x_gpio.c  0x00000000   Number         0  stm32f10x_gpio.o ABSOLUTE
    ..\STM32F10x_FWLib\src\stm32f10x_rcc.c   0x00000000   Number         0  stm32f10x_rcc.o ABSOLUTE
    ..\STM32F10x_FWLib\src\stm32f10x_usart.c 0x00000000   Number         0  stm32f10x_usart.o ABSOLUTE
    ..\SYSTEM\delay\delay.c                  0x00000000   Number         0  delay.o ABSOLUTE
    ..\SYSTEM\sys\sys.c                      0x00000000   Number         0  sys.o ABSOLUTE
    ..\SYSTEM\usart\usart.c                  0x00000000   Number         0  usart.o ABSOLUTE
    ..\\CORE\\core_cm3.c                     0x00000000   Number         0  core_cm3.o ABSOLUTE
    ..\\SYSTEM\\sys\\sys.c                   0x00000000   Number         0  sys.o ABSOLUTE
    ..\dsp\cr4_fft_1024_stm32.s              0x00000000   Number         0  cr4_fft_1024_stm32.o ABSOLUTE
    ..\dsp\cr4_fft_256_stm32.s               0x00000000   Number         0  cr4_fft_256_stm32.o ABSOLUTE
    ..\dsp\cr4_fft_64_stm32.s                0x00000000   Number         0  cr4_fft_64_stm32.o ABSOLUTE
    dc.s                                     0x00000000   Number         0  dc.o ABSOLUTE
    fft.c                                    0x00000000   Number         0  fft.o ABSOLUTE
    main.c                                   0x00000000   Number         0  main.o ABSOLUTE
    stm32f10x_it.c                           0x00000000   Number         0  stm32f10x_it.o ABSOLUTE
    system_stm32f10x.c                       0x00000000   Number         0  system_stm32f10x.o ABSOLUTE
    RESET                                    0x08000000   Section      304  startup_stm32f10x_hd.o(RESET)
    !!!main                                  0x08000130   Section        8  __main.o(!!!main)
    !!!scatter                               0x08000138   Section       52  __scatter.o(!!!scatter)
    !!handler_copy                           0x0800016c   Section       26  __scatter_copy.o(!!handler_copy)
    !!handler_zi                             0x08000188   Section       28  __scatter_zi.o(!!handler_zi)
    .ARM.Collect$$_printf_percent$$00000000  0x080001a4   Section        0  _printf_percent.o(.ARM.Collect$$_printf_percent$$00000000)
    .ARM.Collect$$_printf_percent$$0000000C  0x080001a4   Section        6  _printf_x.o(.ARM.Collect$$_printf_percent$$0000000C)
    .ARM.Collect$$_printf_percent$$00000017  0x080001aa   Section        4  _printf_percent_end.o(.ARM.Collect$$_printf_percent$$00000017)
    .ARM.Collect$$libinit$$00000000          0x080001ae   Section        2  libinit.o(.ARM.Collect$$libinit$$00000000)
    .ARM.Collect$$libinit$$00000002          0x080001b0   Section        0  libinit2.o(.ARM.Collect$$libinit$$00000002)
    .ARM.Collect$$libinit$$00000004          0x080001b0   Section        0  libinit2.o(.ARM.Collect$$libinit$$00000004)
    .ARM.Collect$$libinit$$0000000A          0x080001b0   Section        0  libinit2.o(.ARM.Collect$$libinit$$0000000A)
    .ARM.Collect$$libinit$$0000000C          0x080001b0   Section        0  libinit2.o(.ARM.Collect$$libinit$$0000000C)
    .ARM.Collect$$libinit$$0000000E          0x080001b0   Section        0  libinit2.o(.ARM.Collect$$libinit$$0000000E)
    .ARM.Collect$$libinit$$00000011          0x080001b0   Section        0  libinit2.o(.ARM.Collect$$libinit$$00000011)
    .ARM.Collect$$libinit$$00000013          0x080001b0   Section        0  libinit2.o(.ARM.Collect$$libinit$$00000013)
    .ARM.Collect$$libinit$$00000015          0x080001b0   Section        0  libinit2.o(.ARM.Collect$$libinit$$00000015)
    .ARM.Collect$$libinit$$00000017          0x080001b0   Section        0  libinit2.o(.ARM.Collect$$libinit$$00000017)
    .ARM.Collect$$libinit$$00000019          0x080001b0   Section        0  libinit2.o(.ARM.Collect$$libinit$$00000019)
    .ARM.Collect$$libinit$$0000001B          0x080001b0   Section        0  libinit2.o(.ARM.Collect$$libinit$$0000001B)
    .ARM.Collect$$libinit$$0000001D          0x080001b0   Section        0  libinit2.o(.ARM.Collect$$libinit$$0000001D)
    .ARM.Collect$$libinit$$0000001F          0x080001b0   Section        0  libinit2.o(.ARM.Collect$$libinit$$0000001F)
    .ARM.Collect$$libinit$$00000021          0x080001b0   Section        0  libinit2.o(.ARM.Collect$$libinit$$00000021)
    .ARM.Collect$$libinit$$00000023          0x080001b0   Section        0  libinit2.o(.ARM.Collect$$libinit$$00000023)
    .ARM.Collect$$libinit$$00000025          0x080001b0   Section        0  libinit2.o(.ARM.Collect$$libinit$$00000025)
    .ARM.Collect$$libinit$$0000002C          0x080001b0   Section        0  libinit2.o(.ARM.Collect$$libinit$$0000002C)
    .ARM.Collect$$libinit$$0000002E          0x080001b0   Section        0  libinit2.o(.ARM.Collect$$libinit$$0000002E)
    .ARM.Collect$$libinit$$00000030          0x080001b0   Section        0  libinit2.o(.ARM.Collect$$libinit$$00000030)
    .ARM.Collect$$libinit$$00000032          0x080001b0   Section        0  libinit2.o(.ARM.Collect$$libinit$$00000032)
    .ARM.Collect$$libinit$$00000033          0x080001b0   Section        2  libinit2.o(.ARM.Collect$$libinit$$00000033)
    .ARM.Collect$$libshutdown$$00000000      0x080001b2   Section        2  libshutdown.o(.ARM.Collect$$libshutdown$$00000000)
    .ARM.Collect$$libshutdown$$00000002      0x080001b4   Section        0  libshutdown2.o(.ARM.Collect$$libshutdown$$00000002)
    .ARM.Collect$$libshutdown$$00000004      0x080001b4   Section        0  libshutdown2.o(.ARM.Collect$$libshutdown$$00000004)
    .ARM.Collect$$libshutdown$$00000007      0x080001b4   Section        0  libshutdown2.o(.ARM.Collect$$libshutdown$$00000007)
    .ARM.Collect$$libshutdown$$0000000A      0x080001b4   Section        0  libshutdown2.o(.ARM.Collect$$libshutdown$$0000000A)
    .ARM.Collect$$libshutdown$$0000000C      0x080001b4   Section        0  libshutdown2.o(.ARM.Collect$$libshutdown$$0000000C)
    .ARM.Collect$$libshutdown$$0000000F      0x080001b4   Section        0  libshutdown2.o(.ARM.Collect$$libshutdown$$0000000F)
    .ARM.Collect$$libshutdown$$00000010      0x080001b4   Section        2  libshutdown2.o(.ARM.Collect$$libshutdown$$00000010)
    .ARM.Collect$$rtentry$$00000000          0x080001b6   Section        0  __rtentry.o(.ARM.Collect$$rtentry$$00000000)
    .ARM.Collect$$rtentry$$00000002          0x080001b6   Section        0  __rtentry2.o(.ARM.Collect$$rtentry$$00000002)
    .ARM.Collect$$rtentry$$00000004          0x080001b6   Section        6  __rtentry4.o(.ARM.Collect$$rtentry$$00000004)
    .ARM.Collect$$rtentry$$00000009          0x080001bc   Section        0  __rtentry2.o(.ARM.Collect$$rtentry$$00000009)
    .ARM.Collect$$rtentry$$0000000A          0x080001bc   Section        4  __rtentry2.o(.ARM.Collect$$rtentry$$0000000A)
    .ARM.Collect$$rtentry$$0000000C          0x080001c0   Section        0  __rtentry2.o(.ARM.Collect$$rtentry$$0000000C)
    .ARM.Collect$$rtentry$$0000000D          0x080001c0   Section        8  __rtentry2.o(.ARM.Collect$$rtentry$$0000000D)
    .ARM.Collect$$rtexit$$00000000           0x080001c8   Section        2  rtexit.o(.ARM.Collect$$rtexit$$00000000)
    .ARM.Collect$$rtexit$$00000002           0x080001ca   Section        0  rtexit2.o(.ARM.Collect$$rtexit$$00000002)
    .ARM.Collect$$rtexit$$00000003           0x080001ca   Section        4  rtexit2.o(.ARM.Collect$$rtexit$$00000003)
    .ARM.Collect$$rtexit$$00000004           0x080001ce   Section        6  rtexit2.o(.ARM.Collect$$rtexit$$00000004)
    .text                                    0x080001d4   Section        0  main.o(.text)
    .text                                    0x0800077c   Section        0  stm32f10x_it.o(.text)
    .text                                    0x08000798   Section        0  system_stm32f10x.o(.text)
    SetSysClockTo72                          0x08000799   Thumb Code   214  system_stm32f10x.o(.text)
    SetSysClock                              0x0800086f   Thumb Code     8  system_stm32f10x.o(.text)
    .text                                    0x08000978   Section        0  fft.o(.text)
    .text                                    0x08000a58   Section        0  led.o(.text)
    .text                                    0x08000b18   Section        0  lcd.o(.text)
    .text                                    0x08003b40   Section        0  adc.o(.text)
    .text                                    0x08003e10   Section        0  key.o(.text)
    .text                                    0x08003ef0   Section        0  delay.o(.text)
    .text                                    0x08003fc4   Section        0  usart.o(.text)
    .text                                    0x08004104   Section       64  startup_stm32f10x_hd.o(.text)
    .text                                    0x08004144   Section        0  stm32f10x_gpio.o(.text)
    .text                                    0x080044a0   Section        0  stm32f10x_rcc.o(.text)
    .text                                    0x08004844   Section        0  stm32f10x_usart.o(.text)
    .text                                    0x08004c4c   Section        0  misc.o(.text)
    .text                                    0x08004d28   Section        0  stm32f10x_adc.o(.text)
    .text                                    0x08005178   Section     1502  cr4_fft_256_stm32.o(.text)
    .text                                    0x08005756   Section        2  use_no_semi_2.o(.text)
    .text                                    0x08005758   Section        0  noretval__2printf.o(.text)
    .text                                    0x08005770   Section        0  __printf.o(.text)
    .text                                    0x080057d8   Section        0  _printf_hex_int.o(.text)
    .text                                    0x08005830   Section      100  rt_memcpy_w.o(.text)
    .text                                    0x08005894   Section        0  heapauxi.o(.text)
    .text                                    0x0800589a   Section        2  use_no_semi.o(.text)
    .text                                    0x0800589c   Section        0  _rserrno.o(.text)
    .text                                    0x080058b2   Section        0  _printf_intcommon.o(.text)
    .text                                    0x08005964   Section        0  _printf_char_file.o(.text)
    .text                                    0x08005988   Section        8  rt_errno_addr_intlibspace.o(.text)
    .text                                    0x08005990   Section        0  _printf_char_common.o(.text)
    _printf_input_char                       0x08005991   Thumb Code    10  _printf_char_common.o(.text)
    .text                                    0x080059c0   Section        0  ferror.o(.text)
    .text                                    0x080059c8   Section        8  libspace.o(.text)
    .text                                    0x080059d0   Section       74  sys_stackheap_outer.o(.text)
    .text                                    0x08005a1a   Section        0  exit.o(.text)
    i.sqrt                                   0x08005a2c   Section        0  sqrt.o(i.sqrt)
    x$fpl$d2f                                0x08005a78   Section       98  d2f.o(x$fpl$d2f)
    x$fpl$ddiv                               0x08005adc   Section      688  ddiv.o(x$fpl$ddiv)
    ddiv_entry                               0x08005ae3   Thumb Code     0  ddiv.o(x$fpl$ddiv)
    x$fpl$dfixu                              0x08005d8c   Section       90  dfixu.o(x$fpl$dfixu)
    x$fpl$dfltu                              0x08005de6   Section       38  dflt_clz.o(x$fpl$dfltu)
    x$fpl$dmul                               0x08005e0c   Section      340  dmul.o(x$fpl$dmul)
    x$fpl$dnaninf                            0x08005f60   Section      156  dnaninf.o(x$fpl$dnaninf)
    x$fpl$dretinf                            0x08005ffc   Section       12  dretinf.o(x$fpl$dretinf)
    x$fpl$dsqrt                              0x08006008   Section      460  dsqrt_noumaal.o(x$fpl$dsqrt)
    x$fpl$f2d                                0x080061d4   Section       86  f2d.o(x$fpl$f2d)
    x$fpl$fadd                               0x0800622c   Section      196  faddsub_clz.o(x$fpl$fadd)
    _fadd1                                   0x0800623b   Thumb Code     0  faddsub_clz.o(x$fpl$fadd)
    x$fpl$fcmpinf                            0x080062f0   Section       24  fcmpi.o(x$fpl$fcmpinf)
    x$fpl$fdiv                               0x08006308   Section      388  fdiv.o(x$fpl$fdiv)
    _fdiv1                                   0x08006309   Thumb Code     0  fdiv.o(x$fpl$fdiv)
    x$fpl$ffixu                              0x0800648c   Section       62  ffixu.o(x$fpl$ffixu)
    x$fpl$fflt                               0x080064cc   Section       48  fflt_clz.o(x$fpl$fflt)
    x$fpl$ffltu                              0x080064fc   Section       38  fflt_clz.o(x$fpl$ffltu)
    x$fpl$fleqf                              0x08006524   Section      104  fleqf.o(x$fpl$fleqf)
    x$fpl$fmul                               0x0800658c   Section      258  fmul.o(x$fpl$fmul)
    x$fpl$fnaninf                            0x0800668e   Section      140  fnaninf.o(x$fpl$fnaninf)
    x$fpl$fretinf                            0x0800671a   Section       10  fretinf.o(x$fpl$fretinf)
    x$fpl$frleqf                             0x08006724   Section       98  frleqf.o(x$fpl$frleqf)
    x$fpl$fsub                               0x08006788   Section      234  faddsub_clz.o(x$fpl$fsub)
    _fsub1                                   0x08006797   Thumb Code     0  faddsub_clz.o(x$fpl$fsub)
    x$fpl$usenofp                            0x08006872   Section        0  usenofp.o(x$fpl$usenofp)
    .constdata                               0x08006874   Section       44  main.o(.constdata)
    .constdata                               0x080068a0   Section     6080  lcd.o(.constdata)
    .constdata                               0x08008060   Section       40  _printf_hex_int.o(.constdata)
    uc_hextab                                0x08008060   Data          20  _printf_hex_int.o(.constdata)
    lc_hextab                                0x08008074   Data          20  _printf_hex_int.o(.constdata)
    .data                                    0x20000000   Section       20  system_stm32f10x.o(.data)
    .data                                    0x20000014   Section        4  lcd.o(.data)
    .data                                    0x20000018   Section        1  key.o(.data)
    key_up                                   0x20000018   Data           1  key.o(.data)
    .data                                    0x2000001a   Section        4  delay.o(.data)
    fac_us                                   0x2000001a   Data           1  delay.o(.data)
    fac_ms                                   0x2000001c   Data           2  delay.o(.data)
    .data                                    0x20000020   Section        6  usart.o(.data)
    .data                                    0x20000026   Section       20  stm32f10x_rcc.o(.data)
    APBAHBPrescTable                         0x20000026   Data          16  stm32f10x_rcc.o(.data)
    ADCPrescTable                            0x20000036   Data           4  stm32f10x_rcc.o(.data)
    .bss                                     0x2000003c   Section     2224  main.o(.bss)
    .bss                                     0x200008ec   Section     2048  fft.o(.bss)
    .bss                                     0x200010ec   Section       14  lcd.o(.bss)
    .bss                                     0x200010fa   Section      200  usart.o(.bss)
    .bss                                     0x200011c4   Section       96  libspace.o(.bss)
    HEAP                                     0x20001228   Section      512  startup_stm32f10x_hd.o(HEAP)
    Heap_Mem                                 0x20001228   Data         512  startup_stm32f10x_hd.o(HEAP)
    STACK                                    0x20001428   Section     1024  startup_stm32f10x_hd.o(STACK)
    Stack_Mem                                0x20001428   Data        1024  startup_stm32f10x_hd.o(STACK)
    __initial_sp                             0x20001828   Data           0  startup_stm32f10x_hd.o(STACK)

    Global Symbols

    Symbol Name                              Value     Ov Type        Size  Object(Section)

    BuildAttributes$$THM_ISAv4$P$D$K$B$S$PE$A:L22UL41UL21$X:L11$S22US41US21$IEEE1$IW$USESV6$~STKCKD$USESV7$~SHL$OTIME$ROPI$IEEEJ$EBA8$UX$STANDARDLIB$REQ8$PRES8$EABIv2 0x00000000   Number         0  anon$$obj.o ABSOLUTE
    __ARM_use_no_argv                        0x00000000   Number         0  main.o ABSOLUTE
    __ARM_exceptions_init                     - Undefined Weak Reference
    __alloca_initialize                       - Undefined Weak Reference
    __arm_preinit_                            - Undefined Weak Reference
    __cpp_initialize__aeabi_                  - Undefined Weak Reference
    __cxa_finalize                            - Undefined Weak Reference
    __rt_locale                               - Undefined Weak Reference
    __sigvec_lookup                           - Undefined Weak Reference
    _atexit_init                              - Undefined Weak Reference
    _call_atexit_fns                          - Undefined Weak Reference
    _clock_init                               - Undefined Weak Reference
    _fp_trap_init                             - Undefined Weak Reference
    _fp_trap_shutdown                         - Undefined Weak Reference
    _get_lc_collate                           - Undefined Weak Reference
    _get_lc_ctype                             - Undefined Weak Reference
    _get_lc_monetary                          - Undefined Weak Reference
    _get_lc_numeric                           - Undefined Weak Reference
    _get_lc_time                              - Undefined Weak Reference
    _getenv_init                              - Undefined Weak Reference
    _handle_redirection                       - Undefined Weak Reference
    _init_alloc                               - Undefined Weak Reference
    _init_user_alloc                          - Undefined Weak Reference
    _initio                                   - Undefined Weak Reference
    _mutex_acquire                            - Undefined Weak Reference
    _mutex_release                            - Undefined Weak Reference
    _printf_post_padding                      - Undefined Weak Reference
    _printf_pre_padding                       - Undefined Weak Reference
    _printf_truncate_unsigned                 - Undefined Weak Reference
    _rand_init                                - Undefined Weak Reference
    _signal_finish                            - Undefined Weak Reference
    _signal_init                              - Undefined Weak Reference
    _terminate_alloc                          - Undefined Weak Reference
    _terminate_user_alloc                     - Undefined Weak Reference
    _terminateio                              - Undefined Weak Reference
    __Vectors_Size                           0x00000130   Number         0  startup_stm32f10x_hd.o ABSOLUTE
    __Vectors                                0x08000000   Data           4  startup_stm32f10x_hd.o(RESET)
    __Vectors_End                            0x08000130   Data           0  startup_stm32f10x_hd.o(RESET)
    __main                                   0x08000131   Thumb Code     8  __main.o(!!!main)
    __scatterload                            0x08000139   Thumb Code     0  __scatter.o(!!!scatter)
    __scatterload_rt2                        0x08000139   Thumb Code    44  __scatter.o(!!!scatter)
    __scatterload_rt2_thumb_only             0x08000139   Thumb Code     0  __scatter.o(!!!scatter)
    __scatterload_null                       0x08000147   Thumb Code     0  __scatter.o(!!!scatter)
    __scatterload_copy                       0x0800016d   Thumb Code    26  __scatter_copy.o(!!handler_copy)
    __scatterload_zeroinit                   0x08000189   Thumb Code    28  __scatter_zi.o(!!handler_zi)
    _printf_percent                          0x080001a5   Thumb Code     0  _printf_percent.o(.ARM.Collect$$_printf_percent$$00000000)
    _printf_x                                0x080001a5   Thumb Code     0  _printf_x.o(.ARM.Collect$$_printf_percent$$0000000C)
    _printf_percent_end                      0x080001ab   Thumb Code     0  _printf_percent_end.o(.ARM.Collect$$_printf_percent$$00000017)
    __rt_lib_init                            0x080001af   Thumb Code     0  libinit.o(.ARM.Collect$$libinit$$00000000)
    __rt_lib_init_alloca_1                   0x080001b1   Thumb Code     0  libinit2.o(.ARM.Collect$$libinit$$0000002E)
    __rt_lib_init_argv_1                     0x080001b1   Thumb Code     0  libinit2.o(.ARM.Collect$$libinit$$0000002C)
    __rt_lib_init_atexit_1                   0x080001b1   Thumb Code     0  libinit2.o(.ARM.Collect$$libinit$$0000001B)
    __rt_lib_init_clock_1                    0x080001b1   Thumb Code     0  libinit2.o(.ARM.Collect$$libinit$$00000021)
    __rt_lib_init_cpp_1                      0x080001b1   Thumb Code     0  libinit2.o(.ARM.Collect$$libinit$$00000032)
    __rt_lib_init_exceptions_1               0x080001b1   Thumb Code     0  libinit2.o(.ARM.Collect$$libinit$$00000030)
    __rt_lib_init_fp_1                       0x080001b1   Thumb Code     0  libinit2.o(.ARM.Collect$$libinit$$00000002)
    __rt_lib_init_fp_trap_1                  0x080001b1   Thumb Code     0  libinit2.o(.ARM.Collect$$libinit$$0000001F)
    __rt_lib_init_getenv_1                   0x080001b1   Thumb Code     0  libinit2.o(.ARM.Collect$$libinit$$00000023)
    __rt_lib_init_heap_1                     0x080001b1   Thumb Code     0  libinit2.o(.ARM.Collect$$libinit$$0000000A)
    __rt_lib_init_lc_collate_1               0x080001b1   Thumb Code     0  libinit2.o(.ARM.Collect$$libinit$$00000011)
    __rt_lib_init_lc_ctype_1                 0x080001b1   Thumb Code     0  libinit2.o(.ARM.Collect$$libinit$$00000013)
    __rt_lib_init_lc_monetary_1              0x080001b1   Thumb Code     0  libinit2.o(.ARM.Collect$$libinit$$00000015)
    __rt_lib_init_lc_numeric_1               0x080001b1   Thumb Code     0  libinit2.o(.ARM.Collect$$libinit$$00000017)
    __rt_lib_init_lc_time_1                  0x080001b1   Thumb Code     0  libinit2.o(.ARM.Collect$$libinit$$00000019)
    __rt_lib_init_preinit_1                  0x080001b1   Thumb Code     0  libinit2.o(.ARM.Collect$$libinit$$00000004)
    __rt_lib_init_rand_1                     0x080001b1   Thumb Code     0  libinit2.o(.ARM.Collect$$libinit$$0000000E)
    __rt_lib_init_return                     0x080001b1   Thumb Code     0  libinit2.o(.ARM.Collect$$libinit$$00000033)
    __rt_lib_init_signal_1                   0x080001b1   Thumb Code     0  libinit2.o(.ARM.Collect$$libinit$$0000001D)
    __rt_lib_init_stdio_1                    0x080001b1   Thumb Code     0  libinit2.o(.ARM.Collect$$libinit$$00000025)
    __rt_lib_init_user_alloc_1               0x080001b1   Thumb Code     0  libinit2.o(.ARM.Collect$$libinit$$0000000C)
    __rt_lib_shutdown                        0x080001b3   Thumb Code     0  libshutdown.o(.ARM.Collect$$libshutdown$$00000000)
    __rt_lib_shutdown_cpp_1                  0x080001b5   Thumb Code     0  libshutdown2.o(.ARM.Collect$$libshutdown$$00000002)
    __rt_lib_shutdown_fp_trap_1              0x080001b5   Thumb Code     0  libshutdown2.o(.ARM.Collect$$libshutdown$$00000007)
    __rt_lib_shutdown_heap_1                 0x080001b5   Thumb Code     0  libshutdown2.o(.ARM.Collect$$libshutdown$$0000000F)
    __rt_lib_shutdown_return                 0x080001b5   Thumb Code     0  libshutdown2.o(.ARM.Collect$$libshutdown$$00000010)
    __rt_lib_shutdown_signal_1               0x080001b5   Thumb Code     0  libshutdown2.o(.ARM.Collect$$libshutdown$$0000000A)
    __rt_lib_shutdown_stdio_1                0x080001b5   Thumb Code     0  libshutdown2.o(.ARM.Collect$$libshutdown$$00000004)
    __rt_lib_shutdown_user_alloc_1           0x080001b5   Thumb Code     0  libshutdown2.o(.ARM.Collect$$libshutdown$$0000000C)
    __rt_entry                               0x080001b7   Thumb Code     0  __rtentry.o(.ARM.Collect$$rtentry$$00000000)
    __rt_entry_presh_1                       0x080001b7   Thumb Code     0  __rtentry2.o(.ARM.Collect$$rtentry$$00000002)
    __rt_entry_sh                            0x080001b7   Thumb Code     0  __rtentry4.o(.ARM.Collect$$rtentry$$00000004)
    __rt_entry_li                            0x080001bd   Thumb Code     0  __rtentry2.o(.ARM.Collect$$rtentry$$0000000A)
    __rt_entry_postsh_1                      0x080001bd   Thumb Code     0  __rtentry2.o(.ARM.Collect$$rtentry$$00000009)
    __rt_entry_main                          0x080001c1   Thumb Code     0  __rtentry2.o(.ARM.Collect$$rtentry$$0000000D)
    __rt_entry_postli_1                      0x080001c1   Thumb Code     0  __rtentry2.o(.ARM.Collect$$rtentry$$0000000C)
    __rt_exit                                0x080001c9   Thumb Code     0  rtexit.o(.ARM.Collect$$rtexit$$00000000)
    __rt_exit_ls                             0x080001cb   Thumb Code     0  rtexit2.o(.ARM.Collect$$rtexit$$00000003)
    __rt_exit_prels_1                        0x080001cb   Thumb Code     0  rtexit2.o(.ARM.Collect$$rtexit$$00000002)
    __rt_exit_exit                           0x080001cf   Thumb Code     0  rtexit2.o(.ARM.Collect$$rtexit$$00000004)
    Transfer_array                           0x080001d5   Thumb Code   320  main.o(.text)
    main                                     0x08000315   Thumb Code  1094  main.o(.text)
    NMI_Handler                              0x0800077d   Thumb Code     2  stm32f10x_it.o(.text)
    HardFault_Handler                        0x0800077f   Thumb Code     4  stm32f10x_it.o(.text)
    MemManage_Handler                        0x08000783   Thumb Code     4  stm32f10x_it.o(.text)
    BusFault_Handler                         0x08000787   Thumb Code     4  stm32f10x_it.o(.text)
    UsageFault_Handler                       0x0800078b   Thumb Code     4  stm32f10x_it.o(.text)
    SVC_Handler                              0x0800078f   Thumb Code     2  stm32f10x_it.o(.text)
    DebugMon_Handler                         0x08000791   Thumb Code     2  stm32f10x_it.o(.text)
    PendSV_Handler                           0x08000793   Thumb Code     2  stm32f10x_it.o(.text)
    SysTick_Handler                          0x08000795   Thumb Code     2  stm32f10x_it.o(.text)
    SystemInit                               0x08000877   Thumb Code    78  system_stm32f10x.o(.text)
    SystemCoreClockUpdate                    0x080008c5   Thumb Code   142  system_stm32f10x.o(.text)
    GetPowerMag                              0x08000979   Thumb Code   210  fft.o(.text)
    LED_Init                                 0x08000a59   Thumb Code   182  led.o(.text)
    LCD_WR_REG                               0x08000b19   Thumb Code    28  lcd.o(.text)
    LCD_WR_DATAX                             0x08000b35   Thumb Code    28  lcd.o(.text)
    LCD_Writ_Bus                             0x08000b51   Thumb Code    34  lcd.o(.text)
    LCD_RD_DATA                              0x08000b73   Thumb Code    98  lcd.o(.text)
    LCD_WriteReg                             0x08000bd5   Thumb Code    40  lcd.o(.text)
    LCD_ReadReg                              0x08000bfd   Thumb Code    16  lcd.o(.text)
    LCD_WriteRAM_Prepare                     0x08000c0d   Thumb Code    12  lcd.o(.text)
    LCD_WriteRAM                             0x08000c19   Thumb Code    28  lcd.o(.text)
    LCD_BGR2RGB                              0x08000c35   Thumb Code    26  lcd.o(.text)
    opt_delay                                0x08000c4f   Thumb Code    14  lcd.o(.text)
    LCD_SetCursor                            0x08000c5d   Thumb Code   958  lcd.o(.text)
    LCD_ReadPoint                            0x0800101b   Thumb Code   506  lcd.o(.text)
    LCD_DisplayOn                            0x08001215   Thumb Code    92  lcd.o(.text)
    LCD_DisplayOff                           0x08001271   Thumb Code    90  lcd.o(.text)
    LCD_Scan_Dir                             0x080012cb   Thumb Code  1126  lcd.o(.text)
    LCD_DrawPoint                            0x08001731   Thumb Code    52  lcd.o(.text)
    LCD_Fast_DrawPoint                       0x08001765   Thumb Code   854  lcd.o(.text)
    LCD_SSD_BackLightSet                     0x08001abb   Thumb Code   220  lcd.o(.text)
    LCD_Display_Dir                          0x08001b97   Thumb Code   444  lcd.o(.text)
    LCD_Set_Window                           0x08001d53   Thumb Code  1078  lcd.o(.text)
    LCD_Clear                                0x08002189   Thumb Code   122  lcd.o(.text)
    LCD_Init                                 0x08002203   Thumb Code  4768  lcd.o(.text)
    LCD_Fill                                 0x080034a3   Thumb Code   200  lcd.o(.text)
    LCD_Color_Fill                           0x0800356b   Thumb Code   116  lcd.o(.text)
    LCD_DrawLine                             0x080035df   Thumb Code   176  lcd.o(.text)
    LCD_DrawRectangle                        0x0800368f   Thumb Code    60  lcd.o(.text)
    LCD_Draw_Circle                          0x080036cb   Thumb Code   152  lcd.o(.text)
    LCD_ShowChar                             0x08003763   Thumb Code   310  lcd.o(.text)
    LCD_Pow                                  0x08003899   Thumb Code    22  lcd.o(.text)
    LCD_ShowNum                              0x080038af   Thumb Code   148  lcd.o(.text)
    LCD_ShowxNum                             0x08003943   Thumb Code   190  lcd.o(.text)
    LCD_ShowString                           0x08003a01   Thumb Code   102  lcd.o(.text)
    Address_set                              0x08003a67   Thumb Code   208  lcd.o(.text)
    Adc_Init                                 0x08003b41   Thumb Code   132  adc.o(.text)
    Get_Adc                                  0x08003bc5   Thumb Code    46  adc.o(.text)
    Get_Adc_Average                          0x08003bf3   Thumb Code    46  adc.o(.text)
    adc_Init                                 0x08003c21   Thumb Code   398  adc.o(.text)
    Get_Adc1                                 0x08003daf   Thumb Code    26  adc.o(.text)
    Get_Adc2                                 0x08003dc9   Thumb Code    26  adc.o(.text)
    Get_Adc3                                 0x08003de3   Thumb Code    26  adc.o(.text)
    KEY_Init                                 0x08003e11   Thumb Code    82  key.o(.text)
    KEY_Scan                                 0x08003e63   Thumb Code   126  key.o(.text)
    delay_init                               0x08003ef1   Thumb Code    50  delay.o(.text)
    delay_us                                 0x08003f23   Thumb Code    72  delay.o(.text)
    delay_ms                                 0x08003f6b   Thumb Code    72  delay.o(.text)
    _sys_exit                                0x08003fc5   Thumb Code     4  usart.o(.text)
    fputc                                    0x08003fc9   Thumb Code    24  usart.o(.text)
    uart_init                                0x08003fe1   Thumb Code   152  usart.o(.text)
    USART1_IRQHandler                        0x08004079   Thumb Code   122  usart.o(.text)
    Reset_Handler                            0x08004105   Thumb Code     8  startup_stm32f10x_hd.o(.text)
    ADC1_2_IRQHandler                        0x0800411f   Thumb Code     0  startup_stm32f10x_hd.o(.text)
    ADC3_IRQHandler                          0x0800411f   Thumb Code     0  startup_stm32f10x_hd.o(.text)
    CAN1_RX1_IRQHandler                      0x0800411f   Thumb Code     0  startup_stm32f10x_hd.o(.text)
    CAN1_SCE_IRQHandler                      0x0800411f   Thumb Code     0  startup_stm32f10x_hd.o(.text)
    DMA1_Channel1_IRQHandler                 0x0800411f   Thumb Code     0  startup_stm32f10x_hd.o(.text)
    DMA1_Channel2_IRQHandler                 0x0800411f   Thumb Code     0  startup_stm32f10x_hd.o(.text)
    DMA1_Channel3_IRQHandler                 0x0800411f   Thumb Code     0  startup_stm32f10x_hd.o(.text)
    DMA1_Channel4_IRQHandler                 0x0800411f   Thumb Code     0  startup_stm32f10x_hd.o(.text)
    DMA1_Channel5_IRQHandler                 0x0800411f   Thumb Code     0  startup_stm32f10x_hd.o(.text)
    DMA1_Channel6_IRQHandler                 0x0800411f   Thumb Code     0  startup_stm32f10x_hd.o(.text)
    DMA1_Channel7_IRQHandler                 0x0800411f   Thumb Code     0  startup_stm32f10x_hd.o(.text)
    DMA2_Channel1_IRQHandler                 0x0800411f   Thumb Code     0  startup_stm32f10x_hd.o(.text)
    DMA2_Channel2_IRQHandler                 0x0800411f   Thumb Code     0  startup_stm32f10x_hd.o(.text)
    DMA2_Channel3_IRQHandler                 0x0800411f   Thumb Code     0  startup_stm32f10x_hd.o(.text)
    DMA2_Channel4_5_IRQHandler               0x0800411f   Thumb Code     0  startup_stm32f10x_hd.o(.text)
    EXTI0_IRQHandler                         0x0800411f   Thumb Code     0  startup_stm32f10x_hd.o(.text)
    EXTI15_10_IRQHandler                     0x0800411f   Thumb Code     0  startup_stm32f10x_hd.o(.text)
    EXTI1_IRQHandler                         0x0800411f   Thumb Code     0  startup_stm32f10x_hd.o(.text)
    EXTI2_IRQHandler                         0x0800411f   Thumb Code     0  startup_stm32f10x_hd.o(.text)
    EXTI3_IRQHandler                         0x0800411f   Thumb Code     0  startup_stm32f10x_hd.o(.text)
    EXTI4_IRQHandler                         0x0800411f   Thumb Code     0  startup_stm32f10x_hd.o(.text)
    EXTI9_5_IRQHandler                       0x0800411f   Thumb Code     0  startup_stm32f10x_hd.o(.text)
    FLASH_IRQHandler                         0x0800411f   Thumb Code     0  startup_stm32f10x_hd.o(.text)
    FSMC_IRQHandler                          0x0800411f   Thumb Code     0  startup_stm32f10x_hd.o(.text)
    I2C1_ER_IRQHandler                       0x0800411f   Thumb Code     0  startup_stm32f10x_hd.o(.text)
    I2C1_EV_IRQHandler                       0x0800411f   Thumb Code     0  startup_stm32f10x_hd.o(.text)
    I2C2_ER_IRQHandler                       0x0800411f   Thumb Code     0  startup_stm32f10x_hd.o(.text)
    I2C2_EV_IRQHandler                       0x0800411f   Thumb Code     0  startup_stm32f10x_hd.o(.text)
    PVD_IRQHandler                           0x0800411f   Thumb Code     0  startup_stm32f10x_hd.o(.text)
    RCC_IRQHandler                           0x0800411f   Thumb Code     0  startup_stm32f10x_hd.o(.text)
    RTCAlarm_IRQHandler                      0x0800411f   Thumb Code     0  startup_stm32f10x_hd.o(.text)
    RTC_IRQHandler                           0x0800411f   Thumb Code     0  startup_stm32f10x_hd.o(.text)
    SDIO_IRQHandler                          0x0800411f   Thumb Code     0  startup_stm32f10x_hd.o(.text)
    SPI1_IRQHandler                          0x0800411f   Thumb Code     0  startup_stm32f10x_hd.o(.text)
    SPI2_IRQHandler                          0x0800411f   Thumb Code     0  startup_stm32f10x_hd.o(.text)
    SPI3_IRQHandler                          0x0800411f   Thumb Code     0  startup_stm32f10x_hd.o(.text)
    TAMPER_IRQHandler                        0x0800411f   Thumb Code     0  startup_stm32f10x_hd.o(.text)
    TIM1_BRK_IRQHandler                      0x0800411f   Thumb Code     0  startup_stm32f10x_hd.o(.text)
    TIM1_CC_IRQHandler                       0x0800411f   Thumb Code     0  startup_stm32f10x_hd.o(.text)
    TIM1_TRG_COM_IRQHandler                  0x0800411f   Thumb Code     0  startup_stm32f10x_hd.o(.text)
    TIM1_UP_IRQHandler                       0x0800411f   Thumb Code     0  startup_stm32f10x_hd.o(.text)
    TIM2_IRQHandler                          0x0800411f   Thumb Code     0  startup_stm32f10x_hd.o(.text)
    TIM3_IRQHandler                          0x0800411f   Thumb Code     0  startup_stm32f10x_hd.o(.text)
    TIM4_IRQHandler                          0x0800411f   Thumb Code     0  startup_stm32f10x_hd.o(.text)
    TIM5_IRQHandler                          0x0800411f   Thumb Code     0  startup_stm32f10x_hd.o(.text)
    TIM6_IRQHandler                          0x0800411f   Thumb Code     0  startup_stm32f10x_hd.o(.text)
    TIM7_IRQHandler                          0x0800411f   Thumb Code     0  startup_stm32f10x_hd.o(.text)
    TIM8_BRK_IRQHandler                      0x0800411f   Thumb Code     0  startup_stm32f10x_hd.o(.text)
    TIM8_CC_IRQHandler                       0x0800411f   Thumb Code     0  startup_stm32f10x_hd.o(.text)
    TIM8_TRG_COM_IRQHandler                  0x0800411f   Thumb Code     0  startup_stm32f10x_hd.o(.text)
    TIM8_UP_IRQHandler                       0x0800411f   Thumb Code     0  startup_stm32f10x_hd.o(.text)
    UART4_IRQHandler                         0x0800411f   Thumb Code     0  startup_stm32f10x_hd.o(.text)
    UART5_IRQHandler                         0x0800411f   Thumb Code     0  startup_stm32f10x_hd.o(.text)
    USART2_IRQHandler                        0x0800411f   Thumb Code     0  startup_stm32f10x_hd.o(.text)
    USART3_IRQHandler                        0x0800411f   Thumb Code     0  startup_stm32f10x_hd.o(.text)
    USBWakeUp_IRQHandler                     0x0800411f   Thumb Code     0  startup_stm32f10x_hd.o(.text)
    USB_HP_CAN1_TX_IRQHandler                0x0800411f   Thumb Code     0  startup_stm32f10x_hd.o(.text)
    USB_LP_CAN1_RX0_IRQHandler               0x0800411f   Thumb Code     0  startup_stm32f10x_hd.o(.text)
    WWDG_IRQHandler                          0x0800411f   Thumb Code     0  startup_stm32f10x_hd.o(.text)
    __user_initial_stackheap                 0x08004121   Thumb Code     0  startup_stm32f10x_hd.o(.text)
    GPIO_DeInit                              0x08004145   Thumb Code   172  stm32f10x_gpio.o(.text)
    GPIO_AFIODeInit                          0x080041f1   Thumb Code    20  stm32f10x_gpio.o(.text)
    GPIO_Init                                0x08004205   Thumb Code   278  stm32f10x_gpio.o(.text)
    GPIO_StructInit                          0x0800431b   Thumb Code    16  stm32f10x_gpio.o(.text)
    GPIO_ReadInputDataBit                    0x0800432b   Thumb Code    18  stm32f10x_gpio.o(.text)
    GPIO_ReadInputData                       0x0800433d   Thumb Code     8  stm32f10x_gpio.o(.text)
    GPIO_ReadOutputDataBit                   0x08004345   Thumb Code    18  stm32f10x_gpio.o(.text)
    GPIO_ReadOutputData                      0x08004357   Thumb Code     8  stm32f10x_gpio.o(.text)
    GPIO_SetBits                             0x0800435f   Thumb Code     4  stm32f10x_gpio.o(.text)
    GPIO_ResetBits                           0x08004363   Thumb Code     4  stm32f10x_gpio.o(.text)
    GPIO_WriteBit                            0x08004367   Thumb Code    10  stm32f10x_gpio.o(.text)
    GPIO_Write                               0x08004371   Thumb Code     4  stm32f10x_gpio.o(.text)
    GPIO_PinLockConfig                       0x08004375   Thumb Code    18  stm32f10x_gpio.o(.text)
    GPIO_EventOutputConfig                   0x08004387   Thumb Code    26  stm32f10x_gpio.o(.text)
    GPIO_EventOutputCmd                      0x080043a1   Thumb Code     6  stm32f10x_gpio.o(.text)
    GPIO_PinRemapConfig                      0x080043a7   Thumb Code   138  stm32f10x_gpio.o(.text)
    GPIO_EXTILineConfig                      0x08004431   Thumb Code    66  stm32f10x_gpio.o(.text)
    GPIO_ETH_MediaInterfaceConfig            0x08004473   Thumb Code     8  stm32f10x_gpio.o(.text)
    RCC_DeInit                               0x080044a1   Thumb Code    64  stm32f10x_rcc.o(.text)
    RCC_HSEConfig                            0x080044e1   Thumb Code    70  stm32f10x_rcc.o(.text)
    RCC_GetFlagStatus                        0x08004527   Thumb Code    56  stm32f10x_rcc.o(.text)
    RCC_WaitForHSEStartUp                    0x0800455f   Thumb Code    56  stm32f10x_rcc.o(.text)
    RCC_AdjustHSICalibrationValue            0x08004597   Thumb Code    20  stm32f10x_rcc.o(.text)
    RCC_HSICmd                               0x080045ab   Thumb Code     6  stm32f10x_rcc.o(.text)
    RCC_PLLConfig                            0x080045b1   Thumb Code    24  stm32f10x_rcc.o(.text)
    RCC_PLLCmd                               0x080045c9   Thumb Code     6  stm32f10x_rcc.o(.text)
    RCC_SYSCLKConfig                         0x080045cf   Thumb Code    18  stm32f10x_rcc.o(.text)
    RCC_GetSYSCLKSource                      0x080045e1   Thumb Code    10  stm32f10x_rcc.o(.text)
    RCC_HCLKConfig                           0x080045eb   Thumb Code    18  stm32f10x_rcc.o(.text)
    RCC_PCLK1Config                          0x080045fd   Thumb Code    18  stm32f10x_rcc.o(.text)
    RCC_PCLK2Config                          0x0800460f   Thumb Code    20  stm32f10x_rcc.o(.text)
    RCC_ITConfig                             0x08004623   Thumb Code    26  stm32f10x_rcc.o(.text)
    RCC_USBCLKConfig                         0x0800463d   Thumb Code     8  stm32f10x_rcc.o(.text)
    RCC_ADCCLKConfig                         0x08004645   Thumb Code    18  stm32f10x_rcc.o(.text)
    RCC_LSEConfig                            0x08004657   Thumb Code    50  stm32f10x_rcc.o(.text)
    RCC_LSICmd                               0x08004689   Thumb Code     6  stm32f10x_rcc.o(.text)
    RCC_RTCCLKConfig                         0x0800468f   Thumb Code    12  stm32f10x_rcc.o(.text)
    RCC_RTCCLKCmd                            0x0800469b   Thumb Code     8  stm32f10x_rcc.o(.text)
    RCC_GetClocksFreq                        0x080046a3   Thumb Code   192  stm32f10x_rcc.o(.text)
    RCC_AHBPeriphClockCmd                    0x08004763   Thumb Code    26  stm32f10x_rcc.o(.text)
    RCC_APB2PeriphClockCmd                   0x0800477d   Thumb Code    26  stm32f10x_rcc.o(.text)
    RCC_APB1PeriphClockCmd                   0x08004797   Thumb Code    26  stm32f10x_rcc.o(.text)
    RCC_APB2PeriphResetCmd                   0x080047b1   Thumb Code    26  stm32f10x_rcc.o(.text)
    RCC_APB1PeriphResetCmd                   0x080047cb   Thumb Code    26  stm32f10x_rcc.o(.text)
    RCC_BackupResetCmd                       0x080047e5   Thumb Code     8  stm32f10x_rcc.o(.text)
    RCC_ClockSecuritySystemCmd               0x080047ed   Thumb Code     6  stm32f10x_rcc.o(.text)
    RCC_MCOConfig                            0x080047f3   Thumb Code     6  stm32f10x_rcc.o(.text)
    RCC_ClearFlag                            0x080047f9   Thumb Code    14  stm32f10x_rcc.o(.text)
    RCC_GetITStatus                          0x08004807   Thumb Code    20  stm32f10x_rcc.o(.text)
    RCC_ClearITPendingBit                    0x0800481b   Thumb Code     6  stm32f10x_rcc.o(.text)
    USART_DeInit                             0x08004845   Thumb Code   134  stm32f10x_usart.o(.text)
    USART_Init                               0x080048cb   Thumb Code   210  stm32f10x_usart.o(.text)
    USART_StructInit                         0x0800499d   Thumb Code    24  stm32f10x_usart.o(.text)
    USART_ClockInit                          0x080049b5   Thumb Code    34  stm32f10x_usart.o(.text)
    USART_ClockStructInit                    0x080049d7   Thumb Code    12  stm32f10x_usart.o(.text)
    USART_Cmd                                0x080049e3   Thumb Code    24  stm32f10x_usart.o(.text)
    USART_ITConfig                           0x080049fb   Thumb Code    74  stm32f10x_usart.o(.text)
    USART_DMACmd                             0x08004a45   Thumb Code    18  stm32f10x_usart.o(.text)
    USART_SetAddress                         0x08004a57   Thumb Code    18  stm32f10x_usart.o(.text)
    USART_WakeUpConfig                       0x08004a69   Thumb Code    18  stm32f10x_usart.o(.text)
    USART_ReceiverWakeUpCmd                  0x08004a7b   Thumb Code    24  stm32f10x_usart.o(.text)
    USART_LINBreakDetectLengthConfig         0x08004a93   Thumb Code    18  stm32f10x_usart.o(.text)
    USART_LINCmd                             0x08004aa5   Thumb Code    24  stm32f10x_usart.o(.text)
    USART_SendData                           0x08004abd   Thumb Code     8  stm32f10x_usart.o(.text)
    USART_ReceiveData                        0x08004ac5   Thumb Code    10  stm32f10x_usart.o(.text)
    USART_SendBreak                          0x08004acf   Thumb Code    10  stm32f10x_usart.o(.text)
    USART_SetGuardTime                       0x08004ad9   Thumb Code    16  stm32f10x_usart.o(.text)
    USART_SetPrescaler                       0x08004ae9   Thumb Code    16  stm32f10x_usart.o(.text)
    USART_SmartCardCmd                       0x08004af9   Thumb Code    24  stm32f10x_usart.o(.text)
    USART_SmartCardNACKCmd                   0x08004b11   Thumb Code    24  stm32f10x_usart.o(.text)
    USART_HalfDuplexCmd                      0x08004b29   Thumb Code    24  stm32f10x_usart.o(.text)
    USART_OverSampling8Cmd                   0x08004b41   Thumb Code    22  stm32f10x_usart.o(.text)
    USART_OneBitMethodCmd                    0x08004b57   Thumb Code    24  stm32f10x_usart.o(.text)
    USART_IrDAConfig                         0x08004b6f   Thumb Code    18  stm32f10x_usart.o(.text)
    USART_IrDACmd                            0x08004b81   Thumb Code    24  stm32f10x_usart.o(.text)
    USART_GetFlagStatus                      0x08004b99   Thumb Code    26  stm32f10x_usart.o(.text)
    USART_ClearFlag                          0x08004bb3   Thumb Code    18  stm32f10x_usart.o(.text)
    USART_GetITStatus                        0x08004bc5   Thumb Code    84  stm32f10x_usart.o(.text)
    USART_ClearITPendingBit                  0x08004c19   Thumb Code    52  stm32f10x_usart.o(.text)
    NVIC_PriorityGroupConfig                 0x08004c4d   Thumb Code    10  misc.o(.text)
    NVIC_Init                                0x08004c57   Thumb Code   100  misc.o(.text)
    NVIC_SetVectorTable                      0x08004cbb   Thumb Code    14  misc.o(.text)
    NVIC_SystemLPConfig                      0x08004cc9   Thumb Code    34  misc.o(.text)
    SysTick_CLKSourceConfig                  0x08004ceb   Thumb Code    40  misc.o(.text)
    ADC_DeInit                               0x08004d29   Thumb Code    78  stm32f10x_adc.o(.text)
    ADC_Init                                 0x08004d77   Thumb Code    70  stm32f10x_adc.o(.text)
    ADC_StructInit                           0x08004dbd   Thumb Code    18  stm32f10x_adc.o(.text)
    ADC_Cmd                                  0x08004dcf   Thumb Code    22  stm32f10x_adc.o(.text)
    ADC_DMACmd                               0x08004de5   Thumb Code    22  stm32f10x_adc.o(.text)
    ADC_ITConfig                             0x08004dfb   Thumb Code    24  stm32f10x_adc.o(.text)
    ADC_ResetCalibration                     0x08004e13   Thumb Code    10  stm32f10x_adc.o(.text)
    ADC_GetResetCalibrationStatus            0x08004e1d   Thumb Code    20  stm32f10x_adc.o(.text)
    ADC_StartCalibration                     0x08004e31   Thumb Code    10  stm32f10x_adc.o(.text)
    ADC_GetCalibrationStatus                 0x08004e3b   Thumb Code    20  stm32f10x_adc.o(.text)
    ADC_SoftwareStartConvCmd                 0x08004e4f   Thumb Code    22  stm32f10x_adc.o(.text)
    ADC_GetSoftwareStartConvStatus           0x08004e65   Thumb Code    20  stm32f10x_adc.o(.text)
    ADC_DiscModeChannelCountConfig           0x08004e79   Thumb Code    24  stm32f10x_adc.o(.text)
    ADC_DiscModeCmd                          0x08004e91   Thumb Code    22  stm32f10x_adc.o(.text)
    ADC_RegularChannelConfig                 0x08004ea7   Thumb Code   184  stm32f10x_adc.o(.text)
    ADC_ExternalTrigConvCmd                  0x08004f5f   Thumb Code    22  stm32f10x_adc.o(.text)
    ADC_GetConversionValue                   0x08004f75   Thumb Code     8  stm32f10x_adc.o(.text)
    ADC_GetDualModeConversionValue           0x08004f7d   Thumb Code     8  stm32f10x_adc.o(.text)
    ADC_AutoInjectedConvCmd                  0x08004f85   Thumb Code    22  stm32f10x_adc.o(.text)
    ADC_InjectedDiscModeCmd                  0x08004f9b   Thumb Code    22  stm32f10x_adc.o(.text)
    ADC_ExternalTrigInjectedConvConfig       0x08004fb1   Thumb Code    16  stm32f10x_adc.o(.text)
    ADC_ExternalTrigInjectedConvCmd          0x08004fc1   Thumb Code    22  stm32f10x_adc.o(.text)
    ADC_SoftwareStartInjectedConvCmd         0x08004fd7   Thumb Code    22  stm32f10x_adc.o(.text)
    ADC_GetSoftwareStartInjectedConvCmdStatus 0x08004fed   Thumb Code    20  stm32f10x_adc.o(.text)
    ADC_InjectedChannelConfig                0x08005001   Thumb Code   130  stm32f10x_adc.o(.text)
    ADC_InjectedSequencerLengthConfig        0x08005083   Thumb Code    24  stm32f10x_adc.o(.text)
    ADC_SetInjectedOffset                    0x0800509b   Thumb Code    20  stm32f10x_adc.o(.text)
    ADC_GetInjectedConversionValue           0x080050af   Thumb Code    28  stm32f10x_adc.o(.text)
    ADC_AnalogWatchdogCmd                    0x080050cb   Thumb Code    16  stm32f10x_adc.o(.text)
    ADC_AnalogWatchdogThresholdsConfig       0x080050db   Thumb Code     6  stm32f10x_adc.o(.text)
    ADC_AnalogWatchdogSingleChannelConfig    0x080050e1   Thumb Code    16  stm32f10x_adc.o(.text)
    ADC_TempSensorVrefintCmd                 0x080050f1   Thumb Code    64  stm32f10x_adc.o(.text)
    ADC_GetFlagStatus                        0x08005131   Thumb Code    18  stm32f10x_adc.o(.text)
    ADC_ClearFlag                            0x08005143   Thumb Code     6  stm32f10x_adc.o(.text)
    ADC_GetITStatus                          0x08005149   Thumb Code    36  stm32f10x_adc.o(.text)
    ADC_ClearITPendingBit                    0x0800516d   Thumb Code    10  stm32f10x_adc.o(.text)
    cr4_fft_256_stm32                        0x08005179   Thumb Code     0  cr4_fft_256_stm32.o(.text)
    __use_no_semihosting                     0x08005757   Thumb Code     2  use_no_semi_2.o(.text)
    __2printf                                0x08005759   Thumb Code    20  noretval__2printf.o(.text)
    __printf                                 0x08005771   Thumb Code   104  __printf.o(.text)
    _printf_int_hex                          0x080057d9   Thumb Code    84  _printf_hex_int.o(.text)
    _printf_longlong_hex                     0x080057d9   Thumb Code     0  _printf_hex_int.o(.text)
    __aeabi_memcpy4                          0x08005831   Thumb Code     0  rt_memcpy_w.o(.text)
    __aeabi_memcpy8                          0x08005831   Thumb Code     0  rt_memcpy_w.o(.text)
    __rt_memcpy_w                            0x08005831   Thumb Code   100  rt_memcpy_w.o(.text)
    _memcpy_lastbytes_aligned                0x08005879   Thumb Code     0  rt_memcpy_w.o(.text)
    __use_two_region_memory                  0x08005895   Thumb Code     2  heapauxi.o(.text)
    __rt_heap_escrow$2region                 0x08005897   Thumb Code     2  heapauxi.o(.text)
    __rt_heap_expand$2region                 0x08005899   Thumb Code     2  heapauxi.o(.text)
    __I$use$semihosting                      0x0800589b   Thumb Code     0  use_no_semi.o(.text)
    __use_no_semihosting_swi                 0x0800589b   Thumb Code     2  use_no_semi.o(.text)
    __read_errno                             0x0800589d   Thumb Code    10  _rserrno.o(.text)
    __set_errno                              0x080058a7   Thumb Code    12  _rserrno.o(.text)
    _printf_int_common                       0x080058b3   Thumb Code   178  _printf_intcommon.o(.text)
    _printf_char_file                        0x08005965   Thumb Code    32  _printf_char_file.o(.text)
    __aeabi_errno_addr                       0x08005989   Thumb Code     8  rt_errno_addr_intlibspace.o(.text)
    __errno$intlibspace                      0x08005989   Thumb Code     0  rt_errno_addr_intlibspace.o(.text)
    __rt_errno_addr$intlibspace              0x08005989   Thumb Code     0  rt_errno_addr_intlibspace.o(.text)
    _printf_char_common                      0x0800599b   Thumb Code    32  _printf_char_common.o(.text)
    ferror                                   0x080059c1   Thumb Code     8  ferror.o(.text)
    __user_libspace                          0x080059c9   Thumb Code     8  libspace.o(.text)
    __user_perproc_libspace                  0x080059c9   Thumb Code     0  libspace.o(.text)
    __user_perthread_libspace                0x080059c9   Thumb Code     0  libspace.o(.text)
    __user_setup_stackheap                   0x080059d1   Thumb Code    74  sys_stackheap_outer.o(.text)
    exit                                     0x08005a1b   Thumb Code    18  exit.o(.text)
    sqrt                                     0x08005a2d   Thumb Code    76  sqrt.o(i.sqrt)
    __aeabi_d2f                              0x08005a79   Thumb Code     0  d2f.o(x$fpl$d2f)
    _d2f                                     0x08005a79   Thumb Code    98  d2f.o(x$fpl$d2f)
    __aeabi_ddiv                             0x08005add   Thumb Code     0  ddiv.o(x$fpl$ddiv)
    _ddiv                                    0x08005add   Thumb Code   552  ddiv.o(x$fpl$ddiv)
    __aeabi_d2uiz                            0x08005d8d   Thumb Code     0  dfixu.o(x$fpl$dfixu)
    _dfixu                                   0x08005d8d   Thumb Code    90  dfixu.o(x$fpl$dfixu)
    __aeabi_ui2d                             0x08005de7   Thumb Code     0  dflt_clz.o(x$fpl$dfltu)
    _dfltu                                   0x08005de7   Thumb Code    38  dflt_clz.o(x$fpl$dfltu)
    __aeabi_dmul                             0x08005e0d   Thumb Code     0  dmul.o(x$fpl$dmul)
    _dmul                                    0x08005e0d   Thumb Code   332  dmul.o(x$fpl$dmul)
    __fpl_dnaninf                            0x08005f61   Thumb Code   156  dnaninf.o(x$fpl$dnaninf)
    __fpl_dretinf                            0x08005ffd   Thumb Code    12  dretinf.o(x$fpl$dretinf)
    _dsqrt                                   0x08006009   Thumb Code   456  dsqrt_noumaal.o(x$fpl$dsqrt)
    __aeabi_f2d                              0x080061d5   Thumb Code     0  f2d.o(x$fpl$f2d)
    _f2d                                     0x080061d5   Thumb Code    86  f2d.o(x$fpl$f2d)
    __aeabi_fadd                             0x0800622d   Thumb Code     0  faddsub_clz.o(x$fpl$fadd)
    _fadd                                    0x0800622d   Thumb Code   196  faddsub_clz.o(x$fpl$fadd)
    __fpl_fcmp_Inf                           0x080062f1   Thumb Code    24  fcmpi.o(x$fpl$fcmpinf)
    __aeabi_fdiv                             0x08006309   Thumb Code     0  fdiv.o(x$fpl$fdiv)
    _fdiv                                    0x08006309   Thumb Code   384  fdiv.o(x$fpl$fdiv)
    __aeabi_f2uiz                            0x0800648d   Thumb Code     0  ffixu.o(x$fpl$ffixu)
    _ffixu                                   0x0800648d   Thumb Code    62  ffixu.o(x$fpl$ffixu)
    __aeabi_i2f                              0x080064cd   Thumb Code     0  fflt_clz.o(x$fpl$fflt)
    _fflt                                    0x080064cd   Thumb Code    48  fflt_clz.o(x$fpl$fflt)
    __aeabi_ui2f                             0x080064fd   Thumb Code     0  fflt_clz.o(x$fpl$ffltu)
    _ffltu                                   0x080064fd   Thumb Code    38  fflt_clz.o(x$fpl$ffltu)
    __aeabi_cfcmple                          0x08006525   Thumb Code     0  fleqf.o(x$fpl$fleqf)
    _fcmple                                  0x08006525   Thumb Code   104  fleqf.o(x$fpl$fleqf)
    __fpl_fcmple_InfNaN                      0x08006577   Thumb Code     0  fleqf.o(x$fpl$fleqf)
    __aeabi_fmul                             0x0800658d   Thumb Code     0  fmul.o(x$fpl$fmul)
    _fmul                                    0x0800658d   Thumb Code   258  fmul.o(x$fpl$fmul)
    __fpl_fnaninf                            0x0800668f   Thumb Code   140  fnaninf.o(x$fpl$fnaninf)
    __fpl_fretinf                            0x0800671b   Thumb Code    10  fretinf.o(x$fpl$fretinf)
    __aeabi_cfrcmple                         0x08006725   Thumb Code     0  frleqf.o(x$fpl$frleqf)
    _frcmple                                 0x08006725   Thumb Code    98  frleqf.o(x$fpl$frleqf)
    __aeabi_fsub                             0x08006789   Thumb Code     0  faddsub_clz.o(x$fpl$fsub)
    _fsub                                    0x08006789   Thumb Code   234  faddsub_clz.o(x$fpl$fsub)
    __I$use$fp                               0x08006872   Number         0  usenofp.o(x$fpl$usenofp)
    asc2_1206                                0x080068a0   Data        1140  lcd.o(.constdata)
    asc2_1608                                0x08006d14   Data        1520  lcd.o(.constdata)
    asc2_2412                                0x08007304   Data        3420  lcd.o(.constdata)
    Region$$Table$$Base                      0x08008088   Number         0  anon$$obj.o(Region$$Table)
    Region$$Table$$Limit                     0x080080a8   Number         0  anon$$obj.o(Region$$Table)
    SystemCoreClock                          0x20000000   Data           4  system_stm32f10x.o(.data)
    AHBPrescTable                            0x20000004   Data          16  system_stm32f10x.o(.data)
    POINT_COLOR                              0x20000014   Data           2  lcd.o(.data)
    BACK_COLOR                               0x20000016   Data           2  lcd.o(.data)
    __stdout                                 0x20000020   Data           4  usart.o(.data)
    USART_RX_STA                             0x20000024   Data           2  usart.o(.data)
    adc_1                                    0x2000003c   Data        1024  main.o(.bss)
    fre_data_1                               0x2000043c   Data        1024  main.o(.bss)
    temp_1                                   0x2000083c   Data          88  main.o(.bss)
    temp_2                                   0x20000894   Data          88  main.o(.bss)
    lBufOutArray                             0x200008ec   Data        1024  fft.o(.bss)
    lBufMagArray                             0x20000cec   Data        1024  fft.o(.bss)
    lcddev                                   0x200010ec   Data          14  lcd.o(.bss)
    USART_RX_BUF                             0x200010fa   Data         200  usart.o(.bss)
    __libspace_start                         0x200011c4   Data          96  libspace.o(.bss)
    __temporary_stack_top$libspace           0x20001224   Data           0  libspace.o(.bss)



==============================================================================

Memory Map of the image

  Image Entry point : 0x08000131

  Load Region LR_IROM1 (Base: 0x08000000, Size: 0x000080e4, Max: 0x00040000, ABSOLUTE)

    Execution Region ER_IROM1 (Base: 0x08000000, Size: 0x000080a8, Max: 0x00040000, ABSOLUTE)

    Base Addr    Size         Type   Attr      Idx    E Section Name        Object

    0x08000000   0x00000130   Data   RO          374    RESET               startup_stm32f10x_hd.o
    0x08000130   0x00000008   Code   RO          531  * !!!main             c_w.l(__main.o)
    0x08000138   0x00000034   Code   RO          777    !!!scatter          c_w.l(__scatter.o)
    0x0800016c   0x0000001a   Code   RO          779    !!handler_copy      c_w.l(__scatter_copy.o)
    0x08000186   0x00000002   PAD
    0x08000188   0x0000001c   Code   RO          781    !!handler_zi        c_w.l(__scatter_zi.o)
    0x080001a4   0x00000000   Code   RO          526    .ARM.Collect$$_printf_percent$$00000000  c_w.l(_printf_percent.o)
    0x080001a4   0x00000006   Code   RO          525    .ARM.Collect$$_printf_percent$$0000000C  c_w.l(_printf_x.o)
    0x080001aa   0x00000004   Code   RO          594    .ARM.Collect$$_printf_percent$$00000017  c_w.l(_printf_percent_end.o)
    0x080001ae   0x00000002   Code   RO          654    .ARM.Collect$$libinit$$00000000  c_w.l(libinit.o)
    0x080001b0   0x00000000   Code   RO          658    .ARM.Collect$$libinit$$00000002  c_w.l(libinit2.o)
    0x080001b0   0x00000000   Code   RO          660    .ARM.Collect$$libinit$$00000004  c_w.l(libinit2.o)
    0x080001b0   0x00000000   Code   RO          663    .ARM.Collect$$libinit$$0000000A  c_w.l(libinit2.o)
    0x080001b0   0x00000000   Code   RO          665    .ARM.Collect$$libinit$$0000000C  c_w.l(libinit2.o)
    0x080001b0   0x00000000   Code   RO          667    .ARM.Collect$$libinit$$0000000E  c_w.l(libinit2.o)
    0x080001b0   0x00000000   Code   RO          670    .ARM.Collect$$libinit$$00000011  c_w.l(libinit2.o)
    0x080001b0   0x00000000   Code   RO          672    .ARM.Collect$$libinit$$00000013  c_w.l(libinit2.o)
    0x080001b0   0x00000000   Code   RO          674    .ARM.Collect$$libinit$$00000015  c_w.l(libinit2.o)
    0x080001b0   0x00000000   Code   RO          676    .ARM.Collect$$libinit$$00000017  c_w.l(libinit2.o)
    0x080001b0   0x00000000   Code   RO          678    .ARM.Collect$$libinit$$00000019  c_w.l(libinit2.o)
    0x080001b0   0x00000000   Code   RO          680    .ARM.Collect$$libinit$$0000001B  c_w.l(libinit2.o)
    0x080001b0   0x00000000   Code   RO          682    .ARM.Collect$$libinit$$0000001D  c_w.l(libinit2.o)
    0x080001b0   0x00000000   Code   RO          684    .ARM.Collect$$libinit$$0000001F  c_w.l(libinit2.o)
    0x080001b0   0x00000000   Code   RO          686    .ARM.Collect$$libinit$$00000021  c_w.l(libinit2.o)
    0x080001b0   0x00000000   Code   RO          688    .ARM.Collect$$libinit$$00000023  c_w.l(libinit2.o)
    0x080001b0   0x00000000   Code   RO          690    .ARM.Collect$$libinit$$00000025  c_w.l(libinit2.o)
    0x080001b0   0x00000000   Code   RO          694    .ARM.Collect$$libinit$$0000002C  c_w.l(libinit2.o)
    0x080001b0   0x00000000   Code   RO          696    .ARM.Collect$$libinit$$0000002E  c_w.l(libinit2.o)
    0x080001b0   0x00000000   Code   RO          698    .ARM.Collect$$libinit$$00000030  c_w.l(libinit2.o)
    0x080001b0   0x00000000   Code   RO          700    .ARM.Collect$$libinit$$00000032  c_w.l(libinit2.o)
    0x080001b0   0x00000002   Code   RO          701    .ARM.Collect$$libinit$$00000033  c_w.l(libinit2.o)
    0x080001b2   0x00000002   Code   RO          719    .ARM.Collect$$libshutdown$$00000000  c_w.l(libshutdown.o)
    0x080001b4   0x00000000   Code   RO          729    .ARM.Collect$$libshutdown$$00000002  c_w.l(libshutdown2.o)
    0x080001b4   0x00000000   Code   RO          731    .ARM.Collect$$libshutdown$$00000004  c_w.l(libshutdown2.o)
    0x080001b4   0x00000000   Code   RO          734    .ARM.Collect$$libshutdown$$00000007  c_w.l(libshutdown2.o)
    0x080001b4   0x00000000   Code   RO          737    .ARM.Collect$$libshutdown$$0000000A  c_w.l(libshutdown2.o)
    0x080001b4   0x00000000   Code   RO          739    .ARM.Collect$$libshutdown$$0000000C  c_w.l(libshutdown2.o)
    0x080001b4   0x00000000   Code   RO          742    .ARM.Collect$$libshutdown$$0000000F  c_w.l(libshutdown2.o)
    0x080001b4   0x00000002   Code   RO          743    .ARM.Collect$$libshutdown$$00000010  c_w.l(libshutdown2.o)
    0x080001b6   0x00000000   Code   RO          587    .ARM.Collect$$rtentry$$00000000  c_w.l(__rtentry.o)
    0x080001b6   0x00000000   Code   RO          611    .ARM.Collect$$rtentry$$00000002  c_w.l(__rtentry2.o)
    0x080001b6   0x00000006   Code   RO          623    .ARM.Collect$$rtentry$$00000004  c_w.l(__rtentry4.o)
    0x080001bc   0x00000000   Code   RO          613    .ARM.Collect$$rtentry$$00000009  c_w.l(__rtentry2.o)
    0x080001bc   0x00000004   Code   RO          614    .ARM.Collect$$rtentry$$0000000A  c_w.l(__rtentry2.o)
    0x080001c0   0x00000000   Code   RO          616    .ARM.Collect$$rtentry$$0000000C  c_w.l(__rtentry2.o)
    0x080001c0   0x00000008   Code   RO          617    .ARM.Collect$$rtentry$$0000000D  c_w.l(__rtentry2.o)
    0x080001c8   0x00000002   Code   RO          655    .ARM.Collect$$rtexit$$00000000  c_w.l(rtexit.o)
    0x080001ca   0x00000000   Code   RO          703    .ARM.Collect$$rtexit$$00000002  c_w.l(rtexit2.o)
    0x080001ca   0x00000004   Code   RO          704    .ARM.Collect$$rtexit$$00000003  c_w.l(rtexit2.o)
    0x080001ce   0x00000006   Code   RO          705    .ARM.Collect$$rtexit$$00000004  c_w.l(rtexit2.o)
    0x080001d4   0x000005a8   Code   RO            1    .text               main.o
    0x0800077c   0x0000001a   Code   RO          149    .text               stm32f10x_it.o
    0x08000796   0x00000002   PAD
    0x08000798   0x000001e0   Code   RO          190    .text               system_stm32f10x.o
    0x08000978   0x000000e0   Code   RO          208    .text               fft.o
    0x08000a58   0x000000c0   Code   RO          226    .text               led.o
    0x08000b18   0x00003028   Code   RO          238    .text               lcd.o
    0x08003b40   0x000002d0   Code   RO          268    .text               adc.o
    0x08003e10   0x000000e0   Code   RO          295    .text               key.o
    0x08003ef0   0x000000d4   Code   RO          308    .text               delay.o
    0x08003fc4   0x00000140   Code   RO          339    .text               usart.o
    0x08004104   0x00000040   Code   RO          375    .text               startup_stm32f10x_hd.o
    0x08004144   0x0000035c   Code   RO          379    .text               stm32f10x_gpio.o
    0x080044a0   0x000003a4   Code   RO          391    .text               stm32f10x_rcc.o
    0x08004844   0x00000408   Code   RO          405    .text               stm32f10x_usart.o
    0x08004c4c   0x000000dc   Code   RO          417    .text               misc.o
    0x08004d28   0x0000044e   Code   RO          429    .text               stm32f10x_adc.o
    0x08005176   0x00000002   PAD
    0x08005178   0x000005de   Code   RO          468    .text               cr4_fft_256_stm32.o
    0x08005756   0x00000002   Code   RO          476    .text               c_w.l(use_no_semi_2.o)
    0x08005758   0x00000018   Code   RO          480    .text               c_w.l(noretval__2printf.o)
    0x08005770   0x00000068   Code   RO          482    .text               c_w.l(__printf.o)
    0x080057d8   0x00000058   Code   RO          487    .text               c_w.l(_printf_hex_int.o)
    0x08005830   0x00000064   Code   RO          527    .text               c_w.l(rt_memcpy_w.o)
    0x08005894   0x00000006   Code   RO          529    .text               c_w.l(heapauxi.o)
    0x0800589a   0x00000002   Code   RO          585    .text               c_w.l(use_no_semi.o)
    0x0800589c   0x00000016   Code   RO          588    .text               c_w.l(_rserrno.o)
    0x080058b2   0x000000b2   Code   RO          590    .text               c_w.l(_printf_intcommon.o)
    0x08005964   0x00000024   Code   RO          592    .text               c_w.l(_printf_char_file.o)
    0x08005988   0x00000008   Code   RO          628    .text               c_w.l(rt_errno_addr_intlibspace.o)
    0x08005990   0x00000030   Code   RO          630    .text               c_w.l(_printf_char_common.o)
    0x080059c0   0x00000008   Code   RO          632    .text               c_w.l(ferror.o)
    0x080059c8   0x00000008   Code   RO          640    .text               c_w.l(libspace.o)
    0x080059d0   0x0000004a   Code   RO          643    .text               c_w.l(sys_stackheap_outer.o)
    0x08005a1a   0x00000012   Code   RO          647    .text               c_w.l(exit.o)
    0x08005a2c   0x0000004c   Code   RO          578    i.sqrt              m_ws.l(sqrt.o)
    0x08005a78   0x00000062   Code   RO          533    x$fpl$d2f           fz_ws.l(d2f.o)
    0x08005ada   0x00000002   PAD
    0x08005adc   0x000002b0   Code   RO          536    x$fpl$ddiv          fz_ws.l(ddiv.o)
    0x08005d8c   0x0000005a   Code   RO          539    x$fpl$dfixu         fz_ws.l(dfixu.o)
    0x08005de6   0x00000026   Code   RO          543    x$fpl$dfltu         fz_ws.l(dflt_clz.o)
    0x08005e0c   0x00000154   Code   RO          549    x$fpl$dmul          fz_ws.l(dmul.o)
    0x08005f60   0x0000009c   Code   RO          597    x$fpl$dnaninf       fz_ws.l(dnaninf.o)
    0x08005ffc   0x0000000c   Code   RO          599    x$fpl$dretinf       fz_ws.l(dretinf.o)
    0x08006008   0x000001cc   Code   RO          601    x$fpl$dsqrt         fz_ws.l(dsqrt_noumaal.o)
    0x080061d4   0x00000056   Code   RO          551    x$fpl$f2d           fz_ws.l(f2d.o)
    0x0800622a   0x00000002   PAD
    0x0800622c   0x000000c4   Code   RO          553    x$fpl$fadd          fz_ws.l(faddsub_clz.o)
    0x080062f0   0x00000018   Code   RO          638    x$fpl$fcmpinf       fz_ws.l(fcmpi.o)
    0x08006308   0x00000184   Code   RO          560    x$fpl$fdiv          fz_ws.l(fdiv.o)
    0x0800648c   0x0000003e   Code   RO          563    x$fpl$ffixu         fz_ws.l(ffixu.o)
    0x080064ca   0x00000002   PAD
    0x080064cc   0x00000030   Code   RO          568    x$fpl$fflt          fz_ws.l(fflt_clz.o)
    0x080064fc   0x00000026   Code   RO          567    x$fpl$ffltu         fz_ws.l(fflt_clz.o)
    0x08006522   0x00000002   PAD
    0x08006524   0x00000068   Code   RO          603    x$fpl$fleqf         fz_ws.l(fleqf.o)
    0x0800658c   0x00000102   Code   RO          573    x$fpl$fmul          fz_ws.l(fmul.o)
    0x0800668e   0x0000008c   Code   RO          605    x$fpl$fnaninf       fz_ws.l(fnaninf.o)
    0x0800671a   0x0000000a   Code   RO          607    x$fpl$fretinf       fz_ws.l(fretinf.o)
    0x08006724   0x00000062   Code   RO          575    x$fpl$frleqf        fz_ws.l(frleqf.o)
    0x08006786   0x00000002   PAD
    0x08006788   0x000000ea   Code   RO          555    x$fpl$fsub          fz_ws.l(faddsub_clz.o)
    0x08006872   0x00000000   Code   RO          609    x$fpl$usenofp       fz_ws.l(usenofp.o)
    0x08006872   0x00000002   PAD
    0x08006874   0x0000002c   Data   RO            3    .constdata          main.o
    0x080068a0   0x000017c0   Data   RO          240    .constdata          lcd.o
    0x08008060   0x00000028   Data   RO          488    .constdata          c_w.l(_printf_hex_int.o)
    0x08008088   0x00000020   Data   RO          775    Region$$Table       anon$$obj.o


    Execution Region RW_IRAM1 (Base: 0x20000000, Size: 0x00001828, Max: 0x0000c000, ABSOLUTE)

    Base Addr    Size         Type   Attr      Idx    E Section Name        Object

    0x20000000   0x00000014   Data   RW          191    .data               system_stm32f10x.o
    0x20000014   0x00000004   Data   RW          241    .data               lcd.o
    0x20000018   0x00000001   Data   RW          296    .data               key.o
    0x20000019   0x00000001   PAD
    0x2000001a   0x00000004   Data   RW          309    .data               delay.o
    0x2000001e   0x00000002   PAD
    0x20000020   0x00000006   Data   RW          341    .data               usart.o
    0x20000026   0x00000014   Data   RW          392    .data               stm32f10x_rcc.o
    0x2000003a   0x00000002   PAD
    0x2000003c   0x000008b0   Zero   RW            2    .bss                main.o
    0x200008ec   0x00000800   Zero   RW          209    .bss                fft.o
    0x200010ec   0x0000000e   Zero   RW          239    .bss                lcd.o
    0x200010fa   0x000000c8   Zero   RW          340    .bss                usart.o
    0x200011c2   0x00000002   PAD
    0x200011c4   0x00000060   Zero   RW          641    .bss                c_w.l(libspace.o)
    0x20001224   0x00000004   PAD
    0x20001228   0x00000200   Zero   RW          373    HEAP                startup_stm32f10x_hd.o
    0x20001428   0x00000400   Zero   RW          372    STACK               startup_stm32f10x_hd.o


==============================================================================

Image component sizes


      Code (inc. data)   RO Data    RW Data    ZI Data      Debug   Object Name

       720         20          0          0          0       2051   adc.o
      1502       1008          0          0          0        300   cr4_fft_256_stm32.o
       212         18          0          4          0       1031   delay.o
       224         14          0          0       2048       1210   fft.o
       224         16          0          1          0        812   key.o
     12328        178       6080          4         14      19800   lcd.o
       192         10          0          0          0        551   led.o
      1448         80         44          0       2224     244047   main.o
       220         22          0          0          0       1785   misc.o
        64         26        304          0       1536        796   startup_stm32f10x_hd.o
      1102         26          0          0          0      11029   stm32f10x_adc.o
       860         38          0          0          0       5721   stm32f10x_gpio.o
        26          0          0          0          0     204238   stm32f10x_it.o
       932         36          0         20          0       8896   stm32f10x_rcc.o
      1032         22          0          0          0       8444   stm32f10x_usart.o
         0          0          0          0          0         32   sys.o
       480         38          0         20          0       1719   system_stm32f10x.o
       320         18          0          6        200       3114   usart.o

    ----------------------------------------------------------------------
     21890       1570       6460         60       6024     515576   Object Totals
         0          0         32          0          0          0   (incl. Generated)
         4          0          0          5          2          0   (incl. Padding)

    ----------------------------------------------------------------------

      Code (inc. data)   RO Data    RW Data    ZI Data      Debug   Library Member Name

         8          0          0          0          0         68   __main.o
       104          0          0          0          0         84   __printf.o
         0          0          0          0          0          0   __rtentry.o
        12          0          0          0          0          0   __rtentry2.o
         6          0          0          0          0          0   __rtentry4.o
        52          8          0          0          0          0   __scatter.o
        26          0          0          0          0          0   __scatter_copy.o
        28          0          0          0          0          0   __scatter_zi.o
        48          6          0          0          0         96   _printf_char_common.o
        36          4          0          0          0         80   _printf_char_file.o
        88          4         40          0          0         88   _printf_hex_int.o
       178          0          0          0          0         88   _printf_intcommon.o
         0          0          0          0          0          0   _printf_percent.o
         4          0          0          0          0          0   _printf_percent_end.o
         6          0          0          0          0          0   _printf_x.o
        22          0          0          0          0        100   _rserrno.o
        18          0          0          0          0         80   exit.o
         8          0          0          0          0         68   ferror.o
         6          0          0          0          0        152   heapauxi.o
         2          0          0          0          0          0   libinit.o
         2          0          0          0          0          0   libinit2.o
         2          0          0          0          0          0   libshutdown.o
         2          0          0          0          0          0   libshutdown2.o
         8          4          0          0         96         68   libspace.o
        24          4          0          0          0         84   noretval__2printf.o
         8          4          0          0          0         68   rt_errno_addr_intlibspace.o
       100          0          0          0          0         80   rt_memcpy_w.o
         2          0          0          0          0          0   rtexit.o
        10          0          0          0          0          0   rtexit2.o
        74          0          0          0          0         80   sys_stackheap_outer.o
         2          0          0          0          0         68   use_no_semi.o
         2          0          0          0          0         68   use_no_semi_2.o
        98          4          0          0          0         92   d2f.o
       688        140          0          0          0        208   ddiv.o
        90          4          0          0          0         92   dfixu.o
        38          0          0          0          0         68   dflt_clz.o
       340         12          0          0          0        104   dmul.o
       156          4          0          0          0         92   dnaninf.o
        12          0          0          0          0         68   dretinf.o
       460         56          0          0          0        120   dsqrt_noumaal.o
        86          4          0          0          0         84   f2d.o
       430          8          0          0          0        168   faddsub_clz.o
        24          0          0          0          0         68   fcmpi.o
       388         76          0          0          0         96   fdiv.o
        62          4          0          0          0         84   ffixu.o
        86          0          0          0          0        136   fflt_clz.o
       104          4          0          0          0         84   fleqf.o
       258          4          0          0          0         84   fmul.o
       140          4          0          0          0         84   fnaninf.o
        10          0          0          0          0         68   fretinf.o
        98          0          0          0          0         68   frleqf.o
         0          0          0          0          0          0   usenofp.o
        76          0          0          0          0         84   sqrt.o

    ----------------------------------------------------------------------
      4546        358         40          0        100       3372   Library Totals
        14          0          0          0          4          0   (incl. Padding)

    ----------------------------------------------------------------------

      Code (inc. data)   RO Data    RW Data    ZI Data      Debug   Library Name

       888         34         40          0         96       1420   c_w.l
      3568        324          0          0          0       1868   fz_ws.l
        76          0          0          0          0         84   m_ws.l

    ----------------------------------------------------------------------
      4546        358         40          0        100       3372   Library Totals

    ----------------------------------------------------------------------

==============================================================================


      Code (inc. data)   RO Data    RW Data    ZI Data      Debug   

     26436       1928       6500         60       6124     515876   Grand Totals
     26436       1928       6500         60       6124     515876   ELF Image Totals
     26436       1928       6500         60          0          0   ROM Totals

==============================================================================

    Total RO  Size (Code + RO Data)                32936 (  32.16kB)
    Total RW  Size (RW Data + ZI Data)              6184 (   6.04kB)
    Total ROM Size (Code + RO Data + RW Data)      32996 (  32.22kB)

==============================================================================

