Component: ARM Compiler 5.06 (build 20) Tool: armlink [4d35a3]

==============================================================================

Section Cross References

    main.o(.text) refers to delay.o(.text) for delay_init
    main.o(.text) refers to usart.o(.text) for uart_init
    main.o(.text) refers to led.o(.text) for LED_Init
    main.o(.text) refers to lcd.o(.text) for LCD_Init
    main.o(.text) refers to adc.o(.text) for adc_Init
    main.o(.text) refers to fflt_clz.o(x$fpl$ffltu) for __aeabi_ui2f
    main.o(.text) refers to fmul.o(x$fpl$fmul) for __aeabi_fmul
    main.o(.text) refers to faddsub_clz.o(x$fpl$fadd) for __aeabi_fadd
    main.o(.text) refers to ffixu.o(x$fpl$ffixu) for __aeabi_f2uiz
    main.o(.text) refers to cr4_fft_256_stm32.o(.text) for cr4_fft_256_stm32
    main.o(.text) refers to fft.o(.text) for GetPowerMag
    main.o(.text) refers to main.o(.constdata) for .constdata
    main.o(.text) refers to lcd.o(.data) for POINT_COLOR
    main.o(.text) refers to main.o(.bss) for adc_1
    main.o(.text) refers to fft.o(.bss) for lBufOutArray
    system_stm32f10x.o(.text) refers to system_stm32f10x.o(.data) for SystemCoreClock
    fft.o(.text) refers to fflt_clz.o(x$fpl$fflt) for __aeabi_i2f
    fft.o(.text) refers to fmul.o(x$fpl$fmul) for __aeabi_fmul
    fft.o(.text) refers to fdiv.o(x$fpl$fdiv) for __aeabi_fdiv
    fft.o(.text) refers to faddsub_clz.o(x$fpl$fadd) for __aeabi_fadd
    fft.o(.text) refers to f2d.o(x$fpl$f2d) for __aeabi_f2d
    fft.o(.text) refers to sqrt.o(i.sqrt) for sqrt
    fft.o(.text) refers to ddiv.o(x$fpl$ddiv) for __aeabi_ddiv
    fft.o(.text) refers to d2f.o(x$fpl$d2f) for __aeabi_d2f
    fft.o(.text) refers to ffixu.o(x$fpl$ffixu) for __aeabi_f2uiz
    fft.o(.text) refers to fft.o(.bss) for lBufOutArray
    otherfunction.o(.text) refers to lcd.o(.text) for LCD_Fast_DrawPoint
    led.o(.text) refers to stm32f10x_rcc.o(.text) for RCC_APB2PeriphClockCmd
    led.o(.text) refers to stm32f10x_gpio.o(.text) for GPIO_Init
    lcd.o(.text) refers to _printf_percent.o(.ARM.Collect$$_printf_percent$$00000000) for _printf_percent
    lcd.o(.text) refers to _printf_x.o(.ARM.Collect$$_printf_percent$$0000000C) for _printf_x
    lcd.o(.text) refers to _printf_hex_int.o(.text) for _printf_longlong_hex
    lcd.o(.text) refers to stm32f10x_gpio.o(.text) for GPIO_Write
    lcd.o(.text) refers to delay.o(.text) for delay_us
    lcd.o(.text) refers to lcd.o(.bss) for lcddev
    lcd.o(.text) refers to dflt_clz.o(x$fpl$dfltu) for __aeabi_ui2d
    lcd.o(.text) refers to dmul.o(x$fpl$dmul) for __aeabi_dmul
    lcd.o(.text) refers to dfixu.o(x$fpl$dfixu) for __aeabi_d2uiz
    lcd.o(.text) refers to lcd.o(.data) for POINT_COLOR
    lcd.o(.text) refers to stm32f10x_rcc.o(.text) for RCC_APB2PeriphClockCmd
    lcd.o(.text) refers to noretval__2printf.o(.text) for __2printf
    lcd.o(.text) refers to lcd.o(.constdata) for asc2_1206
    adc.o(.text) refers to stm32f10x_rcc.o(.text) for RCC_APB2PeriphClockCmd
    adc.o(.text) refers to stm32f10x_gpio.o(.text) for GPIO_Init
    adc.o(.text) refers to stm32f10x_adc.o(.text) for ADC_DeInit
    adc.o(.text) refers to delay.o(.text) for delay_ms
    delay.o(.text) refers to misc.o(.text) for SysTick_CLKSourceConfig
    delay.o(.text) refers to system_stm32f10x.o(.data) for SystemCoreClock
    delay.o(.text) refers to delay.o(.data) for fac_us
    usart.o(.text) refers (Special) to use_no_semi_2.o(.text) for __use_no_semihosting
    usart.o(.text) refers to stm32f10x_rcc.o(.text) for RCC_APB2PeriphClockCmd
    usart.o(.text) refers to stm32f10x_gpio.o(.text) for GPIO_Init
    usart.o(.text) refers to misc.o(.text) for NVIC_Init
    usart.o(.text) refers to stm32f10x_usart.o(.text) for USART_Init
    usart.o(.text) refers to usart.o(.data) for USART_RX_STA
    usart.o(.text) refers to usart.o(.bss) for USART_RX_BUF
    usart.o(.bss) refers (Special) to use_no_semi_2.o(.text) for __use_no_semihosting
    usart.o(.data) refers (Special) to use_no_semi_2.o(.text) for __use_no_semihosting
    startup_stm32f10x_hd.o(STACK) refers (Special) to heapauxi.o(.text) for __use_two_region_memory
    startup_stm32f10x_hd.o(HEAP) refers (Special) to heapauxi.o(.text) for __use_two_region_memory
    startup_stm32f10x_hd.o(RESET) refers (Special) to heapauxi.o(.text) for __use_two_region_memory
    startup_stm32f10x_hd.o(RESET) refers to startup_stm32f10x_hd.o(STACK) for __initial_sp
    startup_stm32f10x_hd.o(RESET) refers to startup_stm32f10x_hd.o(.text) for Reset_Handler
    startup_stm32f10x_hd.o(RESET) refers to stm32f10x_it.o(.text) for NMI_Handler
    startup_stm32f10x_hd.o(RESET) refers to usart.o(.text) for USART1_IRQHandler
    startup_stm32f10x_hd.o(.text) refers (Special) to heapauxi.o(.text) for __use_two_region_memory
    startup_stm32f10x_hd.o(.text) refers to system_stm32f10x.o(.text) for SystemInit
    startup_stm32f10x_hd.o(.text) refers to __main.o(!!!main) for __main
[...]
    rtexit.o(.ARM.Collect$$rtexit$$00000000) refers (Special) to rtexit2.o(.ARM.Collect$$rtexit$$00000004) for __rt_exit_exit
    rtexit.o(.ARM.Collect$$rtexit$$00000000) refers (Special) to rtexit2.o(.ARM.Collect$$rtexit$$00000003) for __rt_exit_ls
    rtexit.o(.ARM.Collect$$rtexit$$00000000) refers (Special) to rtexit2.o(.ARM.Collect$$rtexit$$00000002) for __rt_exit_prels_1
    rtexit.o(.ARM.exidx) refers (Special) to rtexit2.o(.ARM.Collect$$rtexit$$00000004) for __rt_exit_exit
    rtexit.o(.ARM.exidx) refers (Special) to rtexit2.o(.ARM.Collect$$rtexit$$00000003) for __rt_exit_ls
    rtexit.o(.ARM.exidx) refers (Special) to rtexit2.o(.ARM.Collect$$rtexit$$00000002) for __rt_exit_prels_1
    rtexit.o(.ARM.exidx) refers to rtexit.o(.ARM.Collect$$rtexit$$00000000) for .ARM.Collect$$rtexit$$00000000
    libinit2.o(.ARM.Collect$$libinit$$00000010) refers to libinit2.o(.ARM.Collect$$libinit$$0000000F) for .ARM.Collect$$libinit$$0000000F
    libinit2.o(.ARM.Collect$$libinit$$00000012) refers to libinit2.o(.ARM.Collect$$libinit$$0000000F) for .ARM.Collect$$libinit$$0000000F
    libinit2.o(.ARM.Collect$$libinit$$00000014) refers to libinit2.o(.ARM.Collect$$libinit$$0000000F) for .ARM.Collect$$libinit$$0000000F
    libinit2.o(.ARM.Collect$$libinit$$00000016) refers to libinit2.o(.ARM.Collect$$libinit$$0000000F) for .ARM.Collect$$libinit$$0000000F
    libinit2.o(.ARM.Collect$$libinit$$00000018) refers to libinit2.o(.ARM.Collect$$libinit$$0000000F) for .ARM.Collect$$libinit$$0000000F
    libinit2.o(.ARM.Collect$$libinit$$00000026) refers to argv_veneer.o(.emb_text) for __ARM_argv_veneer
    libinit2.o(.ARM.Collect$$libinit$$00000027) refers to argv_veneer.o(.emb_text) for __ARM_argv_veneer
    rtexit2.o(.ARM.Collect$$rtexit$$00000003) refers to libshutdown.o(.ARM.Collect$$libshutdown$$00000000) for __rt_lib_shutdown
    rtexit2.o(.ARM.Collect$$rtexit$$00000004) refers to usart.o(.text) for _sys_exit
    rtexit2.o(.ARM.exidx) refers to rtexit2.o(.ARM.Collect$$rtexit$$00000001) for .ARM.Collect$$rtexit$$00000001
    rtexit2.o(.ARM.exidx) refers to rtexit2.o(.ARM.Collect$$rtexit$$00000003) for .ARM.Collect$$rtexit$$00000003
    rtexit2.o(.ARM.exidx) refers to rtexit2.o(.ARM.Collect$$rtexit$$00000004) for .ARM.Collect$$rtexit$$00000004
    argv_veneer.o(.emb_text) refers to no_argv.o(.text) for __ARM_get_argv
    _get_argv_nomalloc.o(.text) refers (Special) to hrguard.o(.text) for __heap_region$guard
    _get_argv_nomalloc.o(.text) refers to defsig_rtmem_outer.o(.text) for __rt_SIGRTMEM
    _get_argv_nomalloc.o(.text) refers to sys_command.o(.text) for _sys_command_string
    libshutdown.o(.ARM.Collect$$libshutdown$$00000000) refers (Special) to libshutdown2.o(.ARM.Collect$$libshutdown$$00000002) for __rt_lib_shutdown_cpp_1
    libshutdown.o(.ARM.Collect$$libshutdown$$00000000) refers (Special) to libshutdown2.o(.ARM.Collect$$libshutdown$$00000007) for __rt_lib_shutdown_fp_trap_1
    libshutdown.o(.ARM.Collect$$libshutdown$$00000000) refers (Special) to libshutdown2.o(.ARM.Collect$$libshutdown$$0000000F) for __rt_lib_shutdown_heap_1
    libshutdown.o(.ARM.Collect$$libshutdown$$00000000) refers (Special) to libshutdown2.o(.ARM.Collect$$libshutdown$$00000010) for __rt_lib_shutdown_return
    libshutdown.o(.ARM.Collect$$libshutdown$$00000000) refers (Special) to libshutdown2.o(.ARM.Collect$$libshutdown$$0000000A) for __rt_lib_shutdown_signal_1
    libshutdown.o(.ARM.Collect$$libshutdown$$00000000) refers (Special) to libshutdown2.o(.ARM.Collect$$libshutdown$$00000004) for __rt_lib_shutdown_stdio_1
    libshutdown.o(.ARM.Collect$$libshutdown$$00000000) refers (Special) to libshutdown2.o(.ARM.Collect$$libshutdown$$0000000C) for __rt_lib_shutdown_user_alloc_1
    sys_command.o(.text) refers (Special) to use_no_semi.o(.text) for __I$use$semihosting
    sys_command.o(.text) refers (Special) to indicate_semi.o(.text) for __semihosting_library_function
    defsig_rtmem_outer.o(.text) refers to defsig_rtmem_inner.o(.text) for __rt_SIGRTMEM_inner
    defsig_rtmem_outer.o(.text) refers to defsig_exit.o(.text) for __sig_exit
    defsig_rtmem_formal.o(.text) refers to rt_raise.o(.text) for __rt_raise
    rt_raise.o(.text) refers to __raise.o(.text) for __raise
    rt_raise.o(.text) refers to usart.o(.text) for _sys_exit
    defsig_exit.o(.text) refers to usart.o(.text) for _sys_exit
    defsig_rtmem_inner.o(.text) refers to defsig_general.o(.text) for __default_signal_display
    __raise.o(.text) refers to defsig.o(CL$$defsig) for __default_signal_handler
    defsig_general.o(.text) refers to sys_wrch.o(.text) for _ttywrch
    sys_wrch.o(.text) refers (Special) to use_no_semi.o(.text) for __I$use$semihosting
    sys_wrch.o(.text) refers (Special) to indicate_semi.o(.text) for __semihosting_library_function
    defsig.o(CL$$defsig) refers to defsig_rtmem_inner.o(.text) for __rt_SIGRTMEM_inner
    defsig_abrt_inner.o(.text) refers to defsig_general.o(.text) for __default_signal_display
    defsig_fpe_inner.o(.text) refers to defsig_general.o(.text) for __default_signal_display
    defsig_rtred_inner.o(.text) refers to defsig_general.o(.text) for __default_signal_display
    defsig_stak_inner.o(.text) refers to defsig_general.o(.text) for __default_signal_display
    defsig_pvfn_inner.o(.text) refers to defsig_general.o(.text) for __default_signal_display
    defsig_cppl_inner.o(.text) refers to defsig_general.o(.text) for __default_signal_display
    defsig_segv_inner.o(.text) refers to defsig_general.o(.text) for __default_signal_display
    defsig_other.o(.text) refers to defsig_general.o(.text) for __default_signal_display


==============================================================================

Removing Unused input sections from the image.

    Removing otherfunction.o(.text), (100 bytes).
    Removing sys.o(.emb_text), (6 bytes).
    Removing sys.o(.text), (12 bytes).
    Removing core_cm3.o(.emb_text), (32 bytes).
    Removing stm32f10x_dma.o(.text), (596 bytes).
    Removing cr4_fft_64_stm32.o(.text), (718 bytes).
    Removing cr4_fft_1024_stm32.o(.text), (4576 bytes).

7 unused section(s) (total 6040 bytes) removed from the image.

==============================================================================

Image Symbol Table

    Local Symbols

    Symbol Name                              Value     Ov Type        Size  Object(Section)

    ../clib/angel/boardlib.s                 0x00000000   Number         0  boardinit3.o ABSOLUTE
    ../clib/angel/boardlib.s                 0x00000000   Number         0  boardinit2.o ABSOLUTE
    ../clib/angel/boardlib.s                 0x00000000   Number         0  boardshut.o ABSOLUTE
    ../clib/angel/boardlib.s                 0x00000000   Number         0  boardinit1.o ABSOLUTE
    ../clib/angel/handlers.s                 0x00000000   Number         0  __scatter_copy.o ABSOLUTE
    ../clib/angel/handlers.s                 0x00000000   Number         0  __scatter_zi.o ABSOLUTE
    ../clib/angel/kernel.s                   0x00000000   Number         0  __rtentry.o ABSOLUTE
    ../clib/angel/kernel.s                   0x00000000   Number         0  rtexit.o ABSOLUTE
    ../clib/angel/kernel.s                   0x00000000   Number         0  rtexit2.o ABSOLUTE
    ../clib/angel/kernel.s                   0x00000000   Number         0  __rtentry4.o ABSOLUTE
    ../clib/angel/kernel.s                   0x00000000   Number         0  __rtentry2.o ABSOLUTE
    ../clib/angel/rt.s                       0x00000000   Number         0  rt_errno_addr_intlibspace.o ABSOLUTE
    ../clib/angel/rt.s                       0x00000000   Number         0  rt_raise.o ABSOLUTE
    ../clib/angel/rt.s                       0x00000000   Number         0  rt_errno_addr.o ABSOLUTE
    ../clib/angel/scatter.s                  0x00000000   Number         0  __scatter.o ABSOLUTE
    ../clib/angel/startup.s                  0x00000000   Number         0  __main.o ABSOLUTE
    ../clib/angel/sys.s                      0x00000000   Number         0  use_no_semi.o ABSOLUTE
    ../clib/angel/sys.s                      0x00000000   Number         0  libspace.o ABSOLUTE
    ../clib/angel/sys.s                      0x00000000   Number         0  sys_stackheap_outer.o ABSOLUTE
    ../clib/angel/sys.s                      0x00000000   Number         0  indicate_semi.o ABSOLUTE
    ../clib/angel/sys.s                      0x00000000   Number         0  use_no_semi_2.o ABSOLUTE
    ../clib/angel/sysapp.c                   0x00000000   Number         0  sys_command.o ABSOLUTE
    ../clib/angel/sysapp.c                   0x00000000   Number         0  sys_wrch.o ABSOLUTE
    ../clib/armsys.c                         0x00000000   Number         0  no_argv.o ABSOLUTE
    ../clib/armsys.c                         0x00000000   Number         0  _get_argv_nomalloc.o ABSOLUTE
    ../clib/armsys.c                         0x00000000   Number         0  argv_veneer.o ABSOLUTE
    ../clib/armsys.c                         0x00000000   Number         0  argv_veneer.o ABSOLUTE
    ../clib/fenv.c                           0x00000000   Number         0  _rserrno.o ABSOLUTE
    ../clib/heapalloc.c                      0x00000000   Number         0  hrguard.o ABSOLUTE
    ../clib/heapaux.c                        0x00000000   Number         0  heapauxi.o ABSOLUTE
    ../clib/libinit.s                        0x00000000   Number         0  libshutdown2.o ABSOLUTE
    ../clib/libinit.s                        0x00000000   Number         0  libinit2.o ABSOLUTE
    ../clib/libinit.s                        0x00000000   Number         0  libinit.o ABSOLUTE
    ../clib/libinit.s                        0x00000000   Number         0  libshutdown.o ABSOLUTE
    ../clib/printf.c                         0x00000000   Number         0  _printf_hex_int.o ABSOLUTE
    ../clib/printf.c                         0x00000000   Number         0  _printf_hex_ll_ptr.o ABSOLUTE
    ../clib/printf.c                         0x00000000   Number         0  _printf_hex_ll.o ABSOLUTE
    ../clib/printf.c                         0x00000000   Number         0  _printf_hex_int_ll_ptr.o ABSOLUTE
    ../clib/printf.c                         0x00000000   Number         0  __2printf.o ABSOLUTE
    ../clib/printf.c                         0x00000000   Number         0  __printf_ss.o ABSOLUTE
    ../clib/printf.c                         0x00000000   Number         0  __printf_flags.o ABSOLUTE
    ../clib/printf.c                         0x00000000   Number         0  __printf_wp.o ABSOLUTE
    ../clib/printf.c                         0x00000000   Number         0  __printf_flags_wp.o ABSOLUTE
    ../clib/printf.c                         0x00000000   Number         0  __printf_nopercent.o ABSOLUTE
    ../clib/printf.c                         0x00000000   Number         0  __printf_flags_ss_wp.o ABSOLUTE
    ../clib/printf.c                         0x00000000   Number         0  noretval__2printf.o ABSOLUTE
    ../clib/printf.c                         0x00000000   Number         0  __printf_flags_ss.o ABSOLUTE
    ../clib/printf.c                         0x00000000   Number         0  _printf_char_common.o ABSOLUTE
    ../clib/printf.c                         0x00000000   Number         0  _printf_hex_ptr.o ABSOLUTE
    ../clib/printf.c                         0x00000000   Number         0  __printf.o ABSOLUTE
    ../clib/printf.c                         0x00000000   Number         0  _printf_hex_int_ptr.o ABSOLUTE
    ../clib/printf.c                         0x00000000   Number         0  _printf_hex_int_ll.o ABSOLUTE
    ../clib/printf.c                         0x00000000   Number         0  _printf_char_file.o ABSOLUTE
    ../clib/printf.c                         0x00000000   Number         0  _printf_intcommon.o ABSOLUTE
    ../clib/printf.c                         0x00000000   Number         0  __printf_ss_wp.o ABSOLUTE
    ../clib/printf_percent.s                 0x00000000   Number         0  _printf_x.o ABSOLUTE
    ../clib/printf_percent.s                 0x00000000   Number         0  _printf_percent.o ABSOLUTE
    ../clib/printf_percent.s                 0x00000000   Number         0  _printf_percent_end.o ABSOLUTE
    ../clib/signal.c                         0x00000000   Number         0  defsig_cppl_inner.o ABSOLUTE
    ../clib/signal.c                         0x00000000   Number         0  defsig_stak_inner.o ABSOLUTE
    ../clib/signal.c                         0x00000000   Number         0  defsig_rtred_inner.o ABSOLUTE
    ../clib/signal.c                         0x00000000   Number         0  defsig_fpe_inner.o ABSOLUTE
    ../clib/signal.c                         0x00000000   Number         0  defsig_abrt_inner.o ABSOLUTE
    ../clib/signal.c                         0x00000000   Number         0  defsig_general.o ABSOLUTE
    ../clib/signal.c                         0x00000000   Number         0  defsig_rtmem_inner.o ABSOLUTE
    ../clib/signal.c                         0x00000000   Number         0  defsig_exit.o ABSOLUTE
    ../clib/signal.c                         0x00000000   Number         0  defsig_rtmem_formal.o ABSOLUTE
    ../clib/signal.c                         0x00000000   Number         0  __raise.o ABSOLUTE
    ../clib/signal.c                         0x00000000   Number         0  defsig_rtmem_outer.o ABSOLUTE
    ../clib/signal.c                         0x00000000   Number         0  defsig_pvfn_inner.o ABSOLUTE
    ../clib/signal.c                         0x00000000   Number         0  defsig_other.o ABSOLUTE
    ../clib/signal.c                         0x00000000   Number         0  defsig_segv_inner.o ABSOLUTE
    ../clib/signal.s                         0x00000000   Number         0  defsig.o ABSOLUTE
    ../clib/stdio.c                          0x00000000   Number         0  ferror_locked.o ABSOLUTE
    ../clib/stdio.c                          0x00000000   Number         0  ferror.o ABSOLUTE
    ../clib/stdlib.c                         0x00000000   Number         0  exit.o ABSOLUTE
    ../fplib/d2f.s                           0x00000000   Number         0  d2f.o ABSOLUTE
    ../fplib/dcmpi.s                         0x00000000   Number         0  dcmpi.o ABSOLUTE
    ../fplib/ddiv.s                          0x00000000   Number         0  ddiv.o ABSOLUTE
    ../fplib/dfixu.s                         0x00000000   Number         0  dfixu.o ABSOLUTE
    ../fplib/dflt.s                          0x00000000   Number         0  dflt_clz.o ABSOLUTE
    ../fplib/dleqf.s                         0x00000000   Number         0  dleqf.o ABSOLUTE
    ../fplib/dmul.s                          0x00000000   Number         0  dmul.o ABSOLUTE
    ../fplib/dnaninf.s                       0x00000000   Number         0  dnaninf.o ABSOLUTE
    ../fplib/dretinf.s                       0x00000000   Number         0  dretinf.o ABSOLUTE
    ../fplib/dsqrt.s                         0x00000000   Number         0  dsqrt_noumaal.o ABSOLUTE
    ../fplib/f2d.s                           0x00000000   Number         0  f2d.o ABSOLUTE
    ../fplib/faddsub.s                       0x00000000   Number         0  faddsub_clz.o ABSOLUTE
    ../fplib/fdiv.s                          0x00000000   Number         0  fdiv.o ABSOLUTE
    ../fplib/ffixu.s                         0x00000000   Number         0  ffixu.o ABSOLUTE
    ../fplib/fflt.s                          0x00000000   Number         0  fflt_clz.o ABSOLUTE
    ../fplib/fmul.s                          0x00000000   Number         0  fmul.o ABSOLUTE
    ../fplib/fnaninf.s                       0x00000000   Number         0  fnaninf.o ABSOLUTE
    ../fplib/fpinit.s                        0x00000000   Number         0  fpinit.o ABSOLUTE
    ../fplib/fretinf.s                       0x00000000   Number         0  fretinf.o ABSOLUTE
    ../fplib/usenofp.s                       0x00000000   Number         0  usenofp.o ABSOLUTE
    ../mathlib/sqrt.c                        0x00000000   Number         0  sqrt.o ABSOLUTE
    ../mathlib/sqrt.c                        0x00000000   Number         0  sqrt_x.o ABSOLUTE
    ..\CORE\core_cm3.c                       0x00000000   Number         0  core_cm3.o ABSOLUTE
    ..\CORE\startup_stm32f10x_hd.s           0x00000000   Number         0  startup_stm32f10x_hd.o ABSOLUTE
    ..\HARDWARE\ADC\adc.c                    0x00000000   Number         0  adc.o ABSOLUTE
    ..\HARDWARE\LCD\lcd.c                    0x00000000   Number         0  lcd.o ABSOLUTE
    ..\HARDWARE\LED\led.c                    0x00000000   Number         0  led.o ABSOLUTE
    ..\STM32F10x_FWLib\src\misc.c            0x00000000   Number         0  misc.o ABSOLUTE
    ..\STM32F10x_FWLib\src\stm32f10x_adc.c   0x00000000   Number         0  stm32f10x_adc.o ABSOLUTE
    ..\STM32F10x_FWLib\src\stm32f10x_dma.c   0x00000000   Number         0  stm32f10x_dma.o ABSOLUTE
    ..\STM32F10x_FWLib\src\stm32f10x_gpio.c  0x00000000   Number         0  stm32f10x_gpio.o ABSOLUTE
    ..\STM32F10x_FWLib\src\stm32f10x_rcc.c   0x00000000   Number         0  stm32f10x_rcc.o ABSOLUTE
    ..\STM32F10x_FWLib\src\stm32f10x_usart.c 0x00000000   Number         0  stm32f10x_usart.o ABSOLUTE
    ..\SYSTEM\delay\delay.c                  0x00000000   Number         0  delay.o ABSOLUTE
    ..\SYSTEM\sys\sys.c                      0x00000000   Number         0  sys.o ABSOLUTE
    ..\SYSTEM\usart\usart.c                  0x00000000   Number         0  usart.o ABSOLUTE
    ..\\CORE\\core_cm3.c                     0x00000000   Number         0  core_cm3.o ABSOLUTE
    ..\\SYSTEM\\sys\\sys.c                   0x00000000   Number         0  sys.o ABSOLUTE
    ..\dsp\cr4_fft_1024_stm32.s              0x00000000   Number         0  cr4_fft_1024_stm32.o ABSOLUTE
    ..\dsp\cr4_fft_256_stm32.s               0x00000000   Number         0  cr4_fft_256_stm32.o ABSOLUTE
    ..\dsp\cr4_fft_64_stm32.s                0x00000000   Number         0  cr4_fft_64_stm32.o ABSOLUTE
    OtherFunction.c                          0x00000000   Number         0  otherfunction.o ABSOLUTE
    dc.s                                     0x00000000   Number         0  dc.o ABSOLUTE
    fft.c                                    0x00000000   Number         0  fft.o ABSOLUTE
    main.c                                   0x00000000   Number         0  main.o ABSOLUTE
    stm32f10x_it.c                           0x00000000   Number         0  stm32f10x_it.o ABSOLUTE
    system_stm32f10x.c                       0x00000000   Number         0  system_stm32f10x.o ABSOLUTE
    RESET                                    0x08000000   Section      304  startup_stm32f10x_hd.o(RESET)
    !!!main                                  0x08000130   Section        8  __main.o(!!!main)
    !!!scatter                               0x08000138   Section       52  __scatter.o(!!!scatter)
    !!handler_copy                           0x0800016c   Section       26  __scatter_copy.o(!!handler_copy)
    !!handler_zi                             0x08000188   Section       28  __scatter_zi.o(!!handler_zi)
    .ARM.Collect$$_printf_percent$$00000000  0x080001a4   Section        0  _printf_percent.o(.ARM.Collect$$_printf_percent$$00000000)
    .ARM.Collect$$_printf_percent$$0000000C  0x080001a4   Section        6  _printf_x.o(.ARM.Collect$$_printf_percent$$0000000C)
    .ARM.Collect$$_printf_percent$$00000017  0x080001aa   Section        4  _printf_percent_end.o(.ARM.Collect$$_printf_percent$$00000017)
    .ARM.Collect$$libinit$$00000000          0x080001ae   Section        2  libinit.o(.ARM.Collect$$libinit$$00000000)
    .ARM.Collect$$libinit$$00000002          0x080001b0   Section        0  libinit2.o(.ARM.Collect$$libinit$$00000002)
    .ARM.Collect$$libinit$$00000004          0x080001b0   Section        0  libinit2.o(.ARM.Collect$$libinit$$00000004)
    .ARM.Collect$$libinit$$0000000A          0x080001b0   Section        0  libinit2.o(.ARM.Collect$$libinit$$0000000A)
    .ARM.Collect$$libinit$$0000000C          0x080001b0   Section        0  libinit2.o(.ARM.Collect$$libinit$$0000000C)
    .ARM.Collect$$libinit$$0000000E          0x080001b0   Section        0  libinit2.o(.ARM.Collect$$libinit$$0000000E)
    .ARM.Collect$$libinit$$00000011          0x080001b0   Section        0  libinit2.o(.ARM.Collect$$libinit$$00000011)
    .ARM.Collect$$libinit$$00000013          0x080001b0   Section        0  libinit2.o(.ARM.Collect$$libinit$$00000013)
    .ARM.Collect$$libinit$$00000015          0x080001b0   Section        0  libinit2.o(.ARM.Collect$$libinit$$00000015)
    .ARM.Collect$$libinit$$00000017          0x080001b0   Section        0  libinit2.o(.ARM.Collect$$libinit$$00000017)
    .ARM.Collect$$libinit$$00000019          0x080001b0   Section        0  libinit2.o(.ARM.Collect$$libinit$$00000019)
    .ARM.Collect$$libinit$$0000001B          0x080001b0   Section        0  libinit2.o(.ARM.Collect$$libinit$$0000001B)
    .ARM.Collect$$libinit$$0000001D          0x080001b0   Section        0  libinit2.o(.ARM.Collect$$libinit$$0000001D)
    .ARM.Collect$$libinit$$0000001F          0x080001b0   Section        0  libinit2.o(.ARM.Collect$$libinit$$0000001F)
    .ARM.Collect$$libinit$$00000021          0x080001b0   Section        0  libinit2.o(.ARM.Collect$$libinit$$00000021)
    .ARM.Collect$$libinit$$00000023          0x080001b0   Section        0  libinit2.o(.ARM.Collect$$libinit$$00000023)
    .ARM.Collect$$libinit$$00000025          0x080001b0   Section        0  libinit2.o(.ARM.Collect$$libinit$$00000025)
    .ARM.Collect$$libinit$$0000002C          0x080001b0   Section        0  libinit2.o(.ARM.Collect$$libinit$$0000002C)
    .ARM.Collect$$libinit$$0000002E          0x080001b0   Section        0  libinit2.o(.ARM.Collect$$libinit$$0000002E)
    .ARM.Collect$$libinit$$00000030          0x080001b0   Section        0  libinit2.o(.ARM.Collect$$libinit$$00000030)
    .ARM.Collect$$libinit$$00000032          0x080001b0   Section        0  libinit2.o(.ARM.Collect$$libinit$$00000032)
    .ARM.Collect$$libinit$$00000033          0x080001b0   Section        2  libinit2.o(.ARM.Collect$$libinit$$00000033)
    .ARM.Collect$$libshutdown$$00000000      0x080001b2   Section        2  libshutdown.o(.ARM.Collect$$libshutdown$$00000000)
    .ARM.Collect$$libshutdown$$00000002      0x080001b4   Section        0  libshutdown2.o(.ARM.Collect$$libshutdown$$00000002)
    .ARM.Collect$$libshutdown$$00000004      0x080001b4   Section        0  libshutdown2.o(.ARM.Collect$$libshutdown$$00000004)
    .ARM.Collect$$libshutdown$$00000007      0x080001b4   Section        0  libshutdown2.o(.ARM.Collect$$libshutdown$$00000007)
    .ARM.Collect$$libshutdown$$0000000A      0x080001b4   Section        0  libshutdown2.o(.ARM.Collect$$libshutdown$$0000000A)
    .ARM.Collect$$libshutdown$$0000000C      0x080001b4   Section        0  libshutdown2.o(.ARM.Collect$$libshutdown$$0000000C)
    .ARM.Collect$$libshutdown$$0000000F      0x080001b4   Section        0  libshutdown2.o(.ARM.Collect$$libshutdown$$0000000F)
    .ARM.Collect$$libshutdown$$00000010      0x080001b4   Section        2  libshutdown2.o(.ARM.Collect$$libshutdown$$00000010)
    .ARM.Collect$$rtentry$$00000000          0x080001b6   Section        0  __rtentry.o(.ARM.Collect$$rtentry$$00000000)
    .ARM.Collect$$rtentry$$00000002          0x080001b6   Section        0  __rtentry2.o(.ARM.Collect$$rtentry$$00000002)
    .ARM.Collect$$rtentry$$00000004          0x080001b6   Section        6  __rtentry4.o(.ARM.Collect$$rtentry$$00000004)
    .ARM.Collect$$rtentry$$00000009          0x080001bc   Section        0  __rtentry2.o(.ARM.Collect$$rtentry$$00000009)
    .ARM.Collect$$rtentry$$0000000A          0x080001bc   Section        4  __rtentry2.o(.ARM.Collect$$rtentry$$0000000A)
    .ARM.Collect$$rtentry$$0000000C          0x080001c0   Section        0  __rtentry2.o(.ARM.Collect$$rtentry$$0000000C)
    .ARM.Collect$$rtentry$$0000000D          0x080001c0   Section        8  __rtentry2.o(.ARM.Collect$$rtentry$$0000000D)
    .ARM.Collect$$rtexit$$00000000           0x080001c8   Section        2  rtexit.o(.ARM.Collect$$rtexit$$00000000)
    .ARM.Collect$$rtexit$$00000002           0x080001ca   Section        0  rtexit2.o(.ARM.Collect$$rtexit$$00000002)
    .ARM.Collect$$rtexit$$00000003           0x080001ca   Section        4  rtexit2.o(.ARM.Collect$$rtexit$$00000003)
    .ARM.Collect$$rtexit$$00000004           0x080001ce   Section        6  rtexit2.o(.ARM.Collect$$rtexit$$00000004)
    .text                                    0x080001d4   Section        0  main.o(.text)
    .text                                    0x080006c0   Section        0  stm32f10x_it.o(.text)
    .text                                    0x080006dc   Section        0  system_stm32f10x.o(.text)
    SetSysClockTo72                          0x080006dd   Thumb Code   214  system_stm32f10x.o(.text)
    SetSysClock                              0x080007b3   Thumb Code     8  system_stm32f10x.o(.text)
    .text                                    0x080008bc   Section        0  fft.o(.text)
    .text                                    0x0800099c   Section        0  led.o(.text)
    .text                                    0x080009ec   Section        0  lcd.o(.text)
    .text                                    0x08006330   Section        0  adc.o(.text)
    .text                                    0x08006600   Section        0  delay.o(.text)
    .text                                    0x080066d4   Section        0  usart.o(.text)
    .text                                    0x08006814   Section       64  startup_stm32f10x_hd.o(.text)
    .text                                    0x08006854   Section        0  stm32f10x_gpio.o(.text)
    .text                                    0x08006bb0   Section        0  stm32f10x_rcc.o(.text)
    .text                                    0x08006f54   Section        0  stm32f10x_usart.o(.text)
    .text                                    0x0800735c   Section        0  misc.o(.text)
    .text                                    0x08007438   Section        0  stm32f10x_adc.o(.text)
    .text                                    0x08007888   Section     1502  cr4_fft_256_stm32.o(.text)
    .text                                    0x08007e66   Section        2  use_no_semi_2.o(.text)
    .text                                    0x08007e68   Section        0  noretval__2printf.o(.text)
    .text                                    0x08007e80   Section        0  __printf.o(.text)
    .text                                    0x08007ee8   Section        0  _printf_hex_int.o(.text)
    .text                                    0x08007f40   Section        0  heapauxi.o(.text)
    .text                                    0x08007f46   Section        2  use_no_semi.o(.text)
    .text                                    0x08007f48   Section        0  _rserrno.o(.text)
    .text                                    0x08007f5e   Section        0  _printf_intcommon.o(.text)
    .text                                    0x08008010   Section        0  _printf_char_file.o(.text)
    .text                                    0x08008034   Section        8  rt_errno_addr_intlibspace.o(.text)
    .text                                    0x0800803c   Section        0  _printf_char_common.o(.text)
    _printf_input_char                       0x0800803d   Thumb Code    10  _printf_char_common.o(.text)
    .text                                    0x0800806c   Section        0  ferror.o(.text)
    .text                                    0x08008074   Section        8  libspace.o(.text)
    .text                                    0x0800807c   Section       74  sys_stackheap_outer.o(.text)
    .text                                    0x080080c6   Section        0  exit.o(.text)
    i.sqrt                                   0x080080d8   Section        0  sqrt.o(i.sqrt)
    x$fpl$d2f                                0x08008124   Section       98  d2f.o(x$fpl$d2f)
    x$fpl$ddiv                               0x08008188   Section      688  ddiv.o(x$fpl$ddiv)
    ddiv_entry                               0x0800818f   Thumb Code     0  ddiv.o(x$fpl$ddiv)
    x$fpl$dfixu                              0x08008438   Section       90  dfixu.o(x$fpl$dfixu)
    x$fpl$dfltu                              0x08008492   Section       38  dflt_clz.o(x$fpl$dfltu)
    x$fpl$dmul                               0x080084b8   Section      340  dmul.o(x$fpl$dmul)
    x$fpl$dnaninf                            0x0800860c   Section      156  dnaninf.o(x$fpl$dnaninf)
    x$fpl$dretinf                            0x080086a8   Section       12  dretinf.o(x$fpl$dretinf)
    x$fpl$dsqrt                              0x080086b4   Section      460  dsqrt_noumaal.o(x$fpl$dsqrt)
    x$fpl$f2d                                0x08008880   Section       86  f2d.o(x$fpl$f2d)
    x$fpl$fadd                               0x080088d8   Section      196  faddsub_clz.o(x$fpl$fadd)
    _fadd1                                   0x080088e7   Thumb Code     0  faddsub_clz.o(x$fpl$fadd)
    x$fpl$fdiv                               0x0800899c   Section      388  fdiv.o(x$fpl$fdiv)
    _fdiv1                                   0x0800899d   Thumb Code     0  fdiv.o(x$fpl$fdiv)
    x$fpl$ffixu                              0x08008b20   Section       62  ffixu.o(x$fpl$ffixu)
    x$fpl$fflt                               0x08008b60   Section       48  fflt_clz.o(x$fpl$fflt)
    x$fpl$ffltu                              0x08008b90   Section       38  fflt_clz.o(x$fpl$ffltu)
    x$fpl$fmul                               0x08008bb8   Section      258  fmul.o(x$fpl$fmul)
    x$fpl$fnaninf                            0x08008cba   Section      140  fnaninf.o(x$fpl$fnaninf)
    x$fpl$fretinf                            0x08008d46   Section       10  fretinf.o(x$fpl$fretinf)
    x$fpl$fsub                               0x08008d50   Section      234  faddsub_clz.o(x$fpl$fsub)
    _fsub1                                   0x08008d5f   Thumb Code     0  faddsub_clz.o(x$fpl$fsub)
    x$fpl$usenofp                            0x08008e3a   Section        0  usenofp.o(x$fpl$usenofp)
    .constdata                               0x08008e3c   Section       12  main.o(.constdata)
    .constdata                               0x08008e48   Section     6080  lcd.o(.constdata)
    .constdata                               0x0800a608   Section       40  _printf_hex_int.o(.constdata)
    uc_hextab                                0x0800a608   Data          20  _printf_hex_int.o(.constdata)
    lc_hextab                                0x0800a61c   Data          20  _printf_hex_int.o(.constdata)
    .data                                    0x20000000   Section       20  system_stm32f10x.o(.data)
    .data                                    0x20000014   Section        4  lcd.o(.data)
    .data                                    0x20000018   Section        4  delay.o(.data)
    fac_us                                   0x20000018   Data           1  delay.o(.data)
    fac_ms                                   0x2000001a   Data           2  delay.o(.data)
    .data                                    0x2000001c   Section        6  usart.o(.data)
    .data                                    0x20000022   Section       20  stm32f10x_rcc.o(.data)
    APBAHBPrescTable                         0x20000022   Data          16  stm32f10x_rcc.o(.data)
    ADCPrescTable                            0x20000032   Data           4  stm32f10x_rcc.o(.data)
    .bss                                     0x20000038   Section    11276  main.o(.bss)
    .bss                                     0x20002c44   Section     2048  fft.o(.bss)
    .bss                                     0x20003444   Section       14  lcd.o(.bss)
    .bss                                     0x20003452   Section      200  usart.o(.bss)
    .bss                                     0x2000351c   Section       96  libspace.o(.bss)
    HEAP                                     0x20003580   Section      512  startup_stm32f10x_hd.o(HEAP)
    Heap_Mem                                 0x20003580   Data         512  startup_stm32f10x_hd.o(HEAP)
    STACK                                    0x20003780   Section     1024  startup_stm32f10x_hd.o(STACK)
    Stack_Mem                                0x20003780   Data        1024  startup_stm32f10x_hd.o(STACK)
    __initial_sp                             0x20003b80   Data           0  startup_stm32f10x_hd.o(STACK)

    Global Symbols

    Symbol Name                              Value     Ov Type        Size  Object(Section)

    BuildAttributes$$THM_ISAv4$P$D$K$B$S$PE$A:L22UL41UL21$X:L11$S22US41US21$IEEE1$IW$USESV6$~STKCKD$USESV7$~SHL$OTIME$ROPI$IEEEJ$EBA8$UX$STANDARDLIB$REQ8$PRES8$EABIv2 0x00000000   Number         0  anon$$obj.o ABSOLUTE
    __ARM_use_no_argv                        0x00000000   Number         0  main.o ABSOLUTE
    __ARM_exceptions_init                     - Undefined Weak Reference
    __alloca_initialize                       - Undefined Weak Reference
    __arm_preinit_                            - Undefined Weak Reference
    __cpp_initialize__aeabi_                  - Undefined Weak Reference
    __cxa_finalize                            - Undefined Weak Reference
    __rt_locale                               - Undefined Weak Reference
    __sigvec_lookup                           - Undefined Weak Reference
    _atexit_init                              - Undefined Weak Reference
    _call_atexit_fns                          - Undefined Weak Reference
    _clock_init                               - Undefined Weak Reference
    _fp_trap_init                             - Undefined Weak Reference
    _fp_trap_shutdown                         - Undefined Weak Reference
    _get_lc_collate                           - Undefined Weak Reference
    _get_lc_ctype                             - Undefined Weak Reference
    _get_lc_monetary                          - Undefined Weak Reference
    _get_lc_numeric                           - Undefined Weak Reference
    _get_lc_time                              - Undefined Weak Reference
    _getenv_init                              - Undefined Weak Reference
    _handle_redirection                       - Undefined Weak Reference
    _init_alloc                               - Undefined Weak Reference
    _init_user_alloc                          - Undefined Weak Reference
    _initio                                   - Undefined Weak Reference
    _mutex_acquire                            - Undefined Weak Reference
    _mutex_release                            - Undefined Weak Reference
    _printf_post_padding                      - Undefined Weak Reference
    _printf_pre_padding                       - Undefined Weak Reference
    _printf_truncate_unsigned                 - Undefined Weak Reference
    _rand_init                                - Undefined Weak Reference
    _signal_finish                            - Undefined Weak Reference
    _signal_init                              - Undefined Weak Reference
    _terminate_alloc                          - Undefined Weak Reference
    _terminate_user_alloc                     - Undefined Weak Reference
    _terminateio                              - Undefined Weak Reference
    __Vectors_Size                           0x00000130   Number         0  startup_stm32f10x_hd.o ABSOLUTE
    __Vectors                                0x08000000   Data           4  startup_stm32f10x_hd.o(RESET)
    __Vectors_End                            0x08000130   Data           0  startup_stm32f10x_hd.o(RESET)
    __main                                   0x08000131   Thumb Code     8  __main.o(!!!main)
    __scatterload                            0x08000139   Thumb Code     0  __scatter.o(!!!scatter)
    __scatterload_rt2                        0x08000139   Thumb Code    44  __scatter.o(!!!scatter)
    __scatterload_rt2_thumb_only             0x08000139   Thumb Code     0  __scatter.o(!!!scatter)
    __scatterload_null                       0x08000147   Thumb Code     0  __scatter.o(!!!scatter)
    __scatterload_copy                       0x0800016d   Thumb Code    26  __scatter_copy.o(!!handler_copy)
    __scatterload_zeroinit                   0x08000189   Thumb Code    28  __scatter_zi.o(!!handler_zi)
    _printf_percent                          0x080001a5   Thumb Code     0  _printf_percent.o(.ARM.Collect$$_printf_percent$$00000000)
    _printf_x                                0x080001a5   Thumb Code     0  _printf_x.o(.ARM.Collect$$_printf_percent$$0000000C)
    _printf_percent_end                      0x080001ab   Thumb Code     0  _printf_percent_end.o(.ARM.Collect$$_printf_percent$$00000017)
    __rt_lib_init                            0x080001af   Thumb Code     0  libinit.o(.ARM.Collect$$libinit$$00000000)
    __rt_lib_init_alloca_1                   0x080001b1   Thumb Code     0  libinit2.o(.ARM.Collect$$libinit$$0000002E)
    __rt_lib_init_argv_1                     0x080001b1   Thumb Code     0  libinit2.o(.ARM.Collect$$libinit$$0000002C)
    __rt_lib_init_atexit_1                   0x080001b1   Thumb Code     0  libinit2.o(.ARM.Collect$$libinit$$0000001B)
    __rt_lib_init_clock_1                    0x080001b1   Thumb Code     0  libinit2.o(.ARM.Collect$$libinit$$00000021)
    __rt_lib_init_cpp_1                      0x080001b1   Thumb Code     0  libinit2.o(.ARM.Collect$$libinit$$00000032)
    __rt_lib_init_exceptions_1               0x080001b1   Thumb Code     0  libinit2.o(.ARM.Collect$$libinit$$00000030)
    __rt_lib_init_fp_1                       0x080001b1   Thumb Code     0  libinit2.o(.ARM.Collect$$libinit$$00000002)
    __rt_lib_init_fp_trap_1                  0x080001b1   Thumb Code     0  libinit2.o(.ARM.Collect$$libinit$$0000001F)
    __rt_lib_init_getenv_1                   0x080001b1   Thumb Code     0  libinit2.o(.ARM.Collect$$libinit$$00000023)
    __rt_lib_init_heap_1                     0x080001b1   Thumb Code     0  libinit2.o(.ARM.Collect$$libinit$$0000000A)
    __rt_lib_init_lc_collate_1               0x080001b1   Thumb Code     0  libinit2.o(.ARM.Collect$$libinit$$00000011)
    __rt_lib_init_lc_ctype_1                 0x080001b1   Thumb Code     0  libinit2.o(.ARM.Collect$$libinit$$00000013)
    __rt_lib_init_lc_monetary_1              0x080001b1   Thumb Code     0  libinit2.o(.ARM.Collect$$libinit$$00000015)
    __rt_lib_init_lc_numeric_1               0x080001b1   Thumb Code     0  libinit2.o(.ARM.Collect$$libinit$$00000017)
    __rt_lib_init_lc_time_1                  0x080001b1   Thumb Code     0  libinit2.o(.ARM.Collect$$libinit$$00000019)
    __rt_lib_init_preinit_1                  0x080001b1   Thumb Code     0  libinit2.o(.ARM.Collect$$libinit$$00000004)
    __rt_lib_init_rand_1                     0x080001b1   Thumb Code     0  libinit2.o(.ARM.Collect$$libinit$$0000000E)
    __rt_lib_init_return                     0x080001b1   Thumb Code     0  libinit2.o(.ARM.Collect$$libinit$$00000033)
    __rt_lib_init_signal_1                   0x080001b1   Thumb Code     0  libinit2.o(.ARM.Collect$$libinit$$0000001D)
    __rt_lib_init_stdio_1                    0x080001b1   Thumb Code     0  libinit2.o(.ARM.Collect$$libinit$$00000025)
    __rt_lib_init_user_alloc_1               0x080001b1   Thumb Code     0  libinit2.o(.ARM.Collect$$libinit$$0000000C)
    __rt_lib_shutdown                        0x080001b3   Thumb Code     0  libshutdown.o(.ARM.Collect$$libshutdown$$00000000)
    __rt_lib_shutdown_cpp_1                  0x080001b5   Thumb Code     0  libshutdown2.o(.ARM.Collect$$libshutdown$$00000002)
    __rt_lib_shutdown_fp_trap_1              0x080001b5   Thumb Code     0  libshutdown2.o(.ARM.Collect$$libshutdown$$00000007)
    __rt_lib_shutdown_heap_1                 0x080001b5   Thumb Code     0  libshutdown2.o(.ARM.Collect$$libshutdown$$0000000F)
    __rt_lib_shutdown_return                 0x080001b5   Thumb Code     0  libshutdown2.o(.ARM.Collect$$libshutdown$$00000010)
    __rt_lib_shutdown_signal_1               0x080001b5   Thumb Code     0  libshutdown2.o(.ARM.Collect$$libshutdown$$0000000A)
    __rt_lib_shutdown_stdio_1                0x080001b5   Thumb Code     0  libshutdown2.o(.ARM.Collect$$libshutdown$$00000004)
    __rt_lib_shutdown_user_alloc_1           0x080001b5   Thumb Code     0  libshutdown2.o(.ARM.Collect$$libshutdown$$0000000C)
    __rt_entry                               0x080001b7   Thumb Code     0  __rtentry.o(.ARM.Collect$$rtentry$$00000000)
    __rt_entry_presh_1                       0x080001b7   Thumb Code     0  __rtentry2.o(.ARM.Collect$$rtentry$$00000002)
    __rt_entry_sh                            0x080001b7   Thumb Code     0  __rtentry4.o(.ARM.Collect$$rtentry$$00000004)
    __rt_entry_li                            0x080001bd   Thumb Code     0  __rtentry2.o(.ARM.Collect$$rtentry$$0000000A)
    __rt_entry_postsh_1                      0x080001bd   Thumb Code     0  __rtentry2.o(.ARM.Collect$$rtentry$$00000009)
    __rt_entry_main                          0x080001c1   Thumb Code     0  __rtentry2.o(.ARM.Collect$$rtentry$$0000000D)
    __rt_entry_postli_1                      0x080001c1   Thumb Code     0  __rtentry2.o(.ARM.Collect$$rtentry$$0000000C)
    __rt_exit                                0x080001c9   Thumb Code     0  rtexit.o(.ARM.Collect$$rtexit$$00000000)
    __rt_exit_ls                             0x080001cb   Thumb Code     0  rtexit2.o(.ARM.Collect$$rtexit$$00000003)
    __rt_exit_prels_1                        0x080001cb   Thumb Code     0  rtexit2.o(.ARM.Collect$$rtexit$$00000002)
    __rt_exit_exit                           0x080001cf   Thumb Code     0  rtexit2.o(.ARM.Collect$$rtexit$$00000004)
    main                                     0x080001d5   Thumb Code  1250  main.o(.text)
    NMI_Handler                              0x080006c1   Thumb Code     2  stm32f10x_it.o(.text)
    HardFault_Handler                        0x080006c3   Thumb Code     4  stm32f10x_it.o(.text)
    MemManage_Handler                        0x080006c7   Thumb Code     4  stm32f10x_it.o(.text)
    BusFault_Handler                         0x080006cb   Thumb Code     4  stm32f10x_it.o(.text)
    UsageFault_Handler                       0x080006cf   Thumb Code     4  stm32f10x_it.o(.text)
    SVC_Handler                              0x080006d3   Thumb Code     2  stm32f10x_it.o(.text)
    DebugMon_Handler                         0x080006d5   Thumb Code     2  stm32f10x_it.o(.text)
    PendSV_Handler                           0x080006d7   Thumb Code     2  stm32f10x_it.o(.text)
    SysTick_Handler                          0x080006d9   Thumb Code     2  stm32f10x_it.o(.text)
    SystemInit                               0x080007bb   Thumb Code    78  system_stm32f10x.o(.text)
    SystemCoreClockUpdate                    0x08000809   Thumb Code   142  system_stm32f10x.o(.text)
    GetPowerMag                              0x080008bd   Thumb Code   210  fft.o(.text)
    LED_Init                                 0x0800099d   Thumb Code    72  led.o(.text)
    LCD_WR_REG                               0x080009ed   Thumb Code    28  lcd.o(.text)
    LCD_WR_DATAX                             0x08000a09   Thumb Code    28  lcd.o(.text)
    LCD_Writ_Bus                             0x08000a25   Thumb Code    34  lcd.o(.text)
    LCD_RD_DATA                              0x08000a47   Thumb Code    98  lcd.o(.text)
    LCD_WriteReg                             0x08000aa9   Thumb Code    40  lcd.o(.text)
    LCD_ReadReg                              0x08000ad1   Thumb Code    16  lcd.o(.text)
    LCD_WriteRAM_Prepare                     0x08000ae1   Thumb Code    12  lcd.o(.text)
    LCD_WriteRAM                             0x08000aed   Thumb Code    28  lcd.o(.text)
    LCD_BGR2RGB                              0x08000b09   Thumb Code    26  lcd.o(.text)
    opt_delay                                0x08000b23   Thumb Code    14  lcd.o(.text)
    LCD_SetCursor                            0x08000b31   Thumb Code   958  lcd.o(.text)
    LCD_ReadPoint                            0x08000eef   Thumb Code   506  lcd.o(.text)
    LCD_DisplayOn                            0x080010e9   Thumb Code    92  lcd.o(.text)
    LCD_DisplayOff                           0x08001145   Thumb Code    90  lcd.o(.text)
    LCD_Scan_Dir                             0x0800119f   Thumb Code  1126  lcd.o(.text)
    LCD_DrawPoint                            0x08001605   Thumb Code    52  lcd.o(.text)
    LCD_Fast_DrawPoint                       0x08001639   Thumb Code   854  lcd.o(.text)
    LCD_SSD_BackLightSet                     0x0800198f   Thumb Code   220  lcd.o(.text)
    LCD_Display_Dir                          0x08001a6b   Thumb Code   444  lcd.o(.text)
    LCD_Set_Window                           0x08001c27   Thumb Code  1078  lcd.o(.text)
    LCD_Clear                                0x0800205d   Thumb Code   122  lcd.o(.text)
    LCD_Init                                 0x080020d7   Thumb Code 15298  lcd.o(.text)
    LCD_Fill                                 0x08005c99   Thumb Code   200  lcd.o(.text)
    LCD_Color_Fill                           0x08005d61   Thumb Code   116  lcd.o(.text)
    LCD_DrawLine                             0x08005dd5   Thumb Code   176  lcd.o(.text)
    LCD_DrawRectangle                        0x08005e85   Thumb Code    60  lcd.o(.text)
    LCD_Draw_Circle                          0x08005ec1   Thumb Code   152  lcd.o(.text)
    LCD_ShowChar                             0x08005f59   Thumb Code   272  lcd.o(.text)
    LCD_Pow                                  0x08006069   Thumb Code    22  lcd.o(.text)
    LCD_ShowNum                              0x0800607f   Thumb Code   180  lcd.o(.text)
    LCD_ShowxNum                             0x08006133   Thumb Code   190  lcd.o(.text)
    LCD_ShowString                           0x080061f1   Thumb Code   102  lcd.o(.text)
    Address_set                              0x08006257   Thumb Code   208  lcd.o(.text)
    Adc_Init                                 0x08006331   Thumb Code   132  adc.o(.text)
    Get_Adc                                  0x080063b5   Thumb Code    46  adc.o(.text)
    Get_Adc_Average                          0x080063e3   Thumb Code    46  adc.o(.text)
    adc_Init                                 0x08006411   Thumb Code   398  adc.o(.text)
    Get_Adc1                                 0x0800659f   Thumb Code    26  adc.o(.text)
    Get_Adc2                                 0x080065b9   Thumb Code    26  adc.o(.text)
    Get_Adc3                                 0x080065d3   Thumb Code    26  adc.o(.text)
    delay_init                               0x08006601   Thumb Code    50  delay.o(.text)
    delay_us                                 0x08006633   Thumb Code    72  delay.o(.text)
    delay_ms                                 0x0800667b   Thumb Code    72  delay.o(.text)
    _sys_exit                                0x080066d5   Thumb Code     4  usart.o(.text)
    fputc                                    0x080066d9   Thumb Code    24  usart.o(.text)
    uart_init                                0x080066f1   Thumb Code   152  usart.o(.text)
    USART1_IRQHandler                        0x08006789   Thumb Code   122  usart.o(.text)
    Reset_Handler                            0x08006815   Thumb Code     8  startup_stm32f10x_hd.o(.text)
    ADC1_2_IRQHandler                        0x0800682f   Thumb Code     0  startup_stm32f10x_hd.o(.text)
    ADC3_IRQHandler                          0x0800682f   Thumb Code     0  startup_stm32f10x_hd.o(.text)
    CAN1_RX1_IRQHandler                      0x0800682f   Thumb Code     0  startup_stm32f10x_hd.o(.text)
    CAN1_SCE_IRQHandler                      0x0800682f   Thumb Code     0  startup_stm32f10x_hd.o(.text)
    DMA1_Channel1_IRQHandler                 0x0800682f   Thumb Code     0  startup_stm32f10x_hd.o(.text)
    DMA1_Channel2_IRQHandler                 0x0800682f   Thumb Code     0  startup_stm32f10x_hd.o(.text)
    DMA1_Channel3_IRQHandler                 0x0800682f   Thumb Code     0  startup_stm32f10x_hd.o(.text)
    DMA1_Channel4_IRQHandler                 0x0800682f   Thumb Code     0  startup_stm32f10x_hd.o(.text)
    DMA1_Channel5_IRQHandler                 0x0800682f   Thumb Code     0  startup_stm32f10x_hd.o(.text)
    DMA1_Channel6_IRQHandler                 0x0800682f   Thumb Code     0  startup_stm32f10x_hd.o(.text)
    DMA1_Channel7_IRQHandler                 0x0800682f   Thumb Code     0  startup_stm32f10x_hd.o(.text)
    DMA2_Channel1_IRQHandler                 0x0800682f   Thumb Code     0  startup_stm32f10x_hd.o(.text)
    DMA2_Channel2_IRQHandler                 0x0800682f   Thumb Code     0  startup_stm32f10x_hd.o(.text)
    DMA2_Channel3_IRQHandler                 0x0800682f   Thumb Code     0  startup_stm32f10x_hd.o(.text)
    DMA2_Channel4_5_IRQHandler               0x0800682f   Thumb Code     0  startup_stm32f10x_hd.o(.text)
    EXTI0_IRQHandler                         0x0800682f   Thumb Code     0  startup_stm32f10x_hd.o(.text)
    EXTI15_10_IRQHandler                     0x0800682f   Thumb Code     0  startup_stm32f10x_hd.o(.text)
    EXTI1_IRQHandler                         0x0800682f   Thumb Code     0  startup_stm32f10x_hd.o(.text)
    EXTI2_IRQHandler                         0x0800682f   Thumb Code     0  startup_stm32f10x_hd.o(.text)
    EXTI3_IRQHandler                         0x0800682f   Thumb Code     0  startup_stm32f10x_hd.o(.text)
    EXTI4_IRQHandler                         0x0800682f   Thumb Code     0  startup_stm32f10x_hd.o(.text)
    EXTI9_5_IRQHandler                       0x0800682f   Thumb Code     0  startup_stm32f10x_hd.o(.text)
    FLASH_IRQHandler                         0x0800682f   Thumb Code     0  startup_stm32f10x_hd.o(.text)
    FSMC_IRQHandler                          0x0800682f   Thumb Code     0  startup_stm32f10x_hd.o(.text)
    I2C1_ER_IRQHandler                       0x0800682f   Thumb Code     0  startup_stm32f10x_hd.o(.text)
    I2C1_EV_IRQHandler                       0x0800682f   Thumb Code     0  startup_stm32f10x_hd.o(.text)
    I2C2_ER_IRQHandler                       0x0800682f   Thumb Code     0  startup_stm32f10x_hd.o(.text)
    I2C2_EV_IRQHandler                       0x0800682f   Thumb Code     0  startup_stm32f10x_hd.o(.text)
    PVD_IRQHandler                           0x0800682f   Thumb Code     0  startup_stm32f10x_hd.o(.text)
    RCC_IRQHandler                           0x0800682f   Thumb Code     0  startup_stm32f10x_hd.o(.text)
    RTCAlarm_IRQHandler                      0x0800682f   Thumb Code     0  startup_stm32f10x_hd.o(.text)
    RTC_IRQHandler                           0x0800682f   Thumb Code     0  startup_stm32f10x_hd.o(.text)
    SDIO_IRQHandler                          0x0800682f   Thumb Code     0  startup_stm32f10x_hd.o(.text)
    SPI1_IRQHandler                          0x0800682f   Thumb Code     0  startup_stm32f10x_hd.o(.text)
    SPI2_IRQHandler                          0x0800682f   Thumb Code     0  startup_stm32f10x_hd.o(.text)
    SPI3_IRQHandler                          0x0800682f   Thumb Code     0  startup_stm32f10x_hd.o(.text)
    TAMPER_IRQHandler                        0x0800682f   Thumb Code     0  startup_stm32f10x_hd.o(.text)
    TIM1_BRK_IRQHandler                      0x0800682f   Thumb Code     0  startup_stm32f10x_hd.o(.text)
    TIM1_CC_IRQHandler                       0x0800682f   Thumb Code     0  startup_stm32f10x_hd.o(.text)
    TIM1_TRG_COM_IRQHandler                  0x0800682f   Thumb Code     0  startup_stm32f10x_hd.o(.text)
    TIM1_UP_IRQHandler                       0x0800682f   Thumb Code     0  startup_stm32f10x_hd.o(.text)
    TIM2_IRQHandler                          0x0800682f   Thumb Code     0  startup_stm32f10x_hd.o(.text)
    TIM3_IRQHandler                          0x0800682f   Thumb Code     0  startup_stm32f10x_hd.o(.text)
    TIM4_IRQHandler                          0x0800682f   Thumb Code     0  startup_stm32f10x_hd.o(.text)
    TIM5_IRQHandler                          0x0800682f   Thumb Code     0  startup_stm32f10x_hd.o(.text)
    TIM6_IRQHandler                          0x0800682f   Thumb Code     0  startup_stm32f10x_hd.o(.text)
    TIM7_IRQHandler                          0x0800682f   Thumb Code     0  startup_stm32f10x_hd.o(.text)
    TIM8_BRK_IRQHandler                      0x0800682f   Thumb Code     0  startup_stm32f10x_hd.o(.text)
    TIM8_CC_IRQHandler                       0x0800682f   Thumb Code     0  startup_stm32f10x_hd.o(.text)
    TIM8_TRG_COM_IRQHandler                  0x0800682f   Thumb Code     0  startup_stm32f10x_hd.o(.text)
    TIM8_UP_IRQHandler                       0x0800682f   Thumb Code     0  startup_stm32f10x_hd.o(.text)
    UART4_IRQHandler                         0x0800682f   Thumb Code     0  startup_stm32f10x_hd.o(.text)
    UART5_IRQHandler                         0x0800682f   Thumb Code     0  startup_stm32f10x_hd.o(.text)
    USART2_IRQHandler                        0x0800682f   Thumb Code     0  startup_stm32f10x_hd.o(.text)
    USART3_IRQHandler                        0x0800682f   Thumb Code     0  startup_stm32f10x_hd.o(.text)
    USBWakeUp_IRQHandler                     0x0800682f   Thumb Code     0  startup_stm32f10x_hd.o(.text)
    USB_HP_CAN1_TX_IRQHandler                0x0800682f   Thumb Code     0  startup_stm32f10x_hd.o(.text)
    USB_LP_CAN1_RX0_IRQHandler               0x0800682f   Thumb Code     0  startup_stm32f10x_hd.o(.text)
    WWDG_IRQHandler                          0x0800682f   Thumb Code     0  startup_stm32f10x_hd.o(.text)
    __user_initial_stackheap                 0x08006831   Thumb Code     0  startup_stm32f10x_hd.o(.text)
    GPIO_DeInit                              0x08006855   Thumb Code   172  stm32f10x_gpio.o(.text)
    GPIO_AFIODeInit                          0x08006901   Thumb Code    20  stm32f10x_gpio.o(.text)
    GPIO_Init                                0x08006915   Thumb Code   278  stm32f10x_gpio.o(.text)
    GPIO_StructInit                          0x08006a2b   Thumb Code    16  stm32f10x_gpio.o(.text)
    GPIO_ReadInputDataBit                    0x08006a3b   Thumb Code    18  stm32f10x_gpio.o(.text)
    GPIO_ReadInputData                       0x08006a4d   Thumb Code     8  stm32f10x_gpio.o(.text)
    GPIO_ReadOutputDataBit                   0x08006a55   Thumb Code    18  stm32f10x_gpio.o(.text)
    GPIO_ReadOutputData                      0x08006a67   Thumb Code     8  stm32f10x_gpio.o(.text)
    GPIO_SetBits                             0x08006a6f   Thumb Code     4  stm32f10x_gpio.o(.text)
    GPIO_ResetBits                           0x08006a73   Thumb Code     4  stm32f10x_gpio.o(.text)
    GPIO_WriteBit                            0x08006a77   Thumb Code    10  stm32f10x_gpio.o(.text)
    GPIO_Write                               0x08006a81   Thumb Code     4  stm32f10x_gpio.o(.text)
    GPIO_PinLockConfig                       0x08006a85   Thumb Code    18  stm32f10x_gpio.o(.text)
    GPIO_EventOutputConfig                   0x08006a97   Thumb Code    26  stm32f10x_gpio.o(.text)
    GPIO_EventOutputCmd                      0x08006ab1   Thumb Code     6  stm32f10x_gpio.o(.text)
    GPIO_PinRemapConfig                      0x08006ab7   Thumb Code   138  stm32f10x_gpio.o(.text)
    GPIO_EXTILineConfig                      0x08006b41   Thumb Code    66  stm32f10x_gpio.o(.text)
    GPIO_ETH_MediaInterfaceConfig            0x08006b83   Thumb Code     8  stm32f10x_gpio.o(.text)
    RCC_DeInit                               0x08006bb1   Thumb Code    64  stm32f10x_rcc.o(.text)
    RCC_HSEConfig                            0x08006bf1   Thumb Code    70  stm32f10x_rcc.o(.text)
    RCC_GetFlagStatus                        0x08006c37   Thumb Code    56  stm32f10x_rcc.o(.text)
    RCC_WaitForHSEStartUp                    0x08006c6f   Thumb Code    56  stm32f10x_rcc.o(.text)
    RCC_AdjustHSICalibrationValue            0x08006ca7   Thumb Code    20  stm32f10x_rcc.o(.text)
    RCC_HSICmd                               0x08006cbb   Thumb Code     6  stm32f10x_rcc.o(.text)
    RCC_PLLConfig                            0x08006cc1   Thumb Code    24  stm32f10x_rcc.o(.text)
    RCC_PLLCmd                               0x08006cd9   Thumb Code     6  stm32f10x_rcc.o(.text)
    RCC_SYSCLKConfig                         0x08006cdf   Thumb Code    18  stm32f10x_rcc.o(.text)
    RCC_GetSYSCLKSource                      0x08006cf1   Thumb Code    10  stm32f10x_rcc.o(.text)
    RCC_HCLKConfig                           0x08006cfb   Thumb Code    18  stm32f10x_rcc.o(.text)
    RCC_PCLK1Config                          0x08006d0d   Thumb Code    18  stm32f10x_rcc.o(.text)
    RCC_PCLK2Config                          0x08006d1f   Thumb Code    20  stm32f10x_rcc.o(.text)
    RCC_ITConfig                             0x08006d33   Thumb Code    26  stm32f10x_rcc.o(.text)
    RCC_USBCLKConfig                         0x08006d4d   Thumb Code     8  stm32f10x_rcc.o(.text)
    RCC_ADCCLKConfig                         0x08006d55   Thumb Code    18  stm32f10x_rcc.o(.text)
    RCC_LSEConfig                            0x08006d67   Thumb Code    50  stm32f10x_rcc.o(.text)
    RCC_LSICmd                               0x08006d99   Thumb Code     6  stm32f10x_rcc.o(.text)
    RCC_RTCCLKConfig                         0x08006d9f   Thumb Code    12  stm32f10x_rcc.o(.text)
    RCC_RTCCLKCmd                            0x08006dab   Thumb Code     8  stm32f10x_rcc.o(.text)
    RCC_GetClocksFreq                        0x08006db3   Thumb Code   192  stm32f10x_rcc.o(.text)
    RCC_AHBPeriphClockCmd                    0x08006e73   Thumb Code    26  stm32f10x_rcc.o(.text)
    RCC_APB2PeriphClockCmd                   0x08006e8d   Thumb Code    26  stm32f10x_rcc.o(.text)
    RCC_APB1PeriphClockCmd                   0x08006ea7   Thumb Code    26  stm32f10x_rcc.o(.text)
    RCC_APB2PeriphResetCmd                   0x08006ec1   Thumb Code    26  stm32f10x_rcc.o(.text)
    RCC_APB1PeriphResetCmd                   0x08006edb   Thumb Code    26  stm32f10x_rcc.o(.text)
    RCC_BackupResetCmd                       0x08006ef5   Thumb Code     8  stm32f10x_rcc.o(.text)
    RCC_ClockSecuritySystemCmd               0x08006efd   Thumb Code     6  stm32f10x_rcc.o(.text)
    RCC_MCOConfig                            0x08006f03   Thumb Code     6  stm32f10x_rcc.o(.text)
    RCC_ClearFlag                            0x08006f09   Thumb Code    14  stm32f10x_rcc.o(.text)
    RCC_GetITStatus                          0x08006f17   Thumb Code    20  stm32f10x_rcc.o(.text)
    RCC_ClearITPendingBit                    0x08006f2b   Thumb Code     6  stm32f10x_rcc.o(.text)
    USART_DeInit                             0x08006f55   Thumb Code   134  stm32f10x_usart.o(.text)
    USART_Init                               0x08006fdb   Thumb Code   210  stm32f10x_usart.o(.text)
    USART_StructInit                         0x080070ad   Thumb Code    24  stm32f10x_usart.o(.text)
    USART_ClockInit                          0x080070c5   Thumb Code    34  stm32f10x_usart.o(.text)
    USART_ClockStructInit                    0x080070e7   Thumb Code    12  stm32f10x_usart.o(.text)
    USART_Cmd                                0x080070f3   Thumb Code    24  stm32f10x_usart.o(.text)
    USART_ITConfig                           0x0800710b   Thumb Code    74  stm32f10x_usart.o(.text)
    USART_DMACmd                             0x08007155   Thumb Code    18  stm32f10x_usart.o(.text)
    USART_SetAddress                         0x08007167   Thumb Code    18  stm32f10x_usart.o(.text)
    USART_WakeUpConfig                       0x08007179   Thumb Code    18  stm32f10x_usart.o(.text)
    USART_ReceiverWakeUpCmd                  0x0800718b   Thumb Code    24  stm32f10x_usart.o(.text)
    USART_LINBreakDetectLengthConfig         0x080071a3   Thumb Code    18  stm32f10x_usart.o(.text)
    USART_LINCmd                             0x080071b5   Thumb Code    24  stm32f10x_usart.o(.text)
    USART_SendData                           0x080071cd   Thumb Code     8  stm32f10x_usart.o(.text)
    USART_ReceiveData                        0x080071d5   Thumb Code    10  stm32f10x_usart.o(.text)
    USART_SendBreak                          0x080071df   Thumb Code    10  stm32f10x_usart.o(.text)
    USART_SetGuardTime                       0x080071e9   Thumb Code    16  stm32f10x_usart.o(.text)
    USART_SetPrescaler                       0x080071f9   Thumb Code    16  stm32f10x_usart.o(.text)
    USART_SmartCardCmd                       0x08007209   Thumb Code    24  stm32f10x_usart.o(.text)
    USART_SmartCardNACKCmd                   0x08007221   Thumb Code    24  stm32f10x_usart.o(.text)
    USART_HalfDuplexCmd                      0x08007239   Thumb Code    24  stm32f10x_usart.o(.text)
    USART_OverSampling8Cmd                   0x08007251   Thumb Code    22  stm32f10x_usart.o(.text)
    USART_OneBitMethodCmd                    0x08007267   Thumb Code    24  stm32f10x_usart.o(.text)
    USART_IrDAConfig                         0x0800727f   Thumb Code    18  stm32f10x_usart.o(.text)
    USART_IrDACmd                            0x08007291   Thumb Code    24  stm32f10x_usart.o(.text)
    USART_GetFlagStatus                      0x080072a9   Thumb Code    26  stm32f10x_usart.o(.text)
    USART_ClearFlag                          0x080072c3   Thumb Code    18  stm32f10x_usart.o(.text)
    USART_GetITStatus                        0x080072d5   Thumb Code    84  stm32f10x_usart.o(.text)
    USART_ClearITPendingBit                  0x08007329   Thumb Code    52  stm32f10x_usart.o(.text)
    NVIC_PriorityGroupConfig                 0x0800735d   Thumb Code    10  misc.o(.text)
    NVIC_Init                                0x08007367   Thumb Code   100  misc.o(.text)
    NVIC_SetVectorTable                      0x080073cb   Thumb Code    14  misc.o(.text)
    NVIC_SystemLPConfig                      0x080073d9   Thumb Code    34  misc.o(.text)
    SysTick_CLKSourceConfig                  0x080073fb   Thumb Code    40  misc.o(.text)
    ADC_DeInit                               0x08007439   Thumb Code    78  stm32f10x_adc.o(.text)
    ADC_Init                                 0x08007487   Thumb Code    70  stm32f10x_adc.o(.text)
    ADC_StructInit                           0x080074cd   Thumb Code    18  stm32f10x_adc.o(.text)
    ADC_Cmd                                  0x080074df   Thumb Code    22  stm32f10x_adc.o(.text)
    ADC_DMACmd                               0x080074f5   Thumb Code    22  stm32f10x_adc.o(.text)
    ADC_ITConfig                             0x0800750b   Thumb Code    24  stm32f10x_adc.o(.text)
    ADC_ResetCalibration                     0x08007523   Thumb Code    10  stm32f10x_adc.o(.text)
    ADC_GetResetCalibrationStatus            0x0800752d   Thumb Code    20  stm32f10x_adc.o(.text)
    ADC_StartCalibration                     0x08007541   Thumb Code    10  stm32f10x_adc.o(.text)
    ADC_GetCalibrationStatus                 0x0800754b   Thumb Code    20  stm32f10x_adc.o(.text)
    ADC_SoftwareStartConvCmd                 0x0800755f   Thumb Code    22  stm32f10x_adc.o(.text)
    ADC_GetSoftwareStartConvStatus           0x08007575   Thumb Code    20  stm32f10x_adc.o(.text)
    ADC_DiscModeChannelCountConfig           0x08007589   Thumb Code    24  stm32f10x_adc.o(.text)
    ADC_DiscModeCmd                          0x080075a1   Thumb Code    22  stm32f10x_adc.o(.text)
    ADC_RegularChannelConfig                 0x080075b7   Thumb Code   184  stm32f10x_adc.o(.text)
    ADC_ExternalTrigConvCmd                  0x0800766f   Thumb Code    22  stm32f10x_adc.o(.text)
    ADC_GetConversionValue                   0x08007685   Thumb Code     8  stm32f10x_adc.o(.text)
    ADC_GetDualModeConversionValue           0x0800768d   Thumb Code     8  stm32f10x_adc.o(.text)
    ADC_AutoInjectedConvCmd                  0x08007695   Thumb Code    22  stm32f10x_adc.o(.text)
    ADC_InjectedDiscModeCmd                  0x080076ab   Thumb Code    22  stm32f10x_adc.o(.text)
    ADC_ExternalTrigInjectedConvConfig       0x080076c1   Thumb Code    16  stm32f10x_adc.o(.text)
    ADC_ExternalTrigInjectedConvCmd          0x080076d1   Thumb Code    22  stm32f10x_adc.o(.text)
    ADC_SoftwareStartInjectedConvCmd         0x080076e7   Thumb Code    22  stm32f10x_adc.o(.text)
    ADC_GetSoftwareStartInjectedConvCmdStatus 0x080076fd   Thumb Code    20  stm32f10x_adc.o(.text)
    ADC_InjectedChannelConfig                0x08007711   Thumb Code   130  stm32f10x_adc.o(.text)
    ADC_InjectedSequencerLengthConfig        0x08007793   Thumb Code    24  stm32f10x_adc.o(.text)
    ADC_SetInjectedOffset                    0x080077ab   Thumb Code    20  stm32f10x_adc.o(.text)
    ADC_GetInjectedConversionValue           0x080077bf   Thumb Code    28  stm32f10x_adc.o(.text)
    ADC_AnalogWatchdogCmd                    0x080077db   Thumb Code    16  stm32f10x_adc.o(.text)
    ADC_AnalogWatchdogThresholdsConfig       0x080077eb   Thumb Code     6  stm32f10x_adc.o(.text)
    ADC_AnalogWatchdogSingleChannelConfig    0x080077f1   Thumb Code    16  stm32f10x_adc.o(.text)
    ADC_TempSensorVrefintCmd                 0x08007801   Thumb Code    64  stm32f10x_adc.o(.text)
    ADC_GetFlagStatus                        0x08007841   Thumb Code    18  stm32f10x_adc.o(.text)
    ADC_ClearFlag                            0x08007853   Thumb Code     6  stm32f10x_adc.o(.text)
    ADC_GetITStatus                          0x08007859   Thumb Code    36  stm32f10x_adc.o(.text)
    ADC_ClearITPendingBit                    0x0800787d   Thumb Code    10  stm32f10x_adc.o(.text)
    cr4_fft_256_stm32                        0x08007889   Thumb Code     0  cr4_fft_256_stm32.o(.text)
    __use_no_semihosting                     0x08007e67   Thumb Code     2  use_no_semi_2.o(.text)
    __2printf                                0x08007e69   Thumb Code    20  noretval__2printf.o(.text)
    __printf                                 0x08007e81   Thumb Code   104  __printf.o(.text)
    _printf_int_hex                          0x08007ee9   Thumb Code    84  _printf_hex_int.o(.text)
    _printf_longlong_hex                     0x08007ee9   Thumb Code     0  _printf_hex_int.o(.text)
    __use_two_region_memory                  0x08007f41   Thumb Code     2  heapauxi.o(.text)
    __rt_heap_escrow$2region                 0x08007f43   Thumb Code     2  heapauxi.o(.text)
    __rt_heap_expand$2region                 0x08007f45   Thumb Code     2  heapauxi.o(.text)
    __I$use$semihosting                      0x08007f47   Thumb Code     0  use_no_semi.o(.text)
    __use_no_semihosting_swi                 0x08007f47   Thumb Code     2  use_no_semi.o(.text)
    __read_errno                             0x08007f49   Thumb Code    10  _rserrno.o(.text)
    __set_errno                              0x08007f53   Thumb Code    12  _rserrno.o(.text)
    _printf_int_common                       0x08007f5f   Thumb Code   178  _printf_intcommon.o(.text)
    _printf_char_file                        0x08008011   Thumb Code    32  _printf_char_file.o(.text)
    __aeabi_errno_addr                       0x08008035   Thumb Code     8  rt_errno_addr_intlibspace.o(.text)
    __errno$intlibspace                      0x08008035   Thumb Code     0  rt_errno_addr_intlibspace.o(.text)
    __rt_errno_addr$intlibspace              0x08008035   Thumb Code     0  rt_errno_addr_intlibspace.o(.text)
    _printf_char_common                      0x08008047   Thumb Code    32  _printf_char_common.o(.text)
    ferror                                   0x0800806d   Thumb Code     8  ferror.o(.text)
    __user_libspace                          0x08008075   Thumb Code     8  libspace.o(.text)
    __user_perproc_libspace                  0x08008075   Thumb Code     0  libspace.o(.text)
    __user_perthread_libspace                0x08008075   Thumb Code     0  libspace.o(.text)
    __user_setup_stackheap                   0x0800807d   Thumb Code    74  sys_stackheap_outer.o(.text)
    exit                                     0x080080c7   Thumb Code    18  exit.o(.text)
    sqrt                                     0x080080d9   Thumb Code    76  sqrt.o(i.sqrt)
    __aeabi_d2f                              0x08008125   Thumb Code     0  d2f.o(x$fpl$d2f)
    _d2f                                     0x08008125   Thumb Code    98  d2f.o(x$fpl$d2f)
    __aeabi_ddiv                             0x08008189   Thumb Code     0  ddiv.o(x$fpl$ddiv)
    _ddiv                                    0x08008189   Thumb Code   552  ddiv.o(x$fpl$ddiv)
    __aeabi_d2uiz                            0x08008439   Thumb Code     0  dfixu.o(x$fpl$dfixu)
    _dfixu                                   0x08008439   Thumb Code    90  dfixu.o(x$fpl$dfixu)
    __aeabi_ui2d                             0x08008493   Thumb Code     0  dflt_clz.o(x$fpl$dfltu)
    _dfltu                                   0x08008493   Thumb Code    38  dflt_clz.o(x$fpl$dfltu)
    __aeabi_dmul                             0x080084b9   Thumb Code     0  dmul.o(x$fpl$dmul)
    _dmul                                    0x080084b9   Thumb Code   332  dmul.o(x$fpl$dmul)
    __fpl_dnaninf                            0x0800860d   Thumb Code   156  dnaninf.o(x$fpl$dnaninf)
    __fpl_dretinf                            0x080086a9   Thumb Code    12  dretinf.o(x$fpl$dretinf)
    _dsqrt                                   0x080086b5   Thumb Code   456  dsqrt_noumaal.o(x$fpl$dsqrt)
    __aeabi_f2d                              0x08008881   Thumb Code     0  f2d.o(x$fpl$f2d)
    _f2d                                     0x08008881   Thumb Code    86  f2d.o(x$fpl$f2d)
    __aeabi_fadd                             0x080088d9   Thumb Code     0  faddsub_clz.o(x$fpl$fadd)
    _fadd                                    0x080088d9   Thumb Code   196  faddsub_clz.o(x$fpl$fadd)
    __aeabi_fdiv                             0x0800899d   Thumb Code     0  fdiv.o(x$fpl$fdiv)
    _fdiv                                    0x0800899d   Thumb Code   384  fdiv.o(x$fpl$fdiv)
    __aeabi_f2uiz                            0x08008b21   Thumb Code     0  ffixu.o(x$fpl$ffixu)
    _ffixu                                   0x08008b21   Thumb Code    62  ffixu.o(x$fpl$ffixu)
    __aeabi_i2f                              0x08008b61   Thumb Code     0  fflt_clz.o(x$fpl$fflt)
    _fflt                                    0x08008b61   Thumb Code    48  fflt_clz.o(x$fpl$fflt)
    __aeabi_ui2f                             0x08008b91   Thumb Code     0  fflt_clz.o(x$fpl$ffltu)
    _ffltu                                   0x08008b91   Thumb Code    38  fflt_clz.o(x$fpl$ffltu)
    __aeabi_fmul                             0x08008bb9   Thumb Code     0  fmul.o(x$fpl$fmul)
    _fmul                                    0x08008bb9   Thumb Code   258  fmul.o(x$fpl$fmul)
    __fpl_fnaninf                            0x08008cbb   Thumb Code   140  fnaninf.o(x$fpl$fnaninf)
    __fpl_fretinf                            0x08008d47   Thumb Code    10  fretinf.o(x$fpl$fretinf)
    __aeabi_fsub                             0x08008d51   Thumb Code     0  faddsub_clz.o(x$fpl$fsub)
    _fsub                                    0x08008d51   Thumb Code   234  faddsub_clz.o(x$fpl$fsub)
    __I$use$fp                               0x08008e3a   Number         0  usenofp.o(x$fpl$usenofp)
    asc2_1206                                0x08008e48   Data        1140  lcd.o(.constdata)
    asc2_1608                                0x080092bc   Data        1520  lcd.o(.constdata)
    asc2_2412                                0x080098ac   Data        3420  lcd.o(.constdata)
    Region$$Table$$Base                      0x0800a630   Number         0  anon$$obj.o(Region$$Table)
    Region$$Table$$Limit                     0x0800a650   Number         0  anon$$obj.o(Region$$Table)
    SystemCoreClock                          0x20000000   Data           4  system_stm32f10x.o(.data)
    AHBPrescTable                            0x20000004   Data          16  system_stm32f10x.o(.data)
    POINT_COLOR                              0x20000014   Data           2  lcd.o(.data)
    BACK_COLOR                               0x20000016   Data           2  lcd.o(.data)
    __stdout                                 0x2000001c   Data           4  usart.o(.data)
    USART_RX_STA                             0x20000020   Data           2  usart.o(.data)
    adc_1                                    0x20000038   Data        1028  main.o(.bss)
    adc_2                                    0x2000043c   Data        1028  main.o(.bss)
    adc_3                                    0x20000840   Data        1028  main.o(.bss)
    output_1                                 0x20000c44   Data        1024  main.o(.bss)
    output_2                                 0x20001044   Data        1024  main.o(.bss)
    output_3                                 0x20001444   Data        1024  main.o(.bss)
    fre_data_1                               0x20001844   Data        1024  main.o(.bss)
    fre_data_2                               0x20001c44   Data        1024  main.o(.bss)
    fre_data_3                               0x20002044   Data        1024  main.o(.bss)
    temp_1                                   0x20002444   Data        1024  main.o(.bss)
    temp_2                                   0x20002844   Data        1024  main.o(.bss)
    lBufOutArray                             0x20002c44   Data        1024  fft.o(.bss)
    lBufMagArray                             0x20003044   Data        1024  fft.o(.bss)
    lcddev                                   0x20003444   Data          14  lcd.o(.bss)
    USART_RX_BUF                             0x20003452   Data         200  usart.o(.bss)
    __libspace_start                         0x2000351c   Data          96  libspace.o(.bss)
    __temporary_stack_top$libspace           0x2000357c   Data           0  libspace.o(.bss)



==============================================================================

Memory Map of the image

  Image Entry point : 0x08000131

  Load Region LR_IROM1 (Base: 0x08000000, Size: 0x0000a688, Max: 0x00040000, ABSOLUTE)

    Execution Region ER_IROM1 (Base: 0x08000000, Size: 0x0000a650, Max: 0x00040000, ABSOLUTE)

    Base Addr    Size         Type   Attr      Idx    E Section Name        Object

    0x08000000   0x00000130   Data   RO          355    RESET               startup_stm32f10x_hd.o
    0x08000130   0x00000008   Code   RO          498  * !!!main             c_w.l(__main.o)
    0x08000138   0x00000034   Code   RO          738    !!!scatter          c_w.l(__scatter.o)
    0x0800016c   0x0000001a   Code   RO          740    !!handler_copy      c_w.l(__scatter_copy.o)
    0x08000186   0x00000002   PAD
    0x08000188   0x0000001c   Code   RO          742    !!handler_zi        c_w.l(__scatter_zi.o)
    0x080001a4   0x00000000   Code   RO          495    .ARM.Collect$$_printf_percent$$00000000  c_w.l(_printf_percent.o)
    0x080001a4   0x00000006   Code   RO          494    .ARM.Collect$$_printf_percent$$0000000C  c_w.l(_printf_x.o)
    0x080001aa   0x00000004   Code   RO          559    .ARM.Collect$$_printf_percent$$00000017  c_w.l(_printf_percent_end.o)
    0x080001ae   0x00000002   Code   RO          615    .ARM.Collect$$libinit$$00000000  c_w.l(libinit.o)
    0x080001b0   0x00000000   Code   RO          619    .ARM.Collect$$libinit$$00000002  c_w.l(libinit2.o)
    0x080001b0   0x00000000   Code   RO          621    .ARM.Collect$$libinit$$00000004  c_w.l(libinit2.o)
    0x080001b0   0x00000000   Code   RO          624    .ARM.Collect$$libinit$$0000000A  c_w.l(libinit2.o)
    0x080001b0   0x00000000   Code   RO          626    .ARM.Collect$$libinit$$0000000C  c_w.l(libinit2.o)
    0x080001b0   0x00000000   Code   RO          628    .ARM.Collect$$libinit$$0000000E  c_w.l(libinit2.o)
    0x080001b0   0x00000000   Code   RO          631    .ARM.Collect$$libinit$$00000011  c_w.l(libinit2.o)
    0x080001b0   0x00000000   Code   RO          633    .ARM.Collect$$libinit$$00000013  c_w.l(libinit2.o)
    0x080001b0   0x00000000   Code   RO          635    .ARM.Collect$$libinit$$00000015  c_w.l(libinit2.o)
    0x080001b0   0x00000000   Code   RO          637    .ARM.Collect$$libinit$$00000017  c_w.l(libinit2.o)
    0x080001b0   0x00000000   Code   RO          639    .ARM.Collect$$libinit$$00000019  c_w.l(libinit2.o)
    0x080001b0   0x00000000   Code   RO          641    .ARM.Collect$$libinit$$0000001B  c_w.l(libinit2.o)
    0x080001b0   0x00000000   Code   RO          643    .ARM.Collect$$libinit$$0000001D  c_w.l(libinit2.o)
    0x080001b0   0x00000000   Code   RO          645    .ARM.Collect$$libinit$$0000001F  c_w.l(libinit2.o)
    0x080001b0   0x00000000   Code   RO          647    .ARM.Collect$$libinit$$00000021  c_w.l(libinit2.o)
    0x080001b0   0x00000000   Code   RO          649    .ARM.Collect$$libinit$$00000023  c_w.l(libinit2.o)
    0x080001b0   0x00000000   Code   RO          651    .ARM.Collect$$libinit$$00000025  c_w.l(libinit2.o)
    0x080001b0   0x00000000   Code   RO          655    .ARM.Collect$$libinit$$0000002C  c_w.l(libinit2.o)
    0x080001b0   0x00000000   Code   RO          657    .ARM.Collect$$libinit$$0000002E  c_w.l(libinit2.o)
    0x080001b0   0x00000000   Code   RO          659    .ARM.Collect$$libinit$$00000030  c_w.l(libinit2.o)
    0x080001b0   0x00000000   Code   RO          661    .ARM.Collect$$libinit$$00000032  c_w.l(libinit2.o)
    0x080001b0   0x00000002   Code   RO          662    .ARM.Collect$$libinit$$00000033  c_w.l(libinit2.o)
    0x080001b2   0x00000002   Code   RO          680    .ARM.Collect$$libshutdown$$00000000  c_w.l(libshutdown.o)
    0x080001b4   0x00000000   Code   RO          690    .ARM.Collect$$libshutdown$$00000002  c_w.l(libshutdown2.o)
    0x080001b4   0x00000000   Code   RO          692    .ARM.Collect$$libshutdown$$00000004  c_w.l(libshutdown2.o)
    0x080001b4   0x00000000   Code   RO          695    .ARM.Collect$$libshutdown$$00000007  c_w.l(libshutdown2.o)
    0x080001b4   0x00000000   Code   RO          698    .ARM.Collect$$libshutdown$$0000000A  c_w.l(libshutdown2.o)
    0x080001b4   0x00000000   Code   RO          700    .ARM.Collect$$libshutdown$$0000000C  c_w.l(libshutdown2.o)
    0x080001b4   0x00000000   Code   RO          703    .ARM.Collect$$libshutdown$$0000000F  c_w.l(libshutdown2.o)
    0x080001b4   0x00000002   Code   RO          704    .ARM.Collect$$libshutdown$$00000010  c_w.l(libshutdown2.o)
    0x080001b6   0x00000000   Code   RO          552    .ARM.Collect$$rtentry$$00000000  c_w.l(__rtentry.o)
    0x080001b6   0x00000000   Code   RO          574    .ARM.Collect$$rtentry$$00000002  c_w.l(__rtentry2.o)
    0x080001b6   0x00000006   Code   RO          586    .ARM.Collect$$rtentry$$00000004  c_w.l(__rtentry4.o)
    0x080001bc   0x00000000   Code   RO          576    .ARM.Collect$$rtentry$$00000009  c_w.l(__rtentry2.o)
    0x080001bc   0x00000004   Code   RO          577    .ARM.Collect$$rtentry$$0000000A  c_w.l(__rtentry2.o)
    0x080001c0   0x00000000   Code   RO          579    .ARM.Collect$$rtentry$$0000000C  c_w.l(__rtentry2.o)
    0x080001c0   0x00000008   Code   RO          580    .ARM.Collect$$rtentry$$0000000D  c_w.l(__rtentry2.o)
    0x080001c8   0x00000002   Code   RO          616    .ARM.Collect$$rtexit$$00000000  c_w.l(rtexit.o)
    0x080001ca   0x00000000   Code   RO          664    .ARM.Collect$$rtexit$$00000002  c_w.l(rtexit2.o)
    0x080001ca   0x00000004   Code   RO          665    .ARM.Collect$$rtexit$$00000003  c_w.l(rtexit2.o)
    0x080001ce   0x00000006   Code   RO          666    .ARM.Collect$$rtexit$$00000004  c_w.l(rtexit2.o)
    0x080001d4   0x000004ec   Code   RO            1    .text               main.o
    0x080006c0   0x0000001a   Code   RO          143    .text               stm32f10x_it.o
    0x080006da   0x00000002   PAD
    0x080006dc   0x000001e0   Code   RO          184    .text               system_stm32f10x.o
    0x080008bc   0x000000e0   Code   RO          202    .text               fft.o
    0x0800099c   0x00000050   Code   RO          235    .text               led.o
    0x080009ec   0x00005944   Code   RO          247    .text               lcd.o
    0x08006330   0x000002d0   Code   RO          277    .text               adc.o
    0x08006600   0x000000d4   Code   RO          289    .text               delay.o
    0x080066d4   0x00000140   Code   RO          320    .text               usart.o
    0x08006814   0x00000040   Code   RO          356    .text               startup_stm32f10x_hd.o
    0x08006854   0x0000035c   Code   RO          360    .text               stm32f10x_gpio.o
    0x08006bb0   0x000003a4   Code   RO          372    .text               stm32f10x_rcc.o
    0x08006f54   0x00000408   Code   RO          386    .text               stm32f10x_usart.o
    0x0800735c   0x000000dc   Code   RO          398    .text               misc.o
    0x08007438   0x0000044e   Code   RO          410    .text               stm32f10x_adc.o
    0x08007886   0x00000002   PAD
    0x08007888   0x000005de   Code   RO          437    .text               cr4_fft_256_stm32.o
    0x08007e66   0x00000002   Code   RO          445    .text               c_w.l(use_no_semi_2.o)
    0x08007e68   0x00000018   Code   RO          449    .text               c_w.l(noretval__2printf.o)
    0x08007e80   0x00000068   Code   RO          451    .text               c_w.l(__printf.o)
    0x08007ee8   0x00000058   Code   RO          456    .text               c_w.l(_printf_hex_int.o)
    0x08007f40   0x00000006   Code   RO          496    .text               c_w.l(heapauxi.o)
    0x08007f46   0x00000002   Code   RO          550    .text               c_w.l(use_no_semi.o)
    0x08007f48   0x00000016   Code   RO          553    .text               c_w.l(_rserrno.o)
    0x08007f5e   0x000000b2   Code   RO          555    .text               c_w.l(_printf_intcommon.o)
    0x08008010   0x00000024   Code   RO          557    .text               c_w.l(_printf_char_file.o)
    0x08008034   0x00000008   Code   RO          591    .text               c_w.l(rt_errno_addr_intlibspace.o)
    0x0800803c   0x00000030   Code   RO          593    .text               c_w.l(_printf_char_common.o)
    0x0800806c   0x00000008   Code   RO          595    .text               c_w.l(ferror.o)
    0x08008074   0x00000008   Code   RO          601    .text               c_w.l(libspace.o)
    0x0800807c   0x0000004a   Code   RO          604    .text               c_w.l(sys_stackheap_outer.o)
    0x080080c6   0x00000012   Code   RO          608    .text               c_w.l(exit.o)
    0x080080d8   0x0000004c   Code   RO          543    i.sqrt              m_ws.l(sqrt.o)
    0x08008124   0x00000062   Code   RO          500    x$fpl$d2f           fz_ws.l(d2f.o)
    0x08008186   0x00000002   PAD
    0x08008188   0x000002b0   Code   RO          503    x$fpl$ddiv          fz_ws.l(ddiv.o)
    0x08008438   0x0000005a   Code   RO          506    x$fpl$dfixu         fz_ws.l(dfixu.o)
    0x08008492   0x00000026   Code   RO          510    x$fpl$dfltu         fz_ws.l(dflt_clz.o)
    0x080084b8   0x00000154   Code   RO          516    x$fpl$dmul          fz_ws.l(dmul.o)
    0x0800860c   0x0000009c   Code   RO          562    x$fpl$dnaninf       fz_ws.l(dnaninf.o)
    0x080086a8   0x0000000c   Code   RO          564    x$fpl$dretinf       fz_ws.l(dretinf.o)
    0x080086b4   0x000001cc   Code   RO          566    x$fpl$dsqrt         fz_ws.l(dsqrt_noumaal.o)
    0x08008880   0x00000056   Code   RO          518    x$fpl$f2d           fz_ws.l(f2d.o)
    0x080088d6   0x00000002   PAD
    0x080088d8   0x000000c4   Code   RO          520    x$fpl$fadd          fz_ws.l(faddsub_clz.o)
    0x0800899c   0x00000184   Code   RO          527    x$fpl$fdiv          fz_ws.l(fdiv.o)
    0x08008b20   0x0000003e   Code   RO          530    x$fpl$ffixu         fz_ws.l(ffixu.o)
    0x08008b5e   0x00000002   PAD
    0x08008b60   0x00000030   Code   RO          535    x$fpl$fflt          fz_ws.l(fflt_clz.o)
    0x08008b90   0x00000026   Code   RO          534    x$fpl$ffltu         fz_ws.l(fflt_clz.o)
    0x08008bb6   0x00000002   PAD
    0x08008bb8   0x00000102   Code   RO          540    x$fpl$fmul          fz_ws.l(fmul.o)
    0x08008cba   0x0000008c   Code   RO          568    x$fpl$fnaninf       fz_ws.l(fnaninf.o)
    0x08008d46   0x0000000a   Code   RO          570    x$fpl$fretinf       fz_ws.l(fretinf.o)
    0x08008d50   0x000000ea   Code   RO          522    x$fpl$fsub          fz_ws.l(faddsub_clz.o)
    0x08008e3a   0x00000000   Code   RO          572    x$fpl$usenofp       fz_ws.l(usenofp.o)
    0x08008e3a   0x00000002   PAD
    0x08008e3c   0x0000000c   Data   RO            3    .constdata          main.o
    0x08008e48   0x000017c0   Data   RO          249    .constdata          lcd.o
    0x0800a608   0x00000028   Data   RO          457    .constdata          c_w.l(_printf_hex_int.o)
    0x0800a630   0x00000020   Data   RO          736    Region$$Table       anon$$obj.o


    Execution Region RW_IRAM1 (Base: 0x20000000, Size: 0x00003b80, Max: 0x0000c000, ABSOLUTE)

    Base Addr    Size         Type   Attr      Idx    E Section Name        Object

    0x20000000   0x00000014   Data   RW          185    .data               system_stm32f10x.o
    0x20000014   0x00000004   Data   RW          250    .data               lcd.o
    0x20000018   0x00000004   Data   RW          290    .data               delay.o
    0x2000001c   0x00000006   Data   RW          322    .data               usart.o
    0x20000022   0x00000014   Data   RW          373    .data               stm32f10x_rcc.o
    0x20000036   0x00000002   PAD
    0x20000038   0x00002c0c   Zero   RW            2    .bss                main.o
    0x20002c44   0x00000800   Zero   RW          203    .bss                fft.o
    0x20003444   0x0000000e   Zero   RW          248    .bss                lcd.o
    0x20003452   0x000000c8   Zero   RW          321    .bss                usart.o
    0x2000351a   0x00000002   PAD
    0x2000351c   0x00000060   Zero   RW          602    .bss                c_w.l(libspace.o)
    0x2000357c   0x00000004   PAD
    0x20003580   0x00000200   Zero   RW          354    HEAP                startup_stm32f10x_hd.o
    0x20003780   0x00000400   Zero   RW          353    STACK               startup_stm32f10x_hd.o


==============================================================================

Image component sizes


      Code (inc. data)   RO Data    RW Data    ZI Data      Debug   Object Name

       720         20          0          0          0       2055   adc.o
      1502       1008          0          0          0        304   cr4_fft_256_stm32.o
       212         18          0          4          0       1039   delay.o
       224         14          0          0       2048       1222   fft.o
     22852        218       6080          4         14      26048   lcd.o
        80          8          0          0          0        495   led.o
      1260         70         12          0      11276     243709   main.o
       220         22          0          0          0       1793   misc.o
        64         26        304          0       1536        800   startup_stm32f10x_hd.o
      1102         26          0          0          0      11037   stm32f10x_adc.o
       860         38          0          0          0       5729   stm32f10x_gpio.o
        26          0          0          0          0     204246   stm32f10x_it.o
       932         36          0         20          0       8908   stm32f10x_rcc.o
      1032         22          0          0          0       8452   stm32f10x_usart.o
         0          0          0          0          0         32   sys.o
       480         38          0         20          0       1731   system_stm32f10x.o
       320         18          0          6        200       3126   usart.o

    ----------------------------------------------------------------------
     31890       1582       6428         56      15076     520726   Object Totals
         0          0         32          0          0          0   (incl. Generated)
         4          0          0          2          2          0   (incl. Padding)

    ----------------------------------------------------------------------

      Code (inc. data)   RO Data    RW Data    ZI Data      Debug   Library Member Name

         8          0          0          0          0         68   __main.o
       104          0          0          0          0         84   __printf.o
         0          0          0          0          0          0   __rtentry.o
        12          0          0          0          0          0   __rtentry2.o
         6          0          0          0          0          0   __rtentry4.o
        52          8          0          0          0          0   __scatter.o
        26          0          0          0          0          0   __scatter_copy.o
        28          0          0          0          0          0   __scatter_zi.o
        48          6          0          0          0         96   _printf_char_common.o
        36          4          0          0          0         80   _printf_char_file.o
        88          4         40          0          0         88   _printf_hex_int.o
       178          0          0          0          0         88   _printf_intcommon.o
         0          0          0          0          0          0   _printf_percent.o
         4          0          0          0          0          0   _printf_percent_end.o
         6          0          0          0          0          0   _printf_x.o
        22          0          0          0          0        100   _rserrno.o
        18          0          0          0          0         80   exit.o
         8          0          0          0          0         68   ferror.o
         6          0          0          0          0        152   heapauxi.o
         2          0          0          0          0          0   libinit.o
         2          0          0          0          0          0   libinit2.o
         2          0          0          0          0          0   libshutdown.o
         2          0          0          0          0          0   libshutdown2.o
         8          4          0          0         96         68   libspace.o
        24          4          0          0          0         84   noretval__2printf.o
         8          4          0          0          0         68   rt_errno_addr_intlibspace.o
         2          0          0          0          0          0   rtexit.o
        10          0          0          0          0          0   rtexit2.o
        74          0          0          0          0         80   sys_stackheap_outer.o
         2          0          0          0          0         68   use_no_semi.o
         2          0          0          0          0         68   use_no_semi_2.o
        98          4          0          0          0         92   d2f.o
       688        140          0          0          0        208   ddiv.o
        90          4          0          0          0         92   dfixu.o
        38          0          0          0          0         68   dflt_clz.o
       340         12          0          0          0        104   dmul.o
       156          4          0          0          0         92   dnaninf.o
        12          0          0          0          0         68   dretinf.o
       460         56          0          0          0        120   dsqrt_noumaal.o
        86          4          0          0          0         84   f2d.o
       430          8          0          0          0        168   faddsub_clz.o
       388         76          0          0          0         96   fdiv.o
        62          4          0          0          0         84   ffixu.o
        86          0          0          0          0        136   fflt_clz.o
       258          4          0          0          0         84   fmul.o
       140          4          0          0          0         84   fnaninf.o
        10          0          0          0          0         68   fretinf.o
         0          0          0          0          0          0   usenofp.o
        76          0          0          0          0         84   sqrt.o

    ----------------------------------------------------------------------
      4218        354         40          0        100       3072   Library Totals
        12          0          0          0          4          0   (incl. Padding)

    ----------------------------------------------------------------------

      Code (inc. data)   RO Data    RW Data    ZI Data      Debug   Library Name

       788         34         40          0         96       1340   c_w.l
      3342        320          0          0          0       1648   fz_ws.l
        76          0          0          0          0         84   m_ws.l

    ----------------------------------------------------------------------
      4218        354         40          0        100       3072   Library Totals

    ----------------------------------------------------------------------

==============================================================================


      Code (inc. data)   RO Data    RW Data    ZI Data      Debug   

     36108       1936       6468         56      15176     521038   Grand Totals
     36108       1936       6468         56      15176     521038   ELF Image Totals
     36108       1936       6468         56          0          0   ROM Totals

==============================================================================

    Total RO  Size (Code + RO Data)                42576 (  41.58kB)
    Total RW  Size (RW Data + ZI Data)             15232 (  14.88kB)
    Total ROM Size (Code + RO Data + RW Data)      42632 (  41.63kB)

==============================================================================

