<html>
<body>
<pre>
<h1>µVision Build Log</h1>
<h2>Tool Versions:</h2>
IDE-Version: ¦ÌVision V5.16.0.0
Copyright (C) 2015 ARM Ltd and ARM Germany GmbH. All rights reserved.
License Information: 123 123, 123, LIC=NHY63-ANNS1-BVX1G-VVPAZ-D0AQX-3ANUU
 
Tool Versions:
Toolchain:       MDK-ARM Professional  Version: 5.16.0.0
Toolchain Path:  D:\TOOLS\MDK5\ARM\ARMCC\Bin
C Compiler:      Armcc.exe V5.06 (build 20)
Assembler:       Armasm.exe V5.06 (build 20)
Linker/Locator:  ArmLink.exe V5.06 (build 20)
Library Manager: ArmAr.exe V5.06 (build 20)
Hex Converter:   FromElf.exe V5.06 (build 20)
CPU DLL:         SARMCM3.DLL V5.16.0.0
Dialog DLL:      DARMSTM.DLL V1.65.0.0
Target DLL:      Segger\JL2CM3.dll V2.99.15.2
Dialog DLL:      TARMSTM.DLL V1.64.0.0
 
<h2>Project:</h2>
D:\OneDrive - stu.xidian.edu.cn\Keil5_STM32\stm32_fft_ver5.3\USER\ADC.uvprojx
Project File Date:  10/26/2021

<h2>Output:</h2>
*** Using Compiler 'V5.06 (build 20)', folder: 'D:\TOOLS\MDK5\ARM\ARMCC\Bin'
Rebuild target 'Target 1'
assembling startup_stm32f10x_hd.s...
compiling key.c...
compiling adc.c...
compiling usart.c...
compiling stm32f10x_gpio.c...
compiling delay.c...
compiling fft.c...
compiling led.c...
compiling dac.c...
compiling main.c...
compiling stm32f10x_rcc.c...
compiling core_cm3.c...
compiling sys.c...
compiling system_stm32f10x.c...
compiling stm32f10x_it.c...
assembling cr4_fft_64_stm32.s...
assembling cr4_fft_256_stm32.s...
assembling cr4_fft_1024_stm32.s...
compiling lcd.c...
compiling misc.c...
compiling stm32f10x_dac.c...
compiling stm32f10x_dma.c...
compiling stm32f10x_adc.c...
compiling stm32f10x_usart.c...
linking...
Program Size: Code=26436 RO-data=6500 RW-data=60 ZI-data=6124  
FromELF: creating hex file...
"..\OBJ\ADC.axf" - 0 Error(s), 0 Warning(s).

<h2>Collection of Component include folders:</h2>
  D:\OneDrive - stu.xidian.edu.cn\Keil5_STM32\stm32_fft_ver5.3\USER\RTE
  D:\TOOLS\MDK5\ARM\PACK\Keil\STM32F1xx_DFP\2.3.0\Device\Include

<h2>Collection of Component Files used:</h2>
Build Time Elapsed:  00:00:02
</pre>
</body>
</html>
