<html>
<body>
<pre>
<h1>µVision Build Log</h1>
<h2>Tool Versions:</h2>
IDE-Version: ¦ÌVision V5.16.0.0
Copyright (C) 2015 ARM Ltd and ARM Germany GmbH. All rights reserved.
License Information: 123 123, 123, LIC=50DRA-1WTET-KR8XM-XNYZG-1LV2D-9ECKF
 
Tool Versions:
Toolchain:       MDK-ARM Professional  Version: 5.16.0.0
Toolchain Path:  D:\TOOLS\MDK5\ARM\ARMCC\Bin
C Compiler:      Armcc.exe V5.06 (build 20)
Assembler:       Armasm.exe V5.06 (build 20)
Linker/Locator:  ArmLink.exe V5.06 (build 20)
Library Manager: ArmAr.exe V5.06 (build 20)
Hex Converter:   FromElf.exe V5.06 (build 20)
CPU DLL:         SARMCM3.DLL V5.16.0.0
Dialog DLL:      DARMSTM.DLL V1.65.0.0
Target DLL:      Segger\JL2CM3.dll V2.99.15.2
Dialog DLL:      TARMSTM.DLL V1.64.0.0
 
<h2>Project:</h2>
D:\OneDrive - stu.xidian.edu.cn\Keil5_STM32\stm32_fft_dsp_ver1.0\USER\ADC.uvprojx
Project File Date:  05/24/2021

<h2>Output:</h2>
*** Using Compiler 'V5.06 (build 20)', folder: 'D:\TOOLS\MDK5\ARM\ARMCC\Bin'
Rebuild target 'Target 1'
assembling startup_stm32f10x_hd.s...
compiling core_cm3.c...
compiling stm32f10x_gpio.c...
compiling fft.c...
compiling usart.c...
compiling OtherFunction.c...
compiling led.c...
compiling delay.c...
compiling stm32f10x_it.c...
compiling adc.c...
compiling system_stm32f10x.c...
compiling stm32f10x_usart.c...
compiling main.c...
compiling stm32f10x_rcc.c...
compiling sys.c...
assembling cr4_fft_1024_stm32.s...
assembling cr4_fft_64_stm32.s...
assembling cr4_fft_256_stm32.s...
compiling misc.c...
compiling lcd.c...
compiling stm32f10x_adc.c...
compiling stm32f10x_dma.c...
linking...
Program Size: Code=36108 RO-data=6468 RW-data=56 ZI-data=15176  
FromELF: creating hex file...
"..\OBJ\ADC.axf" - 0 Error(s), 0 Warning(s).

<h2>Collection of Component include folders:</h2>
  D:\OneDrive - stu.xidian.edu.cn\Keil5_STM32\stm32_fft_dsp_ver1.0\USER\RTE
  D:\TOOLS\MDK5\ARM\PACK\Keil\STM32F1xx_DFP\2.3.0\Device\Include

<h2>Collection of Component Files used:</h2>
Build Time Elapsed:  00:00:02
</pre>
</body>
</html>
